{"Time":"2026-09-06T17:26:40.214134+05:30","Action":"start","Package":"polymetrics.ai/cmd/connectorgen"}
{"Time":"2026-09-06T17:26:41.176152+05:30","Action":"run","Package":"polymetrics.ai/cmd/connectorgen","Test":"TestVNextPublicationProofContractRejectsOmittedGuarantee"}
{"Time":"2026-09-06T17:26:41.176233+05:30","Action":"output","Package":"polymetrics.ai/cmd/connectorgen","Test":"TestVNextPublicationProofContractRejectsOmittedGuarantee","Output":"=== RUN   TestVNextPublicationProofContractRejectsOmittedGuarantee\n"}
{"Time":"2026-09-06T17:26:41.176255+05:30","Action":"output","Package":"polymetrics.ai/cmd/connectorgen","Test":"TestVNextPublicationProofContractRejectsOmittedGuarantee","Output":"--- PASS: TestVNextPublicationProofContractRejectsOmittedGuarantee (0.00s)\n"}
{"Time":"2026-09-06T17:26:41.176278+05:30","Action":"pass","Package":"polymetrics.ai/cmd/connectorgen","Test":"TestVNextPublicationProofContractRejectsOmittedGuarantee","Elapsed":0}
{"Time":"2026-09-06T17:26:41.176287+05:30","Action":"run","Package":"polymetrics.ai/cmd/connectorgen","Test":"TestVNextPublicationProofContractRejectsCompoundMapping"}
{"Time":"2026-09-06T17:26:41.176291+05:30","Action":"output","Package":"polymetrics.ai/cmd/connectorgen","Test":"TestVNextPublicationProofContractRejectsCompoundMapping","Output":"=== RUN   TestVNextPublicationProofContractRejectsCompoundMapping\n"}
{"Time":"2026-09-06T17:26:41.176297+05:30","Action":"output","Package":"polymetrics.ai/cmd/connectorgen","Test":"TestVNextPublicationProofContractRejectsCompoundMapping","Output":"--- PASS: TestVNextPublicationProofContractRejectsCompoundMapping (0.00s)\n"}
{"Time":"2026-09-06T17:26:41.176302+05:30","Action":"pass","Package":"polymetrics.ai/cmd/connectorgen","Test":"TestVNextPublicationProofContractRejectsCompoundMapping","Elapsed":0}
{"Time":"2026-09-06T17:26:41.176306+05:30","Action":"run","Package":"polymetrics.ai/cmd/connectorgen","Test":"TestFoundationAtlasSelectorsResolve"}
{"Time":"2026-09-06T17:26:41.17631+05:30","Action":"output","Package":"polymetrics.ai/cmd/connectorgen","Test":"TestFoundationAtlasSelectorsResolve","Output":"=== RUN   TestFoundationAtlasSelectorsResolve\n"}
{"Time":"2026-09-06T17:26:41.177752+05:30","Action":"run","Package":"polymetrics.ai/cmd/connectorgen","Test":"TestFoundationAtlasSelectorsResolve/authoring.source-lock-vnext.v1"}
{"Time":"2026-09-06T17:26:41.177762+05:30","Action":"output","Package":"polymetrics.ai/cmd/connectorgen","Test":"TestFoundationAtlasSelectorsResolve/authoring.source-lock-vnext.v1","Output":"=== RUN   TestFoundationAtlasSelectorsResolve/authoring.source-lock-vnext.v1\n"}
{"Time":"2026-09-06T17:26:41.369565+05:30","Action":"output","Package":"polymetrics.ai/cmd/connectorgen","Test":"TestFoundationAtlasSelectorsResolve/authoring.source-lock-vnext.v1","Output":"--- PASS: TestFoundationAtlasSelectorsResolve/authoring.source-lock-vnext.v1 (0.19s)\n"}
{"Time":"2026-09-06T17:26:41.3696+05:30","Action":"pass","Package":"polymetrics.ai/cmd/connectorgen","Test":"TestFoundationAtlasSelectorsResolve/authoring.source-lock-vnext.v1","Elapsed":0.19}
{"Time":"2026-09-06T17:26:41.369613+05:30","Action":"run","Package":"polymetrics.ai/cmd/connectorgen","Test":"TestFoundationAtlasSelectorsResolve/definitions.bundle-loader.v1"}
{"Time":"2026-09-06T17:26:41.369622+05:30","Action":"output","Package":"polymetrics.ai/cmd/connectorgen","Test":"TestFoundationAtlasSelectorsResolve/definitions.bundle-loader.v1","Output":"=== RUN   TestFoundationAtlasSelectorsResolve/definitions.bundle-loader.v1\n"}
{"Time":"2026-09-06T17:26:41.392983+05:30","Action":"output","Package":"polymetrics.ai/cmd/connectorgen","Test":"TestFoundationAtlasSelectorsResolve/definitions.bundle-loader.v1","Output":"--- PASS: TestFoundationAtlasSelectorsResolve/definitions.bundle-loader.v1 (0.02s)\n"}
{"Time":"2026-09-06T17:26:41.392998+05:30","Action":"pass","Package":"polymetrics.ai/cmd/connectorgen","Test":"TestFoundationAtlasSelectorsResolve/definitions.bundle-loader.v1","Elapsed":0.02}
{"Time":"2026-09-06T17:26:41.393004+05:30","Action":"run","Package":"polymetrics.ai/cmd/connectorgen","Test":"TestFoundationAtlasSelectorsResolve/runtime.direct-execution.v1"}
{"Time":"2026-09-06T17:26:41.393027+05:30","Action":"output","Package":"polymetrics.ai/cmd/connectorgen","Test":"TestFoundationAtlasSelectorsResolve/runtime.direct-execution.v1","Output":"=== RUN   TestFoundationAtlasSelectorsResolve/runtime.direct-execution.v1\n"}
{"Time":"2026-09-06T17:26:41.440677+05:30","Action":"output","Package":"polymetrics.ai/cmd/connectorgen","Test":"TestFoundationAtlasSelectorsResolve/runtime.direct-execution.v1","Output":"--- PASS: TestFoundationAtlasSelectorsResolve/runtime.direct-execution.v1 (0.05s)\n"}
{"Time":"2026-09-06T17:26:41.440691+05:30","Action":"pass","Package":"polymetrics.ai/cmd/connectorgen","Test":"TestFoundationAtlasSelectorsResolve/runtime.direct-execution.v1","Elapsed":0.05}
{"Time":"2026-09-06T17:26:41.440696+05:30","Action":"run","Package":"polymetrics.ai/cmd/connectorgen","Test":"TestFoundationAtlasSelectorsResolve/runtime.cartesian-config-fanout.v1"}
{"Time":"2026-09-06T17:26:41.440699+05:30","Action":"output","Package":"polymetrics.ai/cmd/connectorgen","Test":"TestFoundationAtlasSelectorsResolve/runtime.cartesian-config-fanout.v1","Output":"=== RUN   TestFoundationAtlasSelectorsResolve/runtime.cartesian-config-fanout.v1\n"}
{"Time":"2026-09-06T17:26:41.45144+05:30","Action":"output","Package":"polymetrics.ai/cmd/connectorgen","Test":"TestFoundationAtlasSelectorsResolve/runtime.cartesian-config-fanout.v1","Output":"--- PASS: TestFoundationAtlasSelectorsResolve/runtime.cartesian-config-fanout.v1 (0.01s)\n"}
{"Time":"2026-09-06T17:26:41.451453+05:30","Action":"pass","Package":"polymetrics.ai/cmd/connectorgen","Test":"TestFoundationAtlasSelectorsResolve/runtime.cartesian-config-fanout.v1","Elapsed":0.01}
{"Time":"2026-09-06T17:26:41.451458+05:30","Action":"run","Package":"polymetrics.ai/cmd/connectorgen","Test":"TestFoundationAtlasSelectorsResolve/runtime.per-stream-headers.v1"}
{"Time":"2026-09-06T17:26:41.451463+05:30","Action":"output","Package":"polymetrics.ai/cmd/connectorgen","Test":"TestFoundationAtlasSelectorsResolve/runtime.per-stream-headers.v1","Output":"=== RUN   TestFoundationAtlasSelectorsResolve/runtime.per-stream-headers.v1\n"}
{"Time":"2026-09-06T17:26:41.463688+05:30","Action":"output","Package":"polymetrics.ai/cmd/connectorgen","Test":"TestFoundationAtlasSelectorsResolve/runtime.per-stream-headers.v1","Output":"--- PASS: TestFoundationAtlasSelectorsResolve/runtime.per-stream-headers.v1 (0.01s)\n"}
{"Time":"2026-09-06T17:26:41.463698+05:30","Action":"pass","Package":"polymetrics.ai/cmd/connectorgen","Test":"TestFoundationAtlasSelectorsResolve/runtime.per-stream-headers.v1","Elapsed":0.01}
{"Time":"2026-09-06T17:26:41.463702+05:30","Action":"run","Package":"polymetrics.ai/cmd/connectorgen","Test":"TestFoundationAtlasSelectorsResolve/runtime.declared-password-token.v1"}
{"Time":"2026-09-06T17:26:41.463705+05:30","Action":"output","Package":"polymetrics.ai/cmd/connectorgen","Test":"TestFoundationAtlasSelectorsResolve/runtime.declared-password-token.v1","Output":"=== RUN   TestFoundationAtlasSelectorsResolve/runtime.declared-password-token.v1\n"}
{"Time":"2026-09-06T17:26:41.466193+05:30","Action":"output","Package":"polymetrics.ai/cmd/connectorgen","Test":"TestFoundationAtlasSelectorsResolve/runtime.declared-password-token.v1","Output":"--- PASS: TestFoundationAtlasSelectorsResolve/runtime.declared-password-token.v1 (0.00s)\n"}
{"Time":"2026-09-06T17:26:41.466201+05:30","Action":"pass","Package":"polymetrics.ai/cmd/connectorgen","Test":"TestFoundationAtlasSelectorsResolve/runtime.declared-password-token.v1","Elapsed":0}
{"Time":"2026-09-06T17:26:41.466205+05:30","Action":"run","Package":"polymetrics.ai/cmd/connectorgen","Test":"TestFoundationAtlasSelectorsResolve/runtime.date-window-fanout.v1"}
{"Time":"2026-09-06T17:26:41.466208+05:30","Action":"output","Package":"polymetrics.ai/cmd/connectorgen","Test":"TestFoundationAtlasSelectorsResolve/runtime.date-window-fanout.v1","Output":"=== RUN   TestFoundationAtlasSelectorsResolve/runtime.date-window-fanout.v1\n"}
{"Time":"2026-09-06T17:26:41.477029+05:30","Action":"output","Package":"polymetrics.ai/cmd/connectorgen","Test":"TestFoundationAtlasSelectorsResolve/runtime.date-window-fanout.v1","Output":"--- PASS: TestFoundationAtlasSelectorsResolve/runtime.date-window-fanout.v1 (0.01s)\n"}
{"Time":"2026-09-06T17:26:41.477051+05:30","Action":"pass","Package":"polymetrics.ai/cmd/connectorgen","Test":"TestFoundationAtlasSelectorsResolve/runtime.date-window-fanout.v1","Elapsed":0.01}
{"Time":"2026-09-06T17:26:41.477056+05:30","Action":"run","Package":"polymetrics.ai/cmd/connectorgen","Test":"TestFoundationAtlasSelectorsResolve/runtime.response-header-projection.v1"}
{"Time":"2026-09-06T17:26:41.47706+05:30","Action":"output","Package":"polymetrics.ai/cmd/connectorgen","Test":"TestFoundationAtlasSelectorsResolve/runtime.response-header-projection.v1","Output":"=== RUN   TestFoundationAtlasSelectorsResolve/runtime.response-header-projection.v1\n"}
{"Time":"2026-09-06T17:26:41.489463+05:30","Action":"output","Package":"polymetrics.ai/cmd/connectorgen","Test":"TestFoundationAtlasSelectorsResolve/runtime.response-header-projection.v1","Output":"--- PASS: TestFoundationAtlasSelectorsResolve/runtime.response-header-projection.v1 (0.01s)\n"}
{"Time":"2026-09-06T17:26:41.489476+05:30","Action":"pass","Package":"polymetrics.ai/cmd/connectorgen","Test":"TestFoundationAtlasSelectorsResolve/runtime.response-header-projection.v1","Elapsed":0.01}
{"Time":"2026-09-06T17:26:41.48948+05:30","Action":"run","Package":"polymetrics.ai/cmd/connectorgen","Test":"TestFoundationAtlasSelectorsResolve/runtime.provider-extension-seams.v1"}
{"Time":"2026-09-06T17:26:41.489483+05:30","Action":"output","Package":"polymetrics.ai/cmd/connectorgen","Test":"TestFoundationAtlasSelectorsResolve/runtime.provider-extension-seams.v1","Output":"=== RUN   TestFoundationAtlasSelectorsResolve/runtime.provider-extension-seams.v1\n"}
{"Time":"2026-09-06T17:26:41.493582+05:30","Action":"output","Package":"polymetrics.ai/cmd/connectorgen","Test":"TestFoundationAtlasSelectorsResolve/runtime.provider-extension-seams.v1","Output":"--- PASS: TestFoundationAtlasSelectorsResolve/runtime.provider-extension-seams.v1 (0.00s)\n"}
{"Time":"2026-09-06T17:26:41.493591+05:30","Action":"pass","Package":"polymetrics.ai/cmd/connectorgen","Test":"TestFoundationAtlasSelectorsResolve/runtime.provider-extension-seams.v1","Elapsed":0}
{"Time":"2026-09-06T17:26:41.493599+05:30","Action":"run","Package":"polymetrics.ai/cmd/connectorgen","Test":"TestFoundationAtlasSelectorsResolve/transport.sync-contract.v1"}
{"Time":"2026-09-06T17:26:41.493603+05:30","Action":"output","Package":"polymetrics.ai/cmd/connectorgen","Test":"TestFoundationAtlasSelectorsResolve/transport.sync-contract.v1","Output":"=== RUN   TestFoundationAtlasSelectorsResolve/transport.sync-contract.v1\n"}
{"Time":"2026-09-06T17:26:41.506345+05:30","Action":"output","Package":"polymetrics.ai/cmd/connectorgen","Test":"TestFoundationAtlasSelectorsResolve/transport.sync-contract.v1","Output":"--- PASS: TestFoundationAtlasSelectorsResolve/transport.sync-contract.v1 (0.01s)\n"}
{"Time":"2026-09-06T17:26:41.506353+05:30","Action":"pass","Package":"polymetrics.ai/cmd/connectorgen","Test":"TestFoundationAtlasSelectorsResolve/transport.sync-contract.v1","Elapsed":0.01}
{"Time":"2026-09-06T17:26:41.506357+05:30","Action":"run","Package":"polymetrics.ai/cmd/connectorgen","Test":"TestFoundationAtlasSelectorsResolve/warehouse.stage-etl.v1"}
{"Time":"2026-09-06T17:26:41.506361+05:30","Action":"output","Package":"polymetrics.ai/cmd/connectorgen","Test":"TestFoundationAtlasSelectorsResolve/warehouse.stage-etl.v1","Output":"=== RUN   TestFoundationAtlasSelectorsResolve/warehouse.stage-etl.v1\n"}
{"Time":"2026-09-06T17:26:41.518142+05:30","Action":"output","Package":"polymetrics.ai/cmd/connectorgen","Test":"TestFoundationAtlasSelectorsResolve/warehouse.stage-etl.v1","Output":"--- PASS: TestFoundationAtlasSelectorsResolve/warehouse.stage-etl.v1 (0.01s)\n"}
{"Time":"2026-09-06T17:26:41.518148+05:30","Action":"pass","Package":"polymetrics.ai/cmd/connectorgen","Test":"TestFoundationAtlasSelectorsResolve/warehouse.stage-etl.v1","Elapsed":0.01}
{"Time":"2026-09-06T17:26:41.51816+05:30","Action":"run","Package":"polymetrics.ai/cmd/connectorgen","Test":"TestFoundationAtlasSelectorsResolve/warehouse.reverse-etl.v1"}
{"Time":"2026-09-06T17:26:41.518163+05:30","Action":"output","Package":"polymetrics.ai/cmd/connectorgen","Test":"TestFoundationAtlasSelectorsResolve/warehouse.reverse-etl.v1","Output":"=== RUN   TestFoundationAtlasSelectorsResolve/warehouse.reverse-etl.v1\n"}
{"Time":"2026-09-06T17:26:41.531945+05:30","Action":"output","Package":"polymetrics.ai/cmd/connectorgen","Test":"TestFoundationAtlasSelectorsResolve/warehouse.reverse-etl.v1","Output":"--- PASS: TestFoundationAtlasSelectorsResolve/warehouse.reverse-etl.v1 (0.01s)\n"}
{"Time":"2026-09-06T17:26:41.531959+05:30","Action":"pass","Package":"polymetrics.ai/cmd/connectorgen","Test":"TestFoundationAtlasSelectorsResolve/warehouse.reverse-etl.v1","Elapsed":0.01}
{"Time":"2026-09-06T17:26:41.531963+05:30","Action":"run","Package":"polymetrics.ai/cmd/connectorgen","Test":"TestFoundationAtlasSelectorsResolve/orchestration.flow-schedule.v1"}
{"Time":"2026-09-06T17:26:41.531966+05:30","Action":"output","Package":"polymetrics.ai/cmd/connectorgen","Test":"TestFoundationAtlasSelectorsResolve/orchestration.flow-schedule.v1","Output":"=== RUN   TestFoundationAtlasSelectorsResolve/orchestration.flow-schedule.v1\n"}
{"Time":"2026-09-06T17:26:41.534739+05:30","Action":"output","Package":"polymetrics.ai/cmd/connectorgen","Test":"TestFoundationAtlasSelectorsResolve/orchestration.flow-schedule.v1","Output":"--- PASS: TestFoundationAtlasSelectorsResolve/orchestration.flow-schedule.v1 (0.00s)\n"}
{"Time":"2026-09-06T17:26:41.53475+05:30","Action":"pass","Package":"polymetrics.ai/cmd/connectorgen","Test":"TestFoundationAtlasSelectorsResolve/orchestration.flow-schedule.v1","Elapsed":0}
{"Time":"2026-09-06T17:26:41.534755+05:30","Action":"run","Package":"polymetrics.ai/cmd/connectorgen","Test":"TestFoundationAtlasSelectorsResolve/runtime.tenant-origin.v1"}
{"Time":"2026-09-06T17:26:41.534758+05:30","Action":"output","Package":"polymetrics.ai/cmd/connectorgen","Test":"TestFoundationAtlasSelectorsResolve/runtime.tenant-origin.v1","Output":"=== RUN   TestFoundationAtlasSelectorsResolve/runtime.tenant-origin.v1\n"}
{"Time":"2026-09-06T17:26:41.538606+05:30","Action":"output","Package":"polymetrics.ai/cmd/connectorgen","Test":"TestFoundationAtlasSelectorsResolve/runtime.tenant-origin.v1","Output":"--- PASS: TestFoundationAtlasSelectorsResolve/runtime.tenant-origin.v1 (0.00s)\n"}
{"Time":"2026-09-06T17:26:41.538612+05:30","Action":"pass","Package":"polymetrics.ai/cmd/connectorgen","Test":"TestFoundationAtlasSelectorsResolve/runtime.tenant-origin.v1","Elapsed":0}
{"Time":"2026-09-06T17:26:41.538616+05:30","Action":"run","Package":"polymetrics.ai/cmd/connectorgen","Test":"TestFoundationAtlasSelectorsResolve/runtime.declared-session.v1"}
{"Time":"2026-09-06T17:26:41.538618+05:30","Action":"output","Package":"polymetrics.ai/cmd/connectorgen","Test":"TestFoundationAtlasSelectorsResolve/runtime.declared-session.v1","Output":"=== RUN   TestFoundationAtlasSelectorsResolve/runtime.declared-session.v1\n"}
{"Time":"2026-09-06T17:26:41.540997+05:30","Action":"output","Package":"polymetrics.ai/cmd/connectorgen","Test":"TestFoundationAtlasSelectorsResolve/runtime.declared-session.v1","Output":"--- PASS: TestFoundationAtlasSelectorsResolve/runtime.declared-session.v1 (0.00s)\n"}
{"Time":"2026-09-06T17:26:41.54101+05:30","Action":"pass","Package":"polymetrics.ai/cmd/connectorgen","Test":"TestFoundationAtlasSelectorsResolve/runtime.declared-session.v1","Elapsed":0}
{"Time":"2026-09-06T17:26:41.541014+05:30","Action":"run","Package":"polymetrics.ai/cmd/connectorgen","Test":"TestFoundationAtlasSelectorsResolve/runtime.array-zip-projection.v1"}
{"Time":"2026-09-06T17:26:41.541018+05:30","Action":"output","Package":"polymetrics.ai/cmd/connectorgen","Test":"TestFoundationAtlasSelectorsResolve/runtime.array-zip-projection.v1","Output":"=== RUN   TestFoundationAtlasSelectorsResolve/runtime.array-zip-projection.v1\n"}
{"Time":"2026-09-06T17:26:41.548908+05:30","Action":"output","Package":"polymetrics.ai/cmd/connectorgen","Test":"TestFoundationAtlasSelectorsResolve/runtime.array-zip-projection.v1","Output":"--- PASS: TestFoundationAtlasSelectorsResolve/runtime.array-zip-projection.v1 (0.01s)\n"}
{"Time":"2026-09-06T17:26:41.548915+05:30","Action":"pass","Package":"polymetrics.ai/cmd/connectorgen","Test":"TestFoundationAtlasSelectorsResolve/runtime.array-zip-projection.v1","Elapsed":0.01}
{"Time":"2026-09-06T17:26:41.548918+05:30","Action":"run","Package":"polymetrics.ai/cmd/connectorgen","Test":"TestFoundationAtlasSelectorsResolve/runtime.declared-response-error.v1"}
{"Time":"2026-09-06T17:26:41.548921+05:30","Action":"output","Package":"polymetrics.ai/cmd/connectorgen","Test":"TestFoundationAtlasSelectorsResolve/runtime.declared-response-error.v1","Output":"=== RUN   TestFoundationAtlasSelectorsResolve/runtime.declared-response-error.v1\n"}
{"Time":"2026-09-06T17:26:41.556609+05:30","Action":"output","Package":"polymetrics.ai/cmd/connectorgen","Test":"TestFoundationAtlasSelectorsResolve/runtime.declared-response-error.v1","Output":"--- PASS: TestFoundationAtlasSelectorsResolve/runtime.declared-response-error.v1 (0.01s)\n"}
{"Time":"2026-09-06T17:26:41.556615+05:30","Action":"pass","Package":"polymetrics.ai/cmd/connectorgen","Test":"TestFoundationAtlasSelectorsResolve/runtime.declared-response-error.v1","Elapsed":0.01}
{"Time":"2026-09-06T17:26:41.556618+05:30","Action":"run","Package":"polymetrics.ai/cmd/connectorgen","Test":"TestFoundationAtlasSelectorsResolve/runtime.offset-count-pagination.v1"}
{"Time":"2026-09-06T17:26:41.556621+05:30","Action":"output","Package":"polymetrics.ai/cmd/connectorgen","Test":"TestFoundationAtlasSelectorsResolve/runtime.offset-count-pagination.v1","Output":"=== RUN   TestFoundationAtlasSelectorsResolve/runtime.offset-count-pagination.v1\n"}
{"Time":"2026-09-06T17:26:41.559186+05:30","Action":"output","Package":"polymetrics.ai/cmd/connectorgen","Test":"TestFoundationAtlasSelectorsResolve/runtime.offset-count-pagination.v1","Output":"--- PASS: TestFoundationAtlasSelectorsResolve/runtime.offset-count-pagination.v1 (0.00s)\n"}
{"Time":"2026-09-06T17:26:41.559191+05:30","Action":"pass","Package":"polymetrics.ai/cmd/connectorgen","Test":"TestFoundationAtlasSelectorsResolve/runtime.offset-count-pagination.v1","Elapsed":0}
{"Time":"2026-09-06T17:26:41.559195+05:30","Action":"run","Package":"polymetrics.ai/cmd/connectorgen","Test":"TestFoundationAtlasSelectorsResolve/runtime.declared-aws-sigv4.v1"}
{"Time":"2026-09-06T17:26:41.559198+05:30","Action":"output","Package":"polymetrics.ai/cmd/connectorgen","Test":"TestFoundationAtlasSelectorsResolve/runtime.declared-aws-sigv4.v1","Output":"=== RUN   TestFoundationAtlasSelectorsResolve/runtime.declared-aws-sigv4.v1\n"}
{"Time":"2026-09-06T17:26:41.561626+05:30","Action":"output","Package":"polymetrics.ai/cmd/connectorgen","Test":"TestFoundationAtlasSelectorsResolve/runtime.declared-aws-sigv4.v1","Output":"--- PASS: TestFoundationAtlasSelectorsResolve/runtime.declared-aws-sigv4.v1 (0.00s)\n"}
{"Time":"2026-09-06T17:26:41.561631+05:30","Action":"pass","Package":"polymetrics.ai/cmd/connectorgen","Test":"TestFoundationAtlasSelectorsResolve/runtime.declared-aws-sigv4.v1","Elapsed":0}
{"Time":"2026-09-06T17:26:41.561634+05:30","Action":"output","Package":"polymetrics.ai/cmd/connectorgen","Test":"TestFoundationAtlasSelectorsResolve","Output":"--- PASS: TestFoundationAtlasSelectorsResolve (0.39s)\n"}
{"Time":"2026-09-06T17:26:41.561637+05:30","Action":"pass","Package":"polymetrics.ai/cmd/connectorgen","Test":"TestFoundationAtlasSelectorsResolve","Elapsed":0.39}
{"Time":"2026-09-06T17:26:41.561708+05:30","Action":"output","Package":"polymetrics.ai/cmd/connectorgen","Output":"PASS\n"}
{"Time":"2026-09-06T17:26:41.562443+05:30","Action":"output","Package":"polymetrics.ai/cmd/connectorgen","Output":"ok  \tpolymetrics.ai/cmd/connectorgen\t1.348s\n"}
{"Time":"2026-09-06T17:26:41.56246+05:30","Action":"pass","Package":"polymetrics.ai/cmd/connectorgen","Elapsed":1.3479999999999999}
