{"Time":"2026-09-06T17:26:44.33032+05:30","Action":"start","Package":"polymetrics.ai/cmd/connectorgen"}
{"Time":"2026-09-06T17:26:45.260714+05:30","Action":"run","Package":"polymetrics.ai/cmd/connectorgen","Test":"TestVNextPublicationUnheldDurableRowsRetainEmptyLeaseReplacementB"}
{"Time":"2026-09-06T17:26:45.260832+05:30","Action":"output","Package":"polymetrics.ai/cmd/connectorgen","Test":"TestVNextPublicationUnheldDurableRowsRetainEmptyLeaseReplacementB","Output":"=== RUN   TestVNextPublicationUnheldDurableRowsRetainEmptyLeaseReplacementB\n"}
{"Time":"2026-09-06T17:26:45.260865+05:30","Action":"run","Package":"polymetrics.ai/cmd/connectorgen","Test":"TestVNextPublicationUnheldDurableRowsRetainEmptyLeaseReplacementB/explicit-prune"}
{"Time":"2026-09-06T17:26:45.260876+05:30","Action":"output","Package":"polymetrics.ai/cmd/connectorgen","Test":"TestVNextPublicationUnheldDurableRowsRetainEmptyLeaseReplacementB/explicit-prune","Output":"=== RUN   TestVNextPublicationUnheldDurableRowsRetainEmptyLeaseReplacementB/explicit-prune\n"}
{"Time":"2026-09-06T17:26:46.346795+05:30","Action":"output","Package":"polymetrics.ai/cmd/connectorgen","Test":"TestVNextPublicationUnheldDurableRowsRetainEmptyLeaseReplacementB/explicit-prune","Output":"--- PASS: TestVNextPublicationUnheldDurableRowsRetainEmptyLeaseReplacementB/explicit-prune (1.09s)\n"}
{"Time":"2026-09-06T17:26:46.346823+05:30","Action":"pass","Package":"polymetrics.ai/cmd/connectorgen","Test":"TestVNextPublicationUnheldDurableRowsRetainEmptyLeaseReplacementB/explicit-prune","Elapsed":1.09}
{"Time":"2026-09-06T17:26:46.346848+05:30","Action":"run","Package":"polymetrics.ai/cmd/connectorgen","Test":"TestVNextPublicationUnheldDurableRowsRetainEmptyLeaseReplacementB/no-journal-recover"}
{"Time":"2026-09-06T17:26:46.346853+05:30","Action":"output","Package":"polymetrics.ai/cmd/connectorgen","Test":"TestVNextPublicationUnheldDurableRowsRetainEmptyLeaseReplacementB/no-journal-recover","Output":"=== RUN   TestVNextPublicationUnheldDurableRowsRetainEmptyLeaseReplacementB/no-journal-recover\n"}
{"Time":"2026-09-06T17:26:47.185839+05:30","Action":"output","Package":"polymetrics.ai/cmd/connectorgen","Test":"TestVNextPublicationUnheldDurableRowsRetainEmptyLeaseReplacementB/no-journal-recover","Output":"--- PASS: TestVNextPublicationUnheldDurableRowsRetainEmptyLeaseReplacementB/no-journal-recover (0.84s)\n"}
{"Time":"2026-09-06T17:26:47.185868+05:30","Action":"pass","Package":"polymetrics.ai/cmd/connectorgen","Test":"TestVNextPublicationUnheldDurableRowsRetainEmptyLeaseReplacementB/no-journal-recover","Elapsed":0.84}
{"Time":"2026-09-06T17:26:47.185885+05:30","Action":"run","Package":"polymetrics.ai/cmd/connectorgen","Test":"TestVNextPublicationUnheldDurableRowsRetainEmptyLeaseReplacementB/publish-initial-recovery"}
{"Time":"2026-09-06T17:26:47.18589+05:30","Action":"output","Package":"polymetrics.ai/cmd/connectorgen","Test":"TestVNextPublicationUnheldDurableRowsRetainEmptyLeaseReplacementB/publish-initial-recovery","Output":"=== RUN   TestVNextPublicationUnheldDurableRowsRetainEmptyLeaseReplacementB/publish-initial-recovery\n"}
{"Time":"2026-09-06T17:26:48.043294+05:30","Action":"output","Package":"polymetrics.ai/cmd/connectorgen","Test":"TestVNextPublicationUnheldDurableRowsRetainEmptyLeaseReplacementB/publish-initial-recovery","Output":"--- PASS: TestVNextPublicationUnheldDurableRowsRetainEmptyLeaseReplacementB/publish-initial-recovery (0.86s)\n"}
{"Time":"2026-09-06T17:26:48.04333+05:30","Action":"pass","Package":"polymetrics.ai/cmd/connectorgen","Test":"TestVNextPublicationUnheldDurableRowsRetainEmptyLeaseReplacementB/publish-initial-recovery","Elapsed":0.86}
{"Time":"2026-09-06T17:26:48.043337+05:30","Action":"run","Package":"polymetrics.ai/cmd/connectorgen","Test":"TestVNextPublicationUnheldDurableRowsRetainEmptyLeaseReplacementB/open-transitive-recovery"}
{"Time":"2026-09-06T17:26:48.043347+05:30","Action":"output","Package":"polymetrics.ai/cmd/connectorgen","Test":"TestVNextPublicationUnheldDurableRowsRetainEmptyLeaseReplacementB/open-transitive-recovery","Output":"=== RUN   TestVNextPublicationUnheldDurableRowsRetainEmptyLeaseReplacementB/open-transitive-recovery\n"}
{"Time":"2026-09-06T17:26:48.840741+05:30","Action":"output","Package":"polymetrics.ai/cmd/connectorgen","Test":"TestVNextPublicationUnheldDurableRowsRetainEmptyLeaseReplacementB/open-transitive-recovery","Output":"--- PASS: TestVNextPublicationUnheldDurableRowsRetainEmptyLeaseReplacementB/open-transitive-recovery (0.80s)\n"}
{"Time":"2026-09-06T17:26:48.840764+05:30","Action":"pass","Package":"polymetrics.ai/cmd/connectorgen","Test":"TestVNextPublicationUnheldDurableRowsRetainEmptyLeaseReplacementB/open-transitive-recovery","Elapsed":0.8}
{"Time":"2026-09-06T17:26:48.84077+05:30","Action":"run","Package":"polymetrics.ai/cmd/connectorgen","Test":"TestVNextPublicationUnheldDurableRowsRetainEmptyLeaseReplacementB/prepared-new-selected-recover"}
{"Time":"2026-09-06T17:26:48.840774+05:30","Action":"output","Package":"polymetrics.ai/cmd/connectorgen","Test":"TestVNextPublicationUnheldDurableRowsRetainEmptyLeaseReplacementB/prepared-new-selected-recover","Output":"=== RUN   TestVNextPublicationUnheldDurableRowsRetainEmptyLeaseReplacementB/prepared-new-selected-recover\n"}
{"Time":"2026-09-06T17:26:49.52279+05:30","Action":"output","Package":"polymetrics.ai/cmd/connectorgen","Test":"TestVNextPublicationUnheldDurableRowsRetainEmptyLeaseReplacementB/prepared-new-selected-recover","Output":"--- PASS: TestVNextPublicationUnheldDurableRowsRetainEmptyLeaseReplacementB/prepared-new-selected-recover (0.68s)\n"}
{"Time":"2026-09-06T17:26:49.522832+05:30","Action":"pass","Package":"polymetrics.ai/cmd/connectorgen","Test":"TestVNextPublicationUnheldDurableRowsRetainEmptyLeaseReplacementB/prepared-new-selected-recover","Elapsed":0.68}
{"Time":"2026-09-06T17:26:49.52284+05:30","Action":"run","Package":"polymetrics.ai/cmd/connectorgen","Test":"TestVNextPublicationUnheldDurableRowsRetainEmptyLeaseReplacementB/committed-new-selected-recover"}
{"Time":"2026-09-06T17:26:49.522844+05:30","Action":"output","Package":"polymetrics.ai/cmd/connectorgen","Test":"TestVNextPublicationUnheldDurableRowsRetainEmptyLeaseReplacementB/committed-new-selected-recover","Output":"=== RUN   TestVNextPublicationUnheldDurableRowsRetainEmptyLeaseReplacementB/committed-new-selected-recover\n"}
{"Time":"2026-09-06T17:26:50.305391+05:30","Action":"output","Package":"polymetrics.ai/cmd/connectorgen","Test":"TestVNextPublicationUnheldDurableRowsRetainEmptyLeaseReplacementB/committed-new-selected-recover","Output":"--- PASS: TestVNextPublicationUnheldDurableRowsRetainEmptyLeaseReplacementB/committed-new-selected-recover (0.78s)\n"}
{"Time":"2026-09-06T17:26:50.305411+05:30","Action":"pass","Package":"polymetrics.ai/cmd/connectorgen","Test":"TestVNextPublicationUnheldDurableRowsRetainEmptyLeaseReplacementB/committed-new-selected-recover","Elapsed":0.78}
{"Time":"2026-09-06T17:26:50.305417+05:30","Action":"run","Package":"polymetrics.ai/cmd/connectorgen","Test":"TestVNextPublicationUnheldDurableRowsRetainEmptyLeaseReplacementB/successful-publish-final-prune"}
{"Time":"2026-09-06T17:26:50.305421+05:30","Action":"output","Package":"polymetrics.ai/cmd/connectorgen","Test":"TestVNextPublicationUnheldDurableRowsRetainEmptyLeaseReplacementB/successful-publish-final-prune","Output":"=== RUN   TestVNextPublicationUnheldDurableRowsRetainEmptyLeaseReplacementB/successful-publish-final-prune\n"}
{"Time":"2026-09-06T17:26:51.023263+05:30","Action":"output","Package":"polymetrics.ai/cmd/connectorgen","Test":"TestVNextPublicationUnheldDurableRowsRetainEmptyLeaseReplacementB/successful-publish-final-prune","Output":"--- PASS: TestVNextPublicationUnheldDurableRowsRetainEmptyLeaseReplacementB/successful-publish-final-prune (0.72s)\n"}
{"Time":"2026-09-06T17:26:51.023295+05:30","Action":"pass","Package":"polymetrics.ai/cmd/connectorgen","Test":"TestVNextPublicationUnheldDurableRowsRetainEmptyLeaseReplacementB/successful-publish-final-prune","Elapsed":0.72}
{"Time":"2026-09-06T17:26:51.023302+05:30","Action":"output","Package":"polymetrics.ai/cmd/connectorgen","Test":"TestVNextPublicationUnheldDurableRowsRetainEmptyLeaseReplacementB","Output":"--- PASS: TestVNextPublicationUnheldDurableRowsRetainEmptyLeaseReplacementB (5.76s)\n"}
{"Time":"2026-09-06T17:26:51.023313+05:30","Action":"pass","Package":"polymetrics.ai/cmd/connectorgen","Test":"TestVNextPublicationUnheldDurableRowsRetainEmptyLeaseReplacementB","Elapsed":5.76}
{"Time":"2026-09-06T17:26:51.023318+05:30","Action":"run","Package":"polymetrics.ai/cmd/connectorgen","Test":"TestVNextPublicationCommittedJournalNewSelectedRecoveryRejectsLateLeaseReplacement"}
{"Time":"2026-09-06T17:26:51.023321+05:30","Action":"output","Package":"polymetrics.ai/cmd/connectorgen","Test":"TestVNextPublicationCommittedJournalNewSelectedRecoveryRejectsLateLeaseReplacement","Output":"=== RUN   TestVNextPublicationCommittedJournalNewSelectedRecoveryRejectsLateLeaseReplacement\n"}
{"Time":"2026-09-06T17:26:51.780514+05:30","Action":"output","Package":"polymetrics.ai/cmd/connectorgen","Test":"TestVNextPublicationCommittedJournalNewSelectedRecoveryRejectsLateLeaseReplacement","Output":"--- PASS: TestVNextPublicationCommittedJournalNewSelectedRecoveryRejectsLateLeaseReplacement (0.76s)\n"}
{"Time":"2026-09-06T17:26:51.780541+05:30","Action":"pass","Package":"polymetrics.ai/cmd/connectorgen","Test":"TestVNextPublicationCommittedJournalNewSelectedRecoveryRejectsLateLeaseReplacement","Elapsed":0.76}
{"Time":"2026-09-06T17:26:51.780551+05:30","Action":"run","Package":"polymetrics.ai/cmd/connectorgen","Test":"TestVNextPublicationSuccessfulPublishFinalPruneRejectsLateLeaseReplacement"}
{"Time":"2026-09-06T17:26:51.780554+05:30","Action":"output","Package":"polymetrics.ai/cmd/connectorgen","Test":"TestVNextPublicationSuccessfulPublishFinalPruneRejectsLateLeaseReplacement","Output":"=== RUN   TestVNextPublicationSuccessfulPublishFinalPruneRejectsLateLeaseReplacement\n"}
{"Time":"2026-09-06T17:26:52.535516+05:30","Action":"output","Package":"polymetrics.ai/cmd/connectorgen","Test":"TestVNextPublicationSuccessfulPublishFinalPruneRejectsLateLeaseReplacement","Output":"--- PASS: TestVNextPublicationSuccessfulPublishFinalPruneRejectsLateLeaseReplacement (0.75s)\n"}
{"Time":"2026-09-06T17:26:52.535542+05:30","Action":"pass","Package":"polymetrics.ai/cmd/connectorgen","Test":"TestVNextPublicationSuccessfulPublishFinalPruneRejectsLateLeaseReplacement","Elapsed":0.75}
{"Time":"2026-09-06T17:26:52.535549+05:30","Action":"run","Package":"polymetrics.ai/cmd/connectorgen","Test":"TestVNextPublicationFreshRejectedNewRecoveryRejectsLateLeaseReplacement"}
{"Time":"2026-09-06T17:26:52.535553+05:30","Action":"output","Package":"polymetrics.ai/cmd/connectorgen","Test":"TestVNextPublicationFreshRejectedNewRecoveryRejectsLateLeaseReplacement","Output":"=== RUN   TestVNextPublicationFreshRejectedNewRecoveryRejectsLateLeaseReplacement\n"}
{"Time":"2026-09-06T17:26:52.535558+05:30","Action":"run","Package":"polymetrics.ai/cmd/connectorgen","Test":"TestVNextPublicationFreshRejectedNewRecoveryRejectsLateLeaseReplacement/empty-B"}
{"Time":"2026-09-06T17:26:52.53556+05:30","Action":"output","Package":"polymetrics.ai/cmd/connectorgen","Test":"TestVNextPublicationFreshRejectedNewRecoveryRejectsLateLeaseReplacement/empty-B","Output":"=== RUN   TestVNextPublicationFreshRejectedNewRecoveryRejectsLateLeaseReplacement/empty-B\n"}
{"Time":"2026-09-06T17:26:53.128341+05:30","Action":"output","Package":"polymetrics.ai/cmd/connectorgen","Test":"TestVNextPublicationFreshRejectedNewRecoveryRejectsLateLeaseReplacement/empty-B","Output":"--- PASS: TestVNextPublicationFreshRejectedNewRecoveryRejectsLateLeaseReplacement/empty-B (0.59s)\n"}
{"Time":"2026-09-06T17:26:53.128369+05:30","Action":"pass","Package":"polymetrics.ai/cmd/connectorgen","Test":"TestVNextPublicationFreshRejectedNewRecoveryRejectsLateLeaseReplacement/empty-B","Elapsed":0.59}
{"Time":"2026-09-06T17:26:53.128377+05:30","Action":"run","Package":"polymetrics.ai/cmd/connectorgen","Test":"TestVNextPublicationFreshRejectedNewRecoveryRejectsLateLeaseReplacement/nonempty-B"}
{"Time":"2026-09-06T17:26:53.128381+05:30","Action":"output","Package":"polymetrics.ai/cmd/connectorgen","Test":"TestVNextPublicationFreshRejectedNewRecoveryRejectsLateLeaseReplacement/nonempty-B","Output":"=== RUN   TestVNextPublicationFreshRejectedNewRecoveryRejectsLateLeaseReplacement/nonempty-B\n"}
{"Time":"2026-09-06T17:26:53.71641+05:30","Action":"output","Package":"polymetrics.ai/cmd/connectorgen","Test":"TestVNextPublicationFreshRejectedNewRecoveryRejectsLateLeaseReplacement/nonempty-B","Output":"--- PASS: TestVNextPublicationFreshRejectedNewRecoveryRejectsLateLeaseReplacement/nonempty-B (0.59s)\n"}
{"Time":"2026-09-06T17:26:53.716435+05:30","Action":"pass","Package":"polymetrics.ai/cmd/connectorgen","Test":"TestVNextPublicationFreshRejectedNewRecoveryRejectsLateLeaseReplacement/nonempty-B","Elapsed":0.59}
{"Time":"2026-09-06T17:26:53.716455+05:30","Action":"output","Package":"polymetrics.ai/cmd/connectorgen","Test":"TestVNextPublicationFreshRejectedNewRecoveryRejectsLateLeaseReplacement","Output":"--- PASS: TestVNextPublicationFreshRejectedNewRecoveryRejectsLateLeaseReplacement (1.18s)\n"}
{"Time":"2026-09-06T17:26:53.716459+05:30","Action":"pass","Package":"polymetrics.ai/cmd/connectorgen","Test":"TestVNextPublicationFreshRejectedNewRecoveryRejectsLateLeaseReplacement","Elapsed":1.18}
{"Time":"2026-09-06T17:26:53.716464+05:30","Action":"run","Package":"polymetrics.ai/cmd/connectorgen","Test":"TestVNextPublicationImmediateRollbackRejectsLateLeaseReplacementIdentityVariants"}
{"Time":"2026-09-06T17:26:53.716468+05:30","Action":"output","Package":"polymetrics.ai/cmd/connectorgen","Test":"TestVNextPublicationImmediateRollbackRejectsLateLeaseReplacementIdentityVariants","Output":"=== RUN   TestVNextPublicationImmediateRollbackRejectsLateLeaseReplacementIdentityVariants\n"}
{"Time":"2026-09-06T17:26:53.716471+05:30","Action":"run","Package":"polymetrics.ai/cmd/connectorgen","Test":"TestVNextPublicationImmediateRollbackRejectsLateLeaseReplacementIdentityVariants/empty-B"}
{"Time":"2026-09-06T17:26:53.716474+05:30","Action":"output","Package":"polymetrics.ai/cmd/connectorgen","Test":"TestVNextPublicationImmediateRollbackRejectsLateLeaseReplacementIdentityVariants/empty-B","Output":"=== RUN   TestVNextPublicationImmediateRollbackRejectsLateLeaseReplacementIdentityVariants/empty-B\n"}
{"Time":"2026-09-06T17:26:54.473697+05:30","Action":"output","Package":"polymetrics.ai/cmd/connectorgen","Test":"TestVNextPublicationImmediateRollbackRejectsLateLeaseReplacementIdentityVariants/empty-B","Output":"--- PASS: TestVNextPublicationImmediateRollbackRejectsLateLeaseReplacementIdentityVariants/empty-B (0.76s)\n"}
{"Time":"2026-09-06T17:26:54.473721+05:30","Action":"pass","Package":"polymetrics.ai/cmd/connectorgen","Test":"TestVNextPublicationImmediateRollbackRejectsLateLeaseReplacementIdentityVariants/empty-B","Elapsed":0.76}
{"Time":"2026-09-06T17:26:54.473729+05:30","Action":"run","Package":"polymetrics.ai/cmd/connectorgen","Test":"TestVNextPublicationImmediateRollbackRejectsLateLeaseReplacementIdentityVariants/nonempty-B"}
{"Time":"2026-09-06T17:26:54.473733+05:30","Action":"output","Package":"polymetrics.ai/cmd/connectorgen","Test":"TestVNextPublicationImmediateRollbackRejectsLateLeaseReplacementIdentityVariants/nonempty-B","Output":"=== RUN   TestVNextPublicationImmediateRollbackRejectsLateLeaseReplacementIdentityVariants/nonempty-B\n"}
{"Time":"2026-09-06T17:26:55.210919+05:30","Action":"output","Package":"polymetrics.ai/cmd/connectorgen","Test":"TestVNextPublicationImmediateRollbackRejectsLateLeaseReplacementIdentityVariants/nonempty-B","Output":"--- PASS: TestVNextPublicationImmediateRollbackRejectsLateLeaseReplacementIdentityVariants/nonempty-B (0.74s)\n"}
{"Time":"2026-09-06T17:26:55.210939+05:30","Action":"pass","Package":"polymetrics.ai/cmd/connectorgen","Test":"TestVNextPublicationImmediateRollbackRejectsLateLeaseReplacementIdentityVariants/nonempty-B","Elapsed":0.74}
{"Time":"2026-09-06T17:26:55.210946+05:30","Action":"output","Package":"polymetrics.ai/cmd/connectorgen","Test":"TestVNextPublicationImmediateRollbackRejectsLateLeaseReplacementIdentityVariants","Output":"--- PASS: TestVNextPublicationImmediateRollbackRejectsLateLeaseReplacementIdentityVariants (1.49s)\n"}
{"Time":"2026-09-06T17:26:55.210971+05:30","Action":"pass","Package":"polymetrics.ai/cmd/connectorgen","Test":"TestVNextPublicationImmediateRollbackRejectsLateLeaseReplacementIdentityVariants","Elapsed":1.49}
{"Time":"2026-09-06T17:26:55.210976+05:30","Action":"run","Package":"polymetrics.ai/cmd/connectorgen","Test":"TestCP11ExpectedWitnessRejectsReplacedPriorRoot"}
{"Time":"2026-09-06T17:26:55.210982+05:30","Action":"output","Package":"polymetrics.ai/cmd/connectorgen","Test":"TestCP11ExpectedWitnessRejectsReplacedPriorRoot","Output":"=== RUN   TestCP11ExpectedWitnessRejectsReplacedPriorRoot\n"}
{"Time":"2026-09-06T17:26:55.912066+05:30","Action":"output","Package":"polymetrics.ai/cmd/connectorgen","Test":"TestCP11ExpectedWitnessRejectsReplacedPriorRoot","Output":"--- PASS: TestCP11ExpectedWitnessRejectsReplacedPriorRoot (0.70s)\n"}
{"Time":"2026-09-06T17:26:55.91209+05:30","Action":"pass","Package":"polymetrics.ai/cmd/connectorgen","Test":"TestCP11ExpectedWitnessRejectsReplacedPriorRoot","Elapsed":0.7}
{"Time":"2026-09-06T17:26:55.912098+05:30","Action":"run","Package":"polymetrics.ai/cmd/connectorgen","Test":"TestCP11ExpectedTreeRejectsWrongReadableState"}
{"Time":"2026-09-06T17:26:55.912102+05:30","Action":"output","Package":"polymetrics.ai/cmd/connectorgen","Test":"TestCP11ExpectedTreeRejectsWrongReadableState","Output":"=== RUN   TestCP11ExpectedTreeRejectsWrongReadableState\n"}
{"Time":"2026-09-06T17:26:55.912108+05:30","Action":"run","Package":"polymetrics.ai/cmd/connectorgen","Test":"TestCP11ExpectedTreeRejectsWrongReadableState/same-bytes-wrong-inode"}
{"Time":"2026-09-06T17:26:55.912112+05:30","Action":"output","Package":"polymetrics.ai/cmd/connectorgen","Test":"TestCP11ExpectedTreeRejectsWrongReadableState/same-bytes-wrong-inode","Output":"=== RUN   TestCP11ExpectedTreeRejectsWrongReadableState/same-bytes-wrong-inode\n"}
{"Time":"2026-09-06T17:26:55.91308+05:30","Action":"output","Package":"polymetrics.ai/cmd/connectorgen","Test":"TestCP11ExpectedTreeRejectsWrongReadableState/same-bytes-wrong-inode","Output":"--- PASS: TestCP11ExpectedTreeRejectsWrongReadableState/same-bytes-wrong-inode (0.00s)\n"}
{"Time":"2026-09-06T17:26:55.913087+05:30","Action":"pass","Package":"polymetrics.ai/cmd/connectorgen","Test":"TestCP11ExpectedTreeRejectsWrongReadableState/same-bytes-wrong-inode","Elapsed":0}
{"Time":"2026-09-06T17:26:55.913091+05:30","Action":"run","Package":"polymetrics.ai/cmd/connectorgen","Test":"TestCP11ExpectedTreeRejectsWrongReadableState/empty-B-replaced-by-C"}
{"Time":"2026-09-06T17:26:55.913095+05:30","Action":"output","Package":"polymetrics.ai/cmd/connectorgen","Test":"TestCP11ExpectedTreeRejectsWrongReadableState/empty-B-replaced-by-C","Output":"=== RUN   TestCP11ExpectedTreeRejectsWrongReadableState/empty-B-replaced-by-C\n"}
{"Time":"2026-09-06T17:26:55.913853+05:30","Action":"output","Package":"polymetrics.ai/cmd/connectorgen","Test":"TestCP11ExpectedTreeRejectsWrongReadableState/empty-B-replaced-by-C","Output":"--- PASS: TestCP11ExpectedTreeRejectsWrongReadableState/empty-B-replaced-by-C (0.00s)\n"}
{"Time":"2026-09-06T17:26:55.913862+05:30","Action":"pass","Package":"polymetrics.ai/cmd/connectorgen","Test":"TestCP11ExpectedTreeRejectsWrongReadableState/empty-B-replaced-by-C","Elapsed":0}
{"Time":"2026-09-06T17:26:55.913866+05:30","Action":"run","Package":"polymetrics.ai/cmd/connectorgen","Test":"TestCP11ExpectedTreeRejectsWrongReadableState/nonempty-B-replaced-by-C"}
{"Time":"2026-09-06T17:26:55.913869+05:30","Action":"output","Package":"polymetrics.ai/cmd/connectorgen","Test":"TestCP11ExpectedTreeRejectsWrongReadableState/nonempty-B-replaced-by-C","Output":"=== RUN   TestCP11ExpectedTreeRejectsWrongReadableState/nonempty-B-replaced-by-C\n"}
{"Time":"2026-09-06T17:26:55.915069+05:30","Action":"output","Package":"polymetrics.ai/cmd/connectorgen","Test":"TestCP11ExpectedTreeRejectsWrongReadableState/nonempty-B-replaced-by-C","Output":"--- PASS: TestCP11ExpectedTreeRejectsWrongReadableState/nonempty-B-replaced-by-C (0.00s)\n"}
{"Time":"2026-09-06T17:26:55.915075+05:30","Action":"pass","Package":"polymetrics.ai/cmd/connectorgen","Test":"TestCP11ExpectedTreeRejectsWrongReadableState/nonempty-B-replaced-by-C","Elapsed":0}
{"Time":"2026-09-06T17:26:55.915088+05:30","Action":"run","Package":"polymetrics.ai/cmd/connectorgen","Test":"TestCP11ExpectedTreeRejectsWrongReadableState/missing-history"}
{"Time":"2026-09-06T17:26:55.915091+05:30","Action":"output","Package":"polymetrics.ai/cmd/connectorgen","Test":"TestCP11ExpectedTreeRejectsWrongReadableState/missing-history","Output":"=== RUN   TestCP11ExpectedTreeRejectsWrongReadableState/missing-history\n"}
{"Time":"2026-09-06T17:26:55.915806+05:30","Action":"output","Package":"polymetrics.ai/cmd/connectorgen","Test":"TestCP11ExpectedTreeRejectsWrongReadableState/missing-history","Output":"--- PASS: TestCP11ExpectedTreeRejectsWrongReadableState/missing-history (0.00s)\n"}
{"Time":"2026-09-06T17:26:55.915812+05:30","Action":"pass","Package":"polymetrics.ai/cmd/connectorgen","Test":"TestCP11ExpectedTreeRejectsWrongReadableState/missing-history","Elapsed":0}
{"Time":"2026-09-06T17:26:55.915816+05:30","Action":"run","Package":"polymetrics.ai/cmd/connectorgen","Test":"TestCP11ExpectedTreeRejectsWrongReadableState/replaced-history"}
{"Time":"2026-09-06T17:26:55.915819+05:30","Action":"output","Package":"polymetrics.ai/cmd/connectorgen","Test":"TestCP11ExpectedTreeRejectsWrongReadableState/replaced-history","Output":"=== RUN   TestCP11ExpectedTreeRejectsWrongReadableState/replaced-history\n"}
{"Time":"2026-09-06T17:26:55.916782+05:30","Action":"output","Package":"polymetrics.ai/cmd/connectorgen","Test":"TestCP11ExpectedTreeRejectsWrongReadableState/replaced-history","Output":"--- PASS: TestCP11ExpectedTreeRejectsWrongReadableState/replaced-history (0.00s)\n"}
{"Time":"2026-09-06T17:26:55.916788+05:30","Action":"pass","Package":"polymetrics.ai/cmd/connectorgen","Test":"TestCP11ExpectedTreeRejectsWrongReadableState/replaced-history","Elapsed":0}
{"Time":"2026-09-06T17:26:55.916791+05:30","Action":"run","Package":"polymetrics.ai/cmd/connectorgen","Test":"TestCP11ExpectedTreeRejectsWrongReadableState/changed-bytes"}
{"Time":"2026-09-06T17:26:55.916795+05:30","Action":"output","Package":"polymetrics.ai/cmd/connectorgen","Test":"TestCP11ExpectedTreeRejectsWrongReadableState/changed-bytes","Output":"=== RUN   TestCP11ExpectedTreeRejectsWrongReadableState/changed-bytes\n"}
{"Time":"2026-09-06T17:26:55.917613+05:30","Action":"output","Package":"polymetrics.ai/cmd/connectorgen","Test":"TestCP11ExpectedTreeRejectsWrongReadableState/changed-bytes","Output":"--- PASS: TestCP11ExpectedTreeRejectsWrongReadableState/changed-bytes (0.00s)\n"}
{"Time":"2026-09-06T17:26:55.91762+05:30","Action":"pass","Package":"polymetrics.ai/cmd/connectorgen","Test":"TestCP11ExpectedTreeRejectsWrongReadableState/changed-bytes","Elapsed":0}
{"Time":"2026-09-06T17:26:55.917623+05:30","Action":"run","Package":"polymetrics.ai/cmd/connectorgen","Test":"TestCP11ExpectedTreeRejectsWrongReadableState/extra-member"}
{"Time":"2026-09-06T17:26:55.917627+05:30","Action":"output","Package":"polymetrics.ai/cmd/connectorgen","Test":"TestCP11ExpectedTreeRejectsWrongReadableState/extra-member","Output":"=== RUN   TestCP11ExpectedTreeRejectsWrongReadableState/extra-member\n"}
{"Time":"2026-09-06T17:26:55.91848+05:30","Action":"output","Package":"polymetrics.ai/cmd/connectorgen","Test":"TestCP11ExpectedTreeRejectsWrongReadableState/extra-member","Output":"--- PASS: TestCP11ExpectedTreeRejectsWrongReadableState/extra-member (0.00s)\n"}
{"Time":"2026-09-06T17:26:55.918486+05:30","Action":"pass","Package":"polymetrics.ai/cmd/connectorgen","Test":"TestCP11ExpectedTreeRejectsWrongReadableState/extra-member","Elapsed":0}
{"Time":"2026-09-06T17:26:55.91849+05:30","Action":"output","Package":"polymetrics.ai/cmd/connectorgen","Test":"TestCP11ExpectedTreeRejectsWrongReadableState","Output":"--- PASS: TestCP11ExpectedTreeRejectsWrongReadableState (0.01s)\n"}
{"Time":"2026-09-06T17:26:55.918493+05:30","Action":"pass","Package":"polymetrics.ai/cmd/connectorgen","Test":"TestCP11ExpectedTreeRejectsWrongReadableState","Elapsed":0.01}
{"Time":"2026-09-06T17:26:55.918502+05:30","Action":"run","Package":"polymetrics.ai/cmd/connectorgen","Test":"TestCP11ExpectedCleanupScheduleRejectsWrongPhase"}
{"Time":"2026-09-06T17:26:55.918505+05:30","Action":"output","Package":"polymetrics.ai/cmd/connectorgen","Test":"TestCP11ExpectedCleanupScheduleRejectsWrongPhase","Output":"=== RUN   TestCP11ExpectedCleanupScheduleRejectsWrongPhase\n"}
{"Time":"2026-09-06T17:26:56.295333+05:30","Action":"output","Package":"polymetrics.ai/cmd/connectorgen","Test":"TestCP11ExpectedCleanupScheduleRejectsWrongPhase","Output":"--- PASS: TestCP11ExpectedCleanupScheduleRejectsWrongPhase (0.38s)\n"}
{"Time":"2026-09-06T17:26:56.295355+05:30","Action":"pass","Package":"polymetrics.ai/cmd/connectorgen","Test":"TestCP11ExpectedCleanupScheduleRejectsWrongPhase","Elapsed":0.38}
{"Time":"2026-09-06T17:26:56.295366+05:30","Action":"run","Package":"polymetrics.ai/cmd/connectorgen","Test":"TestCP11F03ARepairPostRecordFailureRetainsCoherentAuthority"}
{"Time":"2026-09-06T17:26:56.295371+05:30","Action":"output","Package":"polymetrics.ai/cmd/connectorgen","Test":"TestCP11F03ARepairPostRecordFailureRetainsCoherentAuthority","Output":"=== RUN   TestCP11F03ARepairPostRecordFailureRetainsCoherentAuthority\n"}
{"Time":"2026-09-06T17:26:57.326154+05:30","Action":"output","Package":"polymetrics.ai/cmd/connectorgen","Test":"TestCP11F03ARepairPostRecordFailureRetainsCoherentAuthority","Output":"--- PASS: TestCP11F03ARepairPostRecordFailureRetainsCoherentAuthority (1.03s)\n"}
{"Time":"2026-09-06T17:26:57.326184+05:30","Action":"pass","Package":"polymetrics.ai/cmd/connectorgen","Test":"TestCP11F03ARepairPostRecordFailureRetainsCoherentAuthority","Elapsed":1.03}
{"Time":"2026-09-06T17:26:57.326192+05:30","Action":"run","Package":"polymetrics.ai/cmd/connectorgen","Test":"TestCP11F03ARepairPreparationFrontierMatrix"}
{"Time":"2026-09-06T17:26:57.326196+05:30","Action":"output","Package":"polymetrics.ai/cmd/connectorgen","Test":"TestCP11F03ARepairPreparationFrontierMatrix","Output":"=== RUN   TestCP11F03ARepairPreparationFrontierMatrix\n"}
{"Time":"2026-09-06T17:26:57.326202+05:30","Action":"run","Package":"polymetrics.ai/cmd/connectorgen","Test":"TestCP11F03ARepairPreparationFrontierMatrix/JOURNAL-absent-to-present/before-record-operation-failure"}
{"Time":"2026-09-06T17:26:57.326206+05:30","Action":"output","Package":"polymetrics.ai/cmd/connectorgen","Test":"TestCP11F03ARepairPreparationFrontierMatrix/JOURNAL-absent-to-present/before-record-operation-failure","Output":"=== RUN   TestCP11F03ARepairPreparationFrontierMatrix/JOURNAL-absent-to-present/before-record-operation-failure\n"}
{"Time":"2026-09-06T17:26:58.103935+05:30","Action":"output","Package":"polymetrics.ai/cmd/connectorgen","Test":"TestCP11F03ARepairPreparationFrontierMatrix/JOURNAL-absent-to-present/before-record-operation-failure","Output":"--- PASS: TestCP11F03ARepairPreparationFrontierMatrix/JOURNAL-absent-to-present/before-record-operation-failure (0.78s)\n"}
{"Time":"2026-09-06T17:26:58.103965+05:30","Action":"pass","Package":"polymetrics.ai/cmd/connectorgen","Test":"TestCP11F03ARepairPreparationFrontierMatrix/JOURNAL-absent-to-present/before-record-operation-failure","Elapsed":0.78}
{"Time":"2026-09-06T17:26:58.103972+05:30","Action":"run","Package":"polymetrics.ai/cmd/connectorgen","Test":"TestCP11F03ARepairPreparationFrontierMatrix/JOURNAL-absent-to-present/record-short-write"}
{"Time":"2026-09-06T17:26:58.103976+05:30","Action":"output","Package":"polymetrics.ai/cmd/connectorgen","Test":"TestCP11F03ARepairPreparationFrontierMatrix/JOURNAL-absent-to-present/record-short-write","Output":"=== RUN   TestCP11F03ARepairPreparationFrontierMatrix/JOURNAL-absent-to-present/record-short-write\n"}
{"Time":"2026-09-06T17:26:58.917455+05:30","Action":"output","Package":"polymetrics.ai/cmd/connectorgen","Test":"TestCP11F03ARepairPreparationFrontierMatrix/JOURNAL-absent-to-present/record-short-write","Output":"--- PASS: TestCP11F03ARepairPreparationFrontierMatrix/JOURNAL-absent-to-present/record-short-write (0.81s)\n"}
{"Time":"2026-09-06T17:26:58.917479+05:30","Action":"pass","Package":"polymetrics.ai/cmd/connectorgen","Test":"TestCP11F03ARepairPreparationFrontierMatrix/JOURNAL-absent-to-present/record-short-write","Elapsed":0.81}
{"Time":"2026-09-06T17:26:58.917495+05:30","Action":"run","Package":"polymetrics.ai/cmd/connectorgen","Test":"TestCP11F03ARepairPreparationFrontierMatrix/JOURNAL-absent-to-present/record-sync-completion"}
{"Time":"2026-09-06T17:26:58.9175+05:30","Action":"output","Package":"polymetrics.ai/cmd/connectorgen","Test":"TestCP11F03ARepairPreparationFrontierMatrix/JOURNAL-absent-to-present/record-sync-completion","Output":"=== RUN   TestCP11F03ARepairPreparationFrontierMatrix/JOURNAL-absent-to-present/record-sync-completion\n"}
{"Time":"2026-09-06T17:26:59.829547+05:30","Action":"output","Package":"polymetrics.ai/cmd/connectorgen","Test":"TestCP11F03ARepairPreparationFrontierMatrix/JOURNAL-absent-to-present/record-sync-completion","Output":"--- PASS: TestCP11F03ARepairPreparationFrontierMatrix/JOURNAL-absent-to-present/record-sync-completion (0.91s)\n"}
{"Time":"2026-09-06T17:26:59.829572+05:30","Action":"pass","Package":"polymetrics.ai/cmd/connectorgen","Test":"TestCP11F03ARepairPreparationFrontierMatrix/JOURNAL-absent-to-present/record-sync-completion","Elapsed":0.91}
{"Time":"2026-09-06T17:26:59.829595+05:30","Action":"run","Package":"polymetrics.ai/cmd/connectorgen","Test":"TestCP11F03ARepairPreparationFrontierMatrix/JOURNAL-absent-to-present/record-close-completion"}
{"Time":"2026-09-06T17:26:59.8296+05:30","Action":"output","Package":"polymetrics.ai/cmd/connectorgen","Test":"TestCP11F03ARepairPreparationFrontierMatrix/JOURNAL-absent-to-present/record-close-completion","Output":"=== RUN   TestCP11F03ARepairPreparationFrontierMatrix/JOURNAL-absent-to-present/record-close-completion\n"}
{"Time":"2026-09-06T17:27:00.72677+05:30","Action":"output","Package":"polymetrics.ai/cmd/connectorgen","Test":"TestCP11F03ARepairPreparationFrontierMatrix/JOURNAL-absent-to-present/record-close-completion","Output":"--- PASS: TestCP11F03ARepairPreparationFrontierMatrix/JOURNAL-absent-to-present/record-close-completion (0.90s)\n"}
{"Time":"2026-09-06T17:27:00.726803+05:30","Action":"pass","Package":"polymetrics.ai/cmd/connectorgen","Test":"TestCP11F03ARepairPreparationFrontierMatrix/JOURNAL-absent-to-present/record-close-completion","Elapsed":0.9}
{"Time":"2026-09-06T17:27:00.726814+05:30","Action":"run","Package":"polymetrics.ai/cmd/connectorgen","Test":"TestCP11F03ARepairPreparationFrontierMatrix/JOURNAL-absent-to-present/post-record"}
{"Time":"2026-09-06T17:27:00.72682+05:30","Action":"output","Package":"polymetrics.ai/cmd/connectorgen","Test":"TestCP11F03ARepairPreparationFrontierMatrix/JOURNAL-absent-to-present/post-record","Output":"=== RUN   TestCP11F03ARepairPreparationFrontierMatrix/JOURNAL-absent-to-present/post-record\n"}
{"Time":"2026-09-06T17:27:01.675377+05:30","Action":"output","Package":"polymetrics.ai/cmd/connectorgen","Test":"TestCP11F03ARepairPreparationFrontierMatrix/JOURNAL-absent-to-present/post-record","Output":"--- PASS: TestCP11F03ARepairPreparationFrontierMatrix/JOURNAL-absent-to-present/post-record (0.95s)\n"}
{"Time":"2026-09-06T17:27:01.675403+05:30","Action":"pass","Package":"polymetrics.ai/cmd/connectorgen","Test":"TestCP11F03ARepairPreparationFrontierMatrix/JOURNAL-absent-to-present/post-record","Elapsed":0.95}
{"Time":"2026-09-06T17:27:01.675412+05:30","Action":"run","Package":"polymetrics.ai/cmd/connectorgen","Test":"TestCP11F03ARepairPreparationFrontierMatrix/JOURNAL-absent-to-present/post-transaction-sync"}
{"Time":"2026-09-06T17:27:01.675416+05:30","Action":"output","Package":"polymetrics.ai/cmd/connectorgen","Test":"TestCP11F03ARepairPreparationFrontierMatrix/JOURNAL-absent-to-present/post-transaction-sync","Output":"=== RUN   TestCP11F03ARepairPreparationFrontierMatrix/JOURNAL-absent-to-present/post-transaction-sync\n"}
{"Time":"2026-09-06T17:27:02.563013+05:30","Action":"output","Package":"polymetrics.ai/cmd/connectorgen","Test":"TestCP11F03ARepairPreparationFrontierMatrix/JOURNAL-absent-to-present/post-transaction-sync","Output":"--- PASS: TestCP11F03ARepairPreparationFrontierMatrix/JOURNAL-absent-to-present/post-transaction-sync (0.89s)\n"}
{"Time":"2026-09-06T17:27:02.563043+05:30","Action":"pass","Package":"polymetrics.ai/cmd/connectorgen","Test":"TestCP11F03ARepairPreparationFrontierMatrix/JOURNAL-absent-to-present/post-transaction-sync","Elapsed":0.89}
{"Time":"2026-09-06T17:27:02.56305+05:30","Action":"run","Package":"polymetrics.ai/cmd/connectorgen","Test":"TestCP11F03ARepairPreparationFrontierMatrix/JOURNAL-absent-to-present/post-connector-sync"}
{"Time":"2026-09-06T17:27:02.563054+05:30","Action":"output","Package":"polymetrics.ai/cmd/connectorgen","Test":"TestCP11F03ARepairPreparationFrontierMatrix/JOURNAL-absent-to-present/post-connector-sync","Output":"=== RUN   TestCP11F03ARepairPreparationFrontierMatrix/JOURNAL-absent-to-present/post-connector-sync\n"}
{"Time":"2026-09-06T17:27:03.449152+05:30","Action":"output","Package":"polymetrics.ai/cmd/connectorgen","Test":"TestCP11F03ARepairPreparationFrontierMatrix/JOURNAL-absent-to-present/post-connector-sync","Output":"--- PASS: TestCP11F03ARepairPreparationFrontierMatrix/JOURNAL-absent-to-present/post-connector-sync (0.89s)\n"}
{"Time":"2026-09-06T17:27:03.449191+05:30","Action":"pass","Package":"polymetrics.ai/cmd/connectorgen","Test":"TestCP11F03ARepairPreparationFrontierMatrix/JOURNAL-absent-to-present/post-connector-sync","Elapsed":0.89}
{"Time":"2026-09-06T17:27:03.449201+05:30","Action":"run","Package":"polymetrics.ai/cmd/connectorgen","Test":"TestCP11F03ARepairPreparationFrontierMatrix/CURRENT-present-to-present/before-record-operation-failure"}
{"Time":"2026-09-06T17:27:03.449206+05:30","Action":"output","Package":"polymetrics.ai/cmd/connectorgen","Test":"TestCP11F03ARepairPreparationFrontierMatrix/CURRENT-present-to-present/before-record-operation-failure","Output":"=== RUN   TestCP11F03ARepairPreparationFrontierMatrix/CURRENT-present-to-present/before-record-operation-failure\n"}
{"Time":"2026-09-06T17:27:04.266477+05:30","Action":"output","Package":"polymetrics.ai/cmd/connectorgen","Test":"TestCP11F03ARepairPreparationFrontierMatrix/CURRENT-present-to-present/before-record-operation-failure","Output":"--- PASS: TestCP11F03ARepairPreparationFrontierMatrix/CURRENT-present-to-present/before-record-operation-failure (0.82s)\n"}
{"Time":"2026-09-06T17:27:04.266504+05:30","Action":"pass","Package":"polymetrics.ai/cmd/connectorgen","Test":"TestCP11F03ARepairPreparationFrontierMatrix/CURRENT-present-to-present/before-record-operation-failure","Elapsed":0.82}
{"Time":"2026-09-06T17:27:04.266514+05:30","Action":"run","Package":"polymetrics.ai/cmd/connectorgen","Test":"TestCP11F03ARepairPreparationFrontierMatrix/CURRENT-present-to-present/record-short-write"}
{"Time":"2026-09-06T17:27:04.266518+05:30","Action":"output","Package":"polymetrics.ai/cmd/connectorgen","Test":"TestCP11F03ARepairPreparationFrontierMatrix/CURRENT-present-to-present/record-short-write","Output":"=== RUN   TestCP11F03ARepairPreparationFrontierMatrix/CURRENT-present-to-present/record-short-write\n"}
{"Time":"2026-09-06T17:27:05.075389+05:30","Action":"output","Package":"polymetrics.ai/cmd/connectorgen","Test":"TestCP11F03ARepairPreparationFrontierMatrix/CURRENT-present-to-present/record-short-write","Output":"--- PASS: TestCP11F03ARepairPreparationFrontierMatrix/CURRENT-present-to-present/record-short-write (0.81s)\n"}
{"Time":"2026-09-06T17:27:05.075422+05:30","Action":"pass","Package":"polymetrics.ai/cmd/connectorgen","Test":"TestCP11F03ARepairPreparationFrontierMatrix/CURRENT-present-to-present/record-short-write","Elapsed":0.81}
{"Time":"2026-09-06T17:27:05.075432+05:30","Action":"run","Package":"polymetrics.ai/cmd/connectorgen","Test":"TestCP11F03ARepairPreparationFrontierMatrix/CURRENT-present-to-present/record-sync-completion"}
{"Time":"2026-09-06T17:27:05.075437+05:30","Action":"output","Package":"polymetrics.ai/cmd/connectorgen","Test":"TestCP11F03ARepairPreparationFrontierMatrix/CURRENT-present-to-present/record-sync-completion","Output":"=== RUN   TestCP11F03ARepairPreparationFrontierMatrix/CURRENT-present-to-present/record-sync-completion\n"}
{"Time":"2026-09-06T17:27:05.949304+05:30","Action":"output","Package":"polymetrics.ai/cmd/connectorgen","Test":"TestCP11F03ARepairPreparationFrontierMatrix/CURRENT-present-to-present/record-sync-completion","Output":"--- PASS: TestCP11F03ARepairPreparationFrontierMatrix/CURRENT-present-to-present/record-sync-completion (0.87s)\n"}
{"Time":"2026-09-06T17:27:05.94935+05:30","Action":"pass","Package":"polymetrics.ai/cmd/connectorgen","Test":"TestCP11F03ARepairPreparationFrontierMatrix/CURRENT-present-to-present/record-sync-completion","Elapsed":0.87}
{"Time":"2026-09-06T17:27:05.949363+05:30","Action":"run","Package":"polymetrics.ai/cmd/connectorgen","Test":"TestCP11F03ARepairPreparationFrontierMatrix/CURRENT-present-to-present/record-close-completion"}
{"Time":"2026-09-06T17:27:05.949368+05:30","Action":"output","Package":"polymetrics.ai/cmd/connectorgen","Test":"TestCP11F03ARepairPreparationFrontierMatrix/CURRENT-present-to-present/record-close-completion","Output":"=== RUN   TestCP11F03ARepairPreparationFrontierMatrix/CURRENT-present-to-present/record-close-completion\n"}
{"Time":"2026-09-06T17:27:06.905937+05:30","Action":"output","Package":"polymetrics.ai/cmd/connectorgen","Test":"TestCP11F03ARepairPreparationFrontierMatrix/CURRENT-present-to-present/record-close-completion","Output":"--- PASS: TestCP11F03ARepairPreparationFrontierMatrix/CURRENT-present-to-present/record-close-completion (0.96s)\n"}
{"Time":"2026-09-06T17:27:06.905969+05:30","Action":"pass","Package":"polymetrics.ai/cmd/connectorgen","Test":"TestCP11F03ARepairPreparationFrontierMatrix/CURRENT-present-to-present/record-close-completion","Elapsed":0.96}
{"Time":"2026-09-06T17:27:06.905979+05:30","Action":"run","Package":"polymetrics.ai/cmd/connectorgen","Test":"TestCP11F03ARepairPreparationFrontierMatrix/CURRENT-present-to-present/post-record"}
{"Time":"2026-09-06T17:27:06.905984+05:30","Action":"output","Package":"polymetrics.ai/cmd/connectorgen","Test":"TestCP11F03ARepairPreparationFrontierMatrix/CURRENT-present-to-present/post-record","Output":"=== RUN   TestCP11F03ARepairPreparationFrontierMatrix/CURRENT-present-to-present/post-record\n"}
{"Time":"2026-09-06T17:27:07.791132+05:30","Action":"output","Package":"polymetrics.ai/cmd/connectorgen","Test":"TestCP11F03ARepairPreparationFrontierMatrix/CURRENT-present-to-present/post-record","Output":"--- PASS: TestCP11F03ARepairPreparationFrontierMatrix/CURRENT-present-to-present/post-record (0.89s)\n"}
{"Time":"2026-09-06T17:27:07.791163+05:30","Action":"pass","Package":"polymetrics.ai/cmd/connectorgen","Test":"TestCP11F03ARepairPreparationFrontierMatrix/CURRENT-present-to-present/post-record","Elapsed":0.89}
{"Time":"2026-09-06T17:27:07.791173+05:30","Action":"run","Package":"polymetrics.ai/cmd/connectorgen","Test":"TestCP11F03ARepairPreparationFrontierMatrix/CURRENT-present-to-present/post-transaction-sync"}
{"Time":"2026-09-06T17:27:07.791176+05:30","Action":"output","Package":"polymetrics.ai/cmd/connectorgen","Test":"TestCP11F03ARepairPreparationFrontierMatrix/CURRENT-present-to-present/post-transaction-sync","Output":"=== RUN   TestCP11F03ARepairPreparationFrontierMatrix/CURRENT-present-to-present/post-transaction-sync\n"}
{"Time":"2026-09-06T17:27:08.65163+05:30","Action":"output","Package":"polymetrics.ai/cmd/connectorgen","Test":"TestCP11F03ARepairPreparationFrontierMatrix/CURRENT-present-to-present/post-transaction-sync","Output":"--- PASS: TestCP11F03ARepairPreparationFrontierMatrix/CURRENT-present-to-present/post-transaction-sync (0.86s)\n"}
{"Time":"2026-09-06T17:27:08.651656+05:30","Action":"pass","Package":"polymetrics.ai/cmd/connectorgen","Test":"TestCP11F03ARepairPreparationFrontierMatrix/CURRENT-present-to-present/post-transaction-sync","Elapsed":0.86}
{"Time":"2026-09-06T17:27:08.651665+05:30","Action":"run","Package":"polymetrics.ai/cmd/connectorgen","Test":"TestCP11F03ARepairPreparationFrontierMatrix/CURRENT-present-to-present/post-connector-sync"}
{"Time":"2026-09-06T17:27:08.651669+05:30","Action":"output","Package":"polymetrics.ai/cmd/connectorgen","Test":"TestCP11F03ARepairPreparationFrontierMatrix/CURRENT-present-to-present/post-connector-sync","Output":"=== RUN   TestCP11F03ARepairPreparationFrontierMatrix/CURRENT-present-to-present/post-connector-sync\n"}
{"Time":"2026-09-06T17:27:09.538641+05:30","Action":"output","Package":"polymetrics.ai/cmd/connectorgen","Test":"TestCP11F03ARepairPreparationFrontierMatrix/CURRENT-present-to-present/post-connector-sync","Output":"--- PASS: TestCP11F03ARepairPreparationFrontierMatrix/CURRENT-present-to-present/post-connector-sync (0.89s)\n"}
{"Time":"2026-09-06T17:27:09.538676+05:30","Action":"pass","Package":"polymetrics.ai/cmd/connectorgen","Test":"TestCP11F03ARepairPreparationFrontierMatrix/CURRENT-present-to-present/post-connector-sync","Elapsed":0.89}
{"Time":"2026-09-06T17:27:09.538685+05:30","Action":"run","Package":"polymetrics.ai/cmd/connectorgen","Test":"TestCP11F03ARepairPreparationFrontierMatrix/JOURNAL-present-to-absent/before-record-operation-failure"}
{"Time":"2026-09-06T17:27:09.538689+05:30","Action":"output","Package":"polymetrics.ai/cmd/connectorgen","Test":"TestCP11F03ARepairPreparationFrontierMatrix/JOURNAL-present-to-absent/before-record-operation-failure","Output":"=== RUN   TestCP11F03ARepairPreparationFrontierMatrix/JOURNAL-present-to-absent/before-record-operation-failure\n"}
{"Time":"2026-09-06T17:27:10.476073+05:30","Action":"output","Package":"polymetrics.ai/cmd/connectorgen","Test":"TestCP11F03ARepairPreparationFrontierMatrix/JOURNAL-present-to-absent/before-record-operation-failure","Output":"--- PASS: TestCP11F03ARepairPreparationFrontierMatrix/JOURNAL-present-to-absent/before-record-operation-failure (0.94s)\n"}
{"Time":"2026-09-06T17:27:10.476115+05:30","Action":"pass","Package":"polymetrics.ai/cmd/connectorgen","Test":"TestCP11F03ARepairPreparationFrontierMatrix/JOURNAL-present-to-absent/before-record-operation-failure","Elapsed":0.94}
{"Time":"2026-09-06T17:27:10.476126+05:30","Action":"run","Package":"polymetrics.ai/cmd/connectorgen","Test":"TestCP11F03ARepairPreparationFrontierMatrix/JOURNAL-present-to-absent/record-short-write"}
{"Time":"2026-09-06T17:27:10.476131+05:30","Action":"output","Package":"polymetrics.ai/cmd/connectorgen","Test":"TestCP11F03ARepairPreparationFrontierMatrix/JOURNAL-present-to-absent/record-short-write","Output":"=== RUN   TestCP11F03ARepairPreparationFrontierMatrix/JOURNAL-present-to-absent/record-short-write\n"}
{"Time":"2026-09-06T17:27:11.360105+05:30","Action":"output","Package":"polymetrics.ai/cmd/connectorgen","Test":"TestCP11F03ARepairPreparationFrontierMatrix/JOURNAL-present-to-absent/record-short-write","Output":"--- PASS: TestCP11F03ARepairPreparationFrontierMatrix/JOURNAL-present-to-absent/record-short-write (0.88s)\n"}
{"Time":"2026-09-06T17:27:11.360133+05:30","Action":"pass","Package":"polymetrics.ai/cmd/connectorgen","Test":"TestCP11F03ARepairPreparationFrontierMatrix/JOURNAL-present-to-absent/record-short-write","Elapsed":0.88}
{"Time":"2026-09-06T17:27:11.360142+05:30","Action":"run","Package":"polymetrics.ai/cmd/connectorgen","Test":"TestCP11F03ARepairPreparationFrontierMatrix/JOURNAL-present-to-absent/record-sync-completion"}
{"Time":"2026-09-06T17:27:11.360146+05:30","Action":"output","Package":"polymetrics.ai/cmd/connectorgen","Test":"TestCP11F03ARepairPreparationFrontierMatrix/JOURNAL-present-to-absent/record-sync-completion","Output":"=== RUN   TestCP11F03ARepairPreparationFrontierMatrix/JOURNAL-present-to-absent/record-sync-completion\n"}
{"Time":"2026-09-06T17:27:12.320783+05:30","Action":"output","Package":"polymetrics.ai/cmd/connectorgen","Test":"TestCP11F03ARepairPreparationFrontierMatrix/JOURNAL-present-to-absent/record-sync-completion","Output":"--- PASS: TestCP11F03ARepairPreparationFrontierMatrix/JOURNAL-present-to-absent/record-sync-completion (0.96s)\n"}
{"Time":"2026-09-06T17:27:12.320819+05:30","Action":"pass","Package":"polymetrics.ai/cmd/connectorgen","Test":"TestCP11F03ARepairPreparationFrontierMatrix/JOURNAL-present-to-absent/record-sync-completion","Elapsed":0.96}
{"Time":"2026-09-06T17:27:12.320828+05:30","Action":"run","Package":"polymetrics.ai/cmd/connectorgen","Test":"TestCP11F03ARepairPreparationFrontierMatrix/JOURNAL-present-to-absent/record-close-completion"}
{"Time":"2026-09-06T17:27:12.320844+05:30","Action":"output","Package":"polymetrics.ai/cmd/connectorgen","Test":"TestCP11F03ARepairPreparationFrontierMatrix/JOURNAL-present-to-absent/record-close-completion","Output":"=== RUN   TestCP11F03ARepairPreparationFrontierMatrix/JOURNAL-present-to-absent/record-close-completion\n"}
{"Time":"2026-09-06T17:27:13.215894+05:30","Action":"output","Package":"polymetrics.ai/cmd/connectorgen","Test":"TestCP11F03ARepairPreparationFrontierMatrix/JOURNAL-present-to-absent/record-close-completion","Output":"--- PASS: TestCP11F03ARepairPreparationFrontierMatrix/JOURNAL-present-to-absent/record-close-completion (0.90s)\n"}
{"Time":"2026-09-06T17:27:13.215921+05:30","Action":"pass","Package":"polymetrics.ai/cmd/connectorgen","Test":"TestCP11F03ARepairPreparationFrontierMatrix/JOURNAL-present-to-absent/record-close-completion","Elapsed":0.9}
{"Time":"2026-09-06T17:27:13.215929+05:30","Action":"run","Package":"polymetrics.ai/cmd/connectorgen","Test":"TestCP11F03ARepairPreparationFrontierMatrix/JOURNAL-present-to-absent/post-record"}
{"Time":"2026-09-06T17:27:13.215933+05:30","Action":"output","Package":"polymetrics.ai/cmd/connectorgen","Test":"TestCP11F03ARepairPreparationFrontierMatrix/JOURNAL-present-to-absent/post-record","Output":"=== RUN   TestCP11F03ARepairPreparationFrontierMatrix/JOURNAL-present-to-absent/post-record\n"}
{"Time":"2026-09-06T17:27:14.110658+05:30","Action":"output","Package":"polymetrics.ai/cmd/connectorgen","Test":"TestCP11F03ARepairPreparationFrontierMatrix/JOURNAL-present-to-absent/post-record","Output":"--- PASS: TestCP11F03ARepairPreparationFrontierMatrix/JOURNAL-present-to-absent/post-record (0.89s)\n"}
{"Time":"2026-09-06T17:27:14.110686+05:30","Action":"pass","Package":"polymetrics.ai/cmd/connectorgen","Test":"TestCP11F03ARepairPreparationFrontierMatrix/JOURNAL-present-to-absent/post-record","Elapsed":0.89}
{"Time":"2026-09-06T17:27:14.110696+05:30","Action":"run","Package":"polymetrics.ai/cmd/connectorgen","Test":"TestCP11F03ARepairPreparationFrontierMatrix/JOURNAL-present-to-absent/post-transaction-sync"}
{"Time":"2026-09-06T17:27:14.110701+05:30","Action":"output","Package":"polymetrics.ai/cmd/connectorgen","Test":"TestCP11F03ARepairPreparationFrontierMatrix/JOURNAL-present-to-absent/post-transaction-sync","Output":"=== RUN   TestCP11F03ARepairPreparationFrontierMatrix/JOURNAL-present-to-absent/post-transaction-sync\n"}
{"Time":"2026-09-06T17:27:15.059154+05:30","Action":"output","Package":"polymetrics.ai/cmd/connectorgen","Test":"TestCP11F03ARepairPreparationFrontierMatrix/JOURNAL-present-to-absent/post-transaction-sync","Output":"--- PASS: TestCP11F03ARepairPreparationFrontierMatrix/JOURNAL-present-to-absent/post-transaction-sync (0.95s)\n"}
{"Time":"2026-09-06T17:27:15.059183+05:30","Action":"pass","Package":"polymetrics.ai/cmd/connectorgen","Test":"TestCP11F03ARepairPreparationFrontierMatrix/JOURNAL-present-to-absent/post-transaction-sync","Elapsed":0.95}
{"Time":"2026-09-06T17:27:15.059194+05:30","Action":"run","Package":"polymetrics.ai/cmd/connectorgen","Test":"TestCP11F03ARepairPreparationFrontierMatrix/JOURNAL-present-to-absent/post-connector-sync"}
{"Time":"2026-09-06T17:27:15.059199+05:30","Action":"output","Package":"polymetrics.ai/cmd/connectorgen","Test":"TestCP11F03ARepairPreparationFrontierMatrix/JOURNAL-present-to-absent/post-connector-sync","Output":"=== RUN   TestCP11F03ARepairPreparationFrontierMatrix/JOURNAL-present-to-absent/post-connector-sync\n"}
{"Time":"2026-09-06T17:27:15.967296+05:30","Action":"output","Package":"polymetrics.ai/cmd/connectorgen","Test":"TestCP11F03ARepairPreparationFrontierMatrix/JOURNAL-present-to-absent/post-connector-sync","Output":"--- PASS: TestCP11F03ARepairPreparationFrontierMatrix/JOURNAL-present-to-absent/post-connector-sync (0.91s)\n"}
{"Time":"2026-09-06T17:27:15.967337+05:30","Action":"pass","Package":"polymetrics.ai/cmd/connectorgen","Test":"TestCP11F03ARepairPreparationFrontierMatrix/JOURNAL-present-to-absent/post-connector-sync","Elapsed":0.91}
{"Time":"2026-09-06T17:27:15.967363+05:30","Action":"output","Package":"polymetrics.ai/cmd/connectorgen","Test":"TestCP11F03ARepairPreparationFrontierMatrix","Output":"--- PASS: TestCP11F03ARepairPreparationFrontierMatrix (18.64s)\n"}
{"Time":"2026-09-06T17:27:15.967368+05:30","Action":"pass","Package":"polymetrics.ai/cmd/connectorgen","Test":"TestCP11F03ARepairPreparationFrontierMatrix","Elapsed":18.64}
{"Time":"2026-09-06T17:27:15.967375+05:30","Action":"run","Package":"polymetrics.ai/cmd/connectorgen","Test":"TestCP11F03ARepairBasePresentPresentAuthorityRecovers"}
{"Time":"2026-09-06T17:27:15.96738+05:30","Action":"output","Package":"polymetrics.ai/cmd/connectorgen","Test":"TestCP11F03ARepairBasePresentPresentAuthorityRecovers","Output":"=== RUN   TestCP11F03ARepairBasePresentPresentAuthorityRecovers\n"}
{"Time":"2026-09-06T17:27:15.967384+05:30","Action":"run","Package":"polymetrics.ai/cmd/connectorgen","Test":"TestCP11F03ARepairBasePresentPresentAuthorityRecovers/CURRENT"}
{"Time":"2026-09-06T17:27:15.967388+05:30","Action":"output","Package":"polymetrics.ai/cmd/connectorgen","Test":"TestCP11F03ARepairBasePresentPresentAuthorityRecovers/CURRENT","Output":"=== RUN   TestCP11F03ARepairBasePresentPresentAuthorityRecovers/CURRENT\n"}
{"Time":"2026-09-06T17:27:16.77421+05:30","Action":"output","Package":"polymetrics.ai/cmd/connectorgen","Test":"TestCP11F03ARepairBasePresentPresentAuthorityRecovers/CURRENT","Output":"--- PASS: TestCP11F03ARepairBasePresentPresentAuthorityRecovers/CURRENT (0.81s)\n"}
{"Time":"2026-09-06T17:27:16.77428+05:30","Action":"pass","Package":"polymetrics.ai/cmd/connectorgen","Test":"TestCP11F03ARepairBasePresentPresentAuthorityRecovers/CURRENT","Elapsed":0.81}
{"Time":"2026-09-06T17:27:16.774298+05:30","Action":"run","Package":"polymetrics.ai/cmd/connectorgen","Test":"TestCP11F03ARepairBasePresentPresentAuthorityRecovers/JOURNAL"}
{"Time":"2026-09-06T17:27:16.774307+05:30","Action":"output","Package":"polymetrics.ai/cmd/connectorgen","Test":"TestCP11F03ARepairBasePresentPresentAuthorityRecovers/JOURNAL","Output":"=== RUN   TestCP11F03ARepairBasePresentPresentAuthorityRecovers/JOURNAL\n"}
{"Time":"2026-09-06T17:27:17.733211+05:30","Action":"output","Package":"polymetrics.ai/cmd/connectorgen","Test":"TestCP11F03ARepairBasePresentPresentAuthorityRecovers/JOURNAL","Output":"--- PASS: TestCP11F03ARepairBasePresentPresentAuthorityRecovers/JOURNAL (0.96s)\n"}
{"Time":"2026-09-06T17:27:17.733245+05:30","Action":"pass","Package":"polymetrics.ai/cmd/connectorgen","Test":"TestCP11F03ARepairBasePresentPresentAuthorityRecovers/JOURNAL","Elapsed":0.96}
{"Time":"2026-09-06T17:27:17.733257+05:30","Action":"output","Package":"polymetrics.ai/cmd/connectorgen","Test":"TestCP11F03ARepairBasePresentPresentAuthorityRecovers","Output":"--- PASS: TestCP11F03ARepairBasePresentPresentAuthorityRecovers (1.77s)\n"}
{"Time":"2026-09-06T17:27:17.733276+05:30","Action":"pass","Package":"polymetrics.ai/cmd/connectorgen","Test":"TestCP11F03ARepairBasePresentPresentAuthorityRecovers","Elapsed":1.77}
{"Time":"2026-09-06T17:27:17.733286+05:30","Action":"run","Package":"polymetrics.ai/cmd/connectorgen","Test":"TestCP11FinalPruneOracleRejectsWrongFixture"}
{"Time":"2026-09-06T17:27:17.733292+05:30","Action":"output","Package":"polymetrics.ai/cmd/connectorgen","Test":"TestCP11FinalPruneOracleRejectsWrongFixture","Output":"=== RUN   TestCP11FinalPruneOracleRejectsWrongFixture\n"}
{"Time":"2026-09-06T17:27:17.733299+05:30","Action":"run","Package":"polymetrics.ai/cmd/connectorgen","Test":"TestCP11FinalPruneOracleRejectsWrongFixture/correct-N"}
{"Time":"2026-09-06T17:27:17.733305+05:30","Action":"output","Package":"polymetrics.ai/cmd/connectorgen","Test":"TestCP11FinalPruneOracleRejectsWrongFixture/correct-N","Output":"=== RUN   TestCP11FinalPruneOracleRejectsWrongFixture/correct-N\n"}
{"Time":"2026-09-06T17:27:18.409667+05:30","Action":"output","Package":"polymetrics.ai/cmd/connectorgen","Test":"TestCP11FinalPruneOracleRejectsWrongFixture/correct-N","Output":"--- PASS: TestCP11FinalPruneOracleRejectsWrongFixture/correct-N (0.68s)\n"}
{"Time":"2026-09-06T17:27:18.409705+05:30","Action":"pass","Package":"polymetrics.ai/cmd/connectorgen","Test":"TestCP11FinalPruneOracleRejectsWrongFixture/correct-N","Elapsed":0.68}
{"Time":"2026-09-06T17:27:18.409716+05:30","Action":"run","Package":"polymetrics.ai/cmd/connectorgen","Test":"TestCP11FinalPruneOracleRejectsWrongFixture/coherent-Q-not-N"}
{"Time":"2026-09-06T17:27:18.40972+05:30","Action":"output","Package":"polymetrics.ai/cmd/connectorgen","Test":"TestCP11FinalPruneOracleRejectsWrongFixture/coherent-Q-not-N","Output":"=== RUN   TestCP11FinalPruneOracleRejectsWrongFixture/coherent-Q-not-N\n"}
{"Time":"2026-09-06T17:27:19.069296+05:30","Action":"output","Package":"polymetrics.ai/cmd/connectorgen","Test":"TestCP11FinalPruneOracleRejectsWrongFixture/coherent-Q-not-N","Output":"--- PASS: TestCP11FinalPruneOracleRejectsWrongFixture/coherent-Q-not-N (0.66s)\n"}
{"Time":"2026-09-06T17:27:19.06933+05:30","Action":"pass","Package":"polymetrics.ai/cmd/connectorgen","Test":"TestCP11FinalPruneOracleRejectsWrongFixture/coherent-Q-not-N","Elapsed":0.66}
{"Time":"2026-09-06T17:27:19.06934+05:30","Action":"output","Package":"polymetrics.ai/cmd/connectorgen","Test":"TestCP11FinalPruneOracleRejectsWrongFixture","Output":"--- PASS: TestCP11FinalPruneOracleRejectsWrongFixture (1.34s)\n"}
{"Time":"2026-09-06T17:27:19.069345+05:30","Action":"pass","Package":"polymetrics.ai/cmd/connectorgen","Test":"TestCP11FinalPruneOracleRejectsWrongFixture","Elapsed":1.34}
{"Time":"2026-09-06T17:27:19.069352+05:30","Action":"run","Package":"polymetrics.ai/cmd/connectorgen","Test":"TestCP11PreparedOracleRejectsWrongIntendedPayload"}
{"Time":"2026-09-06T17:27:19.069355+05:30","Action":"output","Package":"polymetrics.ai/cmd/connectorgen","Test":"TestCP11PreparedOracleRejectsWrongIntendedPayload","Output":"=== RUN   TestCP11PreparedOracleRejectsWrongIntendedPayload\n"}
{"Time":"2026-09-06T17:27:19.069358+05:30","Action":"run","Package":"polymetrics.ai/cmd/connectorgen","Test":"TestCP11PreparedOracleRejectsWrongIntendedPayload/correct-prepared"}
{"Time":"2026-09-06T17:27:19.069362+05:30","Action":"output","Package":"polymetrics.ai/cmd/connectorgen","Test":"TestCP11PreparedOracleRejectsWrongIntendedPayload/correct-prepared","Output":"=== RUN   TestCP11PreparedOracleRejectsWrongIntendedPayload/correct-prepared\n"}
{"Time":"2026-09-06T17:27:19.481151+05:30","Action":"output","Package":"polymetrics.ai/cmd/connectorgen","Test":"TestCP11PreparedOracleRejectsWrongIntendedPayload/correct-prepared","Output":"--- PASS: TestCP11PreparedOracleRejectsWrongIntendedPayload/correct-prepared (0.41s)\n"}
{"Time":"2026-09-06T17:27:19.481167+05:30","Action":"pass","Package":"polymetrics.ai/cmd/connectorgen","Test":"TestCP11PreparedOracleRejectsWrongIntendedPayload/correct-prepared","Elapsed":0.41}
{"Time":"2026-09-06T17:27:19.481174+05:30","Action":"run","Package":"polymetrics.ai/cmd/connectorgen","Test":"TestCP11PreparedOracleRejectsWrongIntendedPayload/well-formed-committed-not-prepared"}
{"Time":"2026-09-06T17:27:19.481178+05:30","Action":"output","Package":"polymetrics.ai/cmd/connectorgen","Test":"TestCP11PreparedOracleRejectsWrongIntendedPayload/well-formed-committed-not-prepared","Output":"=== RUN   TestCP11PreparedOracleRejectsWrongIntendedPayload/well-formed-committed-not-prepared\n"}
{"Time":"2026-09-06T17:27:19.912339+05:30","Action":"output","Package":"polymetrics.ai/cmd/connectorgen","Test":"TestCP11PreparedOracleRejectsWrongIntendedPayload/well-formed-committed-not-prepared","Output":"--- PASS: TestCP11PreparedOracleRejectsWrongIntendedPayload/well-formed-committed-not-prepared (0.43s)\n"}
{"Time":"2026-09-06T17:27:19.912357+05:30","Action":"pass","Package":"polymetrics.ai/cmd/connectorgen","Test":"TestCP11PreparedOracleRejectsWrongIntendedPayload/well-formed-committed-not-prepared","Elapsed":0.43}
{"Time":"2026-09-06T17:27:19.912363+05:30","Action":"output","Package":"polymetrics.ai/cmd/connectorgen","Test":"TestCP11PreparedOracleRejectsWrongIntendedPayload","Output":"--- PASS: TestCP11PreparedOracleRejectsWrongIntendedPayload (0.84s)\n"}
{"Time":"2026-09-06T17:27:19.912377+05:30","Action":"pass","Package":"polymetrics.ai/cmd/connectorgen","Test":"TestCP11PreparedOracleRejectsWrongIntendedPayload","Elapsed":0.84}
{"Time":"2026-09-06T17:27:19.912382+05:30","Action":"run","Package":"polymetrics.ai/cmd/connectorgen","Test":"TestCP11EarlyStageOracleRejectsChangedNonemptyA"}
{"Time":"2026-09-06T17:27:19.912386+05:30","Action":"output","Package":"polymetrics.ai/cmd/connectorgen","Test":"TestCP11EarlyStageOracleRejectsChangedNonemptyA","Output":"=== RUN   TestCP11EarlyStageOracleRejectsChangedNonemptyA\n"}
{"Time":"2026-09-06T17:27:20.333292+05:30","Action":"output","Package":"polymetrics.ai/cmd/connectorgen","Test":"TestCP11EarlyStageOracleRejectsChangedNonemptyA","Output":"--- PASS: TestCP11EarlyStageOracleRejectsChangedNonemptyA (0.42s)\n"}
{"Time":"2026-09-06T17:27:20.333302+05:30","Action":"pass","Package":"polymetrics.ai/cmd/connectorgen","Test":"TestCP11EarlyStageOracleRejectsChangedNonemptyA","Elapsed":0.42}
{"Time":"2026-09-06T17:27:20.333306+05:30","Action":"run","Package":"polymetrics.ai/cmd/connectorgen","Test":"TestCP11EarlyStageOracleRejectsSameByteReplacementA"}
{"Time":"2026-09-06T17:27:20.333309+05:30","Action":"output","Package":"polymetrics.ai/cmd/connectorgen","Test":"TestCP11EarlyStageOracleRejectsSameByteReplacementA","Output":"=== RUN   TestCP11EarlyStageOracleRejectsSameByteReplacementA\n"}
{"Time":"2026-09-06T17:27:20.701608+05:30","Action":"output","Package":"polymetrics.ai/cmd/connectorgen","Test":"TestCP11EarlyStageOracleRejectsSameByteReplacementA","Output":"--- PASS: TestCP11EarlyStageOracleRejectsSameByteReplacementA (0.37s)\n"}
{"Time":"2026-09-06T17:27:20.701632+05:30","Action":"pass","Package":"polymetrics.ai/cmd/connectorgen","Test":"TestCP11EarlyStageOracleRejectsSameByteReplacementA","Elapsed":0.37}
{"Time":"2026-09-06T17:27:20.70164+05:30","Action":"run","Package":"polymetrics.ai/cmd/connectorgen","Test":"TestCP11OwnershipRemainingControlStates"}
{"Time":"2026-09-06T17:27:20.701644+05:30","Action":"output","Package":"polymetrics.ai/cmd/connectorgen","Test":"TestCP11OwnershipRemainingControlStates","Output":"=== RUN   TestCP11OwnershipRemainingControlStates\n"}
{"Time":"2026-09-06T17:27:20.701679+05:30","Action":"run","Package":"polymetrics.ai/cmd/connectorgen","Test":"TestCP11OwnershipRemainingControlStates/CURRENT-absent-present"}
{"Time":"2026-09-06T17:27:20.701684+05:30","Action":"output","Package":"polymetrics.ai/cmd/connectorgen","Test":"TestCP11OwnershipRemainingControlStates/CURRENT-absent-present","Output":"=== RUN   TestCP11OwnershipRemainingControlStates/CURRENT-absent-present\n"}
{"Time":"2026-09-06T17:27:21.258793+05:30","Action":"output","Package":"polymetrics.ai/cmd/connectorgen","Test":"TestCP11OwnershipRemainingControlStates/CURRENT-absent-present","Output":"--- PASS: TestCP11OwnershipRemainingControlStates/CURRENT-absent-present (0.56s)\n"}
{"Time":"2026-09-06T17:27:21.258828+05:30","Action":"pass","Package":"polymetrics.ai/cmd/connectorgen","Test":"TestCP11OwnershipRemainingControlStates/CURRENT-absent-present","Elapsed":0.56}
{"Time":"2026-09-06T17:27:21.258834+05:30","Action":"run","Package":"polymetrics.ai/cmd/connectorgen","Test":"TestCP11OwnershipRemainingControlStates/CURRENT-present-absent"}
{"Time":"2026-09-06T17:27:21.258837+05:30","Action":"output","Package":"polymetrics.ai/cmd/connectorgen","Test":"TestCP11OwnershipRemainingControlStates/CURRENT-present-absent","Output":"=== RUN   TestCP11OwnershipRemainingControlStates/CURRENT-present-absent\n"}
{"Time":"2026-09-06T17:27:22.109093+05:30","Action":"output","Package":"polymetrics.ai/cmd/connectorgen","Test":"TestCP11OwnershipRemainingControlStates/CURRENT-present-absent","Output":"--- PASS: TestCP11OwnershipRemainingControlStates/CURRENT-present-absent (0.85s)\n"}
{"Time":"2026-09-06T17:27:22.109117+05:30","Action":"pass","Package":"polymetrics.ai/cmd/connectorgen","Test":"TestCP11OwnershipRemainingControlStates/CURRENT-present-absent","Elapsed":0.85}
{"Time":"2026-09-06T17:27:22.109135+05:30","Action":"run","Package":"polymetrics.ai/cmd/connectorgen","Test":"TestCP11OwnershipRemainingControlStates/JOURNAL-present-present"}
{"Time":"2026-09-06T17:27:22.109139+05:30","Action":"output","Package":"polymetrics.ai/cmd/connectorgen","Test":"TestCP11OwnershipRemainingControlStates/JOURNAL-present-present","Output":"=== RUN   TestCP11OwnershipRemainingControlStates/JOURNAL-present-present\n"}
{"Time":"2026-09-06T17:27:22.842083+05:30","Action":"output","Package":"polymetrics.ai/cmd/connectorgen","Test":"TestCP11OwnershipRemainingControlStates/JOURNAL-present-present","Output":"--- PASS: TestCP11OwnershipRemainingControlStates/JOURNAL-present-present (0.73s)\n"}
{"Time":"2026-09-06T17:27:22.842106+05:30","Action":"pass","Package":"polymetrics.ai/cmd/connectorgen","Test":"TestCP11OwnershipRemainingControlStates/JOURNAL-present-present","Elapsed":0.73}
{"Time":"2026-09-06T17:27:22.842111+05:30","Action":"run","Package":"polymetrics.ai/cmd/connectorgen","Test":"TestCP11OwnershipRemainingControlStates/JOURNAL-absent-absent-noop"}
{"Time":"2026-09-06T17:27:22.842114+05:30","Action":"output","Package":"polymetrics.ai/cmd/connectorgen","Test":"TestCP11OwnershipRemainingControlStates/JOURNAL-absent-absent-noop","Output":"=== RUN   TestCP11OwnershipRemainingControlStates/JOURNAL-absent-absent-noop\n"}
{"Time":"2026-09-06T17:27:23.295052+05:30","Action":"output","Package":"polymetrics.ai/cmd/connectorgen","Test":"TestCP11OwnershipRemainingControlStates/JOURNAL-absent-absent-noop","Output":"--- PASS: TestCP11OwnershipRemainingControlStates/JOURNAL-absent-absent-noop (0.45s)\n"}
{"Time":"2026-09-06T17:27:23.295069+05:30","Action":"pass","Package":"polymetrics.ai/cmd/connectorgen","Test":"TestCP11OwnershipRemainingControlStates/JOURNAL-absent-absent-noop","Elapsed":0.45}
{"Time":"2026-09-06T17:27:23.295085+05:30","Action":"output","Package":"polymetrics.ai/cmd/connectorgen","Test":"TestCP11OwnershipRemainingControlStates","Output":"--- PASS: TestCP11OwnershipRemainingControlStates (2.59s)\n"}
{"Time":"2026-09-06T17:27:23.295089+05:30","Action":"pass","Package":"polymetrics.ai/cmd/connectorgen","Test":"TestCP11OwnershipRemainingControlStates","Elapsed":2.59}
{"Time":"2026-09-06T17:27:23.295093+05:30","Action":"run","Package":"polymetrics.ai/cmd/connectorgen","Test":"TestVNextGenerationPublisherHeldGenerationUsesStableCleanupLock"}
{"Time":"2026-09-06T17:27:23.295095+05:30","Action":"output","Package":"polymetrics.ai/cmd/connectorgen","Test":"TestVNextGenerationPublisherHeldGenerationUsesStableCleanupLock","Output":"=== RUN   TestVNextGenerationPublisherHeldGenerationUsesStableCleanupLock\n"}
{"Time":"2026-09-06T17:27:23.295125+05:30","Action":"run","Package":"polymetrics.ai/cmd/connectorgen","Test":"TestVNextGenerationPublisherHeldGenerationUsesStableCleanupLock/prune"}
{"Time":"2026-09-06T17:27:23.295136+05:30","Action":"output","Package":"polymetrics.ai/cmd/connectorgen","Test":"TestVNextGenerationPublisherHeldGenerationUsesStableCleanupLock/prune","Output":"=== RUN   TestVNextGenerationPublisherHeldGenerationUsesStableCleanupLock/prune\n"}
{"Time":"2026-09-06T17:27:24.117434+05:30","Action":"output","Package":"polymetrics.ai/cmd/connectorgen","Test":"TestVNextGenerationPublisherHeldGenerationUsesStableCleanupLock/prune","Output":"--- PASS: TestVNextGenerationPublisherHeldGenerationUsesStableCleanupLock/prune (0.82s)\n"}
{"Time":"2026-09-06T17:27:24.11746+05:30","Action":"pass","Package":"polymetrics.ai/cmd/connectorgen","Test":"TestVNextGenerationPublisherHeldGenerationUsesStableCleanupLock/prune","Elapsed":0.82}
{"Time":"2026-09-06T17:27:24.117467+05:30","Action":"run","Package":"polymetrics.ai/cmd/connectorgen","Test":"TestVNextGenerationPublisherHeldGenerationUsesStableCleanupLock/publish"}
{"Time":"2026-09-06T17:27:24.117471+05:30","Action":"output","Package":"polymetrics.ai/cmd/connectorgen","Test":"TestVNextGenerationPublisherHeldGenerationUsesStableCleanupLock/publish","Output":"=== RUN   TestVNextGenerationPublisherHeldGenerationUsesStableCleanupLock/publish\n"}
{"Time":"2026-09-06T17:27:25.354593+05:30","Action":"output","Package":"polymetrics.ai/cmd/connectorgen","Test":"TestVNextGenerationPublisherHeldGenerationUsesStableCleanupLock/publish","Output":"--- PASS: TestVNextGenerationPublisherHeldGenerationUsesStableCleanupLock/publish (1.24s)\n"}
{"Time":"2026-09-06T17:27:25.354627+05:30","Action":"pass","Package":"polymetrics.ai/cmd/connectorgen","Test":"TestVNextGenerationPublisherHeldGenerationUsesStableCleanupLock/publish","Elapsed":1.24}
{"Time":"2026-09-06T17:27:25.354634+05:30","Action":"run","Package":"polymetrics.ai/cmd/connectorgen","Test":"TestVNextGenerationPublisherHeldGenerationUsesStableCleanupLock/recover"}
{"Time":"2026-09-06T17:27:25.354637+05:30","Action":"output","Package":"polymetrics.ai/cmd/connectorgen","Test":"TestVNextGenerationPublisherHeldGenerationUsesStableCleanupLock/recover","Output":"=== RUN   TestVNextGenerationPublisherHeldGenerationUsesStableCleanupLock/recover\n"}
{"Time":"2026-09-06T17:27:26.037622+05:30","Action":"output","Package":"polymetrics.ai/cmd/connectorgen","Test":"TestVNextGenerationPublisherHeldGenerationUsesStableCleanupLock/recover","Output":"--- PASS: TestVNextGenerationPublisherHeldGenerationUsesStableCleanupLock/recover (0.68s)\n"}
{"Time":"2026-09-06T17:27:26.037645+05:30","Action":"pass","Package":"polymetrics.ai/cmd/connectorgen","Test":"TestVNextGenerationPublisherHeldGenerationUsesStableCleanupLock/recover","Elapsed":0.68}
{"Time":"2026-09-06T17:27:26.037661+05:30","Action":"output","Package":"polymetrics.ai/cmd/connectorgen","Test":"TestVNextGenerationPublisherHeldGenerationUsesStableCleanupLock","Output":"--- PASS: TestVNextGenerationPublisherHeldGenerationUsesStableCleanupLock (2.74s)\n"}
{"Time":"2026-09-06T17:27:26.037665+05:30","Action":"pass","Package":"polymetrics.ai/cmd/connectorgen","Test":"TestVNextGenerationPublisherHeldGenerationUsesStableCleanupLock","Elapsed":2.74}
{"Time":"2026-09-06T17:27:26.03767+05:30","Action":"run","Package":"polymetrics.ai/cmd/connectorgen","Test":"TestVNextGenerationPublisherCheckIsReadOnly"}
{"Time":"2026-09-06T17:27:26.037673+05:30","Action":"output","Package":"polymetrics.ai/cmd/connectorgen","Test":"TestVNextGenerationPublisherCheckIsReadOnly","Output":"=== RUN   TestVNextGenerationPublisherCheckIsReadOnly\n"}
{"Time":"2026-09-06T17:27:26.750915+05:30","Action":"output","Package":"polymetrics.ai/cmd/connectorgen","Test":"TestVNextGenerationPublisherCheckIsReadOnly","Output":"--- PASS: TestVNextGenerationPublisherCheckIsReadOnly (0.71s)\n"}
{"Time":"2026-09-06T17:27:26.750946+05:30","Action":"pass","Package":"polymetrics.ai/cmd/connectorgen","Test":"TestVNextGenerationPublisherCheckIsReadOnly","Elapsed":0.71}
{"Time":"2026-09-06T17:27:26.750953+05:30","Action":"run","Package":"polymetrics.ai/cmd/connectorgen","Test":"TestVNextGenerationPublisherCheckRefusesPendingJournalWithoutRecovery"}
{"Time":"2026-09-06T17:27:26.750957+05:30","Action":"output","Package":"polymetrics.ai/cmd/connectorgen","Test":"TestVNextGenerationPublisherCheckRefusesPendingJournalWithoutRecovery","Output":"=== RUN   TestVNextGenerationPublisherCheckRefusesPendingJournalWithoutRecovery\n"}
{"Time":"2026-09-06T17:27:27.087965+05:30","Action":"output","Package":"polymetrics.ai/cmd/connectorgen","Test":"TestVNextGenerationPublisherCheckRefusesPendingJournalWithoutRecovery","Output":"--- PASS: TestVNextGenerationPublisherCheckRefusesPendingJournalWithoutRecovery (0.34s)\n"}
{"Time":"2026-09-06T17:27:27.08799+05:30","Action":"pass","Package":"polymetrics.ai/cmd/connectorgen","Test":"TestVNextGenerationPublisherCheckRefusesPendingJournalWithoutRecovery","Elapsed":0.34}
{"Time":"2026-09-06T17:27:27.087999+05:30","Action":"run","Package":"polymetrics.ai/cmd/connectorgen","Test":"TestVNextGenerationPublisherRefusesReplacedValidatedStageCleanup"}
{"Time":"2026-09-06T17:27:27.088004+05:30","Action":"output","Package":"polymetrics.ai/cmd/connectorgen","Test":"TestVNextGenerationPublisherRefusesReplacedValidatedStageCleanup","Output":"=== RUN   TestVNextGenerationPublisherRefusesReplacedValidatedStageCleanup\n"}
{"Time":"2026-09-06T17:27:27.922504+05:30","Action":"output","Package":"polymetrics.ai/cmd/connectorgen","Test":"TestVNextGenerationPublisherRefusesReplacedValidatedStageCleanup","Output":"--- PASS: TestVNextGenerationPublisherRefusesReplacedValidatedStageCleanup (0.83s)\n"}
{"Time":"2026-09-06T17:27:27.922537+05:30","Action":"pass","Package":"polymetrics.ai/cmd/connectorgen","Test":"TestVNextGenerationPublisherRefusesReplacedValidatedStageCleanup","Elapsed":0.83}
{"Time":"2026-09-06T17:27:27.922544+05:30","Action":"run","Package":"polymetrics.ai/cmd/connectorgen","Test":"TestVNextGenerationPublisherRefusesLateReplacedValidatedStageCleanup"}
{"Time":"2026-09-06T17:27:27.922549+05:30","Action":"output","Package":"polymetrics.ai/cmd/connectorgen","Test":"TestVNextGenerationPublisherRefusesLateReplacedValidatedStageCleanup","Output":"=== RUN   TestVNextGenerationPublisherRefusesLateReplacedValidatedStageCleanup\n"}
{"Time":"2026-09-06T17:27:28.656228+05:30","Action":"output","Package":"polymetrics.ai/cmd/connectorgen","Test":"TestVNextGenerationPublisherRefusesLateReplacedValidatedStageCleanup","Output":"--- PASS: TestVNextGenerationPublisherRefusesLateReplacedValidatedStageCleanup (0.73s)\n"}
{"Time":"2026-09-06T17:27:28.656256+05:30","Action":"pass","Package":"polymetrics.ai/cmd/connectorgen","Test":"TestVNextGenerationPublisherRefusesLateReplacedValidatedStageCleanup","Elapsed":0.73}
{"Time":"2026-09-06T17:27:28.656263+05:30","Action":"run","Package":"polymetrics.ai/cmd/connectorgen","Test":"TestVNextGenerationPublisherRefusesLateLeaseReplacementAcrossPublicCleanupCallers"}
{"Time":"2026-09-06T17:27:28.656267+05:30","Action":"output","Package":"polymetrics.ai/cmd/connectorgen","Test":"TestVNextGenerationPublisherRefusesLateLeaseReplacementAcrossPublicCleanupCallers","Output":"=== RUN   TestVNextGenerationPublisherRefusesLateLeaseReplacementAcrossPublicCleanupCallers\n"}
{"Time":"2026-09-06T17:27:28.656272+05:30","Action":"run","Package":"polymetrics.ai/cmd/connectorgen","Test":"TestVNextGenerationPublisherRefusesLateLeaseReplacementAcrossPublicCleanupCallers/prune"}
{"Time":"2026-09-06T17:27:28.656275+05:30","Action":"output","Package":"polymetrics.ai/cmd/connectorgen","Test":"TestVNextGenerationPublisherRefusesLateLeaseReplacementAcrossPublicCleanupCallers/prune","Output":"=== RUN   TestVNextGenerationPublisherRefusesLateLeaseReplacementAcrossPublicCleanupCallers/prune\n"}
{"Time":"2026-09-06T17:27:29.428121+05:30","Action":"output","Package":"polymetrics.ai/cmd/connectorgen","Test":"TestVNextGenerationPublisherRefusesLateLeaseReplacementAcrossPublicCleanupCallers/prune","Output":"--- PASS: TestVNextGenerationPublisherRefusesLateLeaseReplacementAcrossPublicCleanupCallers/prune (0.77s)\n"}
{"Time":"2026-09-06T17:27:29.428143+05:30","Action":"pass","Package":"polymetrics.ai/cmd/connectorgen","Test":"TestVNextGenerationPublisherRefusesLateLeaseReplacementAcrossPublicCleanupCallers/prune","Elapsed":0.77}
{"Time":"2026-09-06T17:27:29.42815+05:30","Action":"run","Package":"polymetrics.ai/cmd/connectorgen","Test":"TestVNextGenerationPublisherRefusesLateLeaseReplacementAcrossPublicCleanupCallers/no_journal_recovery"}
{"Time":"2026-09-06T17:27:29.428153+05:30","Action":"output","Package":"polymetrics.ai/cmd/connectorgen","Test":"TestVNextGenerationPublisherRefusesLateLeaseReplacementAcrossPublicCleanupCallers/no_journal_recovery","Output":"=== RUN   TestVNextGenerationPublisherRefusesLateLeaseReplacementAcrossPublicCleanupCallers/no_journal_recovery\n"}
{"Time":"2026-09-06T17:27:30.214739+05:30","Action":"output","Package":"polymetrics.ai/cmd/connectorgen","Test":"TestVNextGenerationPublisherRefusesLateLeaseReplacementAcrossPublicCleanupCallers/no_journal_recovery","Output":"--- PASS: TestVNextGenerationPublisherRefusesLateLeaseReplacementAcrossPublicCleanupCallers/no_journal_recovery (0.79s)\n"}
{"Time":"2026-09-06T17:27:30.214762+05:30","Action":"pass","Package":"polymetrics.ai/cmd/connectorgen","Test":"TestVNextGenerationPublisherRefusesLateLeaseReplacementAcrossPublicCleanupCallers/no_journal_recovery","Elapsed":0.79}
{"Time":"2026-09-06T17:27:30.21477+05:30","Action":"run","Package":"polymetrics.ai/cmd/connectorgen","Test":"TestVNextGenerationPublisherRefusesLateLeaseReplacementAcrossPublicCleanupCallers/publish_initial_recovery"}
{"Time":"2026-09-06T17:27:30.214773+05:30","Action":"output","Package":"polymetrics.ai/cmd/connectorgen","Test":"TestVNextGenerationPublisherRefusesLateLeaseReplacementAcrossPublicCleanupCallers/publish_initial_recovery","Output":"=== RUN   TestVNextGenerationPublisherRefusesLateLeaseReplacementAcrossPublicCleanupCallers/publish_initial_recovery\n"}
{"Time":"2026-09-06T17:27:31.056014+05:30","Action":"output","Package":"polymetrics.ai/cmd/connectorgen","Test":"TestVNextGenerationPublisherRefusesLateLeaseReplacementAcrossPublicCleanupCallers/publish_initial_recovery","Output":"--- PASS: TestVNextGenerationPublisherRefusesLateLeaseReplacementAcrossPublicCleanupCallers/publish_initial_recovery (0.84s)\n"}
{"Time":"2026-09-06T17:27:31.056039+05:30","Action":"pass","Package":"polymetrics.ai/cmd/connectorgen","Test":"TestVNextGenerationPublisherRefusesLateLeaseReplacementAcrossPublicCleanupCallers/publish_initial_recovery","Elapsed":0.84}
{"Time":"2026-09-06T17:27:31.056046+05:30","Action":"run","Package":"polymetrics.ai/cmd/connectorgen","Test":"TestVNextGenerationPublisherRefusesLateLeaseReplacementAcrossPublicCleanupCallers/open_transitive_recovery"}
{"Time":"2026-09-06T17:27:31.056065+05:30","Action":"output","Package":"polymetrics.ai/cmd/connectorgen","Test":"TestVNextGenerationPublisherRefusesLateLeaseReplacementAcrossPublicCleanupCallers/open_transitive_recovery","Output":"=== RUN   TestVNextGenerationPublisherRefusesLateLeaseReplacementAcrossPublicCleanupCallers/open_transitive_recovery\n"}
{"Time":"2026-09-06T17:27:31.826631+05:30","Action":"output","Package":"polymetrics.ai/cmd/connectorgen","Test":"TestVNextGenerationPublisherRefusesLateLeaseReplacementAcrossPublicCleanupCallers/open_transitive_recovery","Output":"--- PASS: TestVNextGenerationPublisherRefusesLateLeaseReplacementAcrossPublicCleanupCallers/open_transitive_recovery (0.77s)\n"}
{"Time":"2026-09-06T17:27:31.826652+05:30","Action":"pass","Package":"polymetrics.ai/cmd/connectorgen","Test":"TestVNextGenerationPublisherRefusesLateLeaseReplacementAcrossPublicCleanupCallers/open_transitive_recovery","Elapsed":0.77}
{"Time":"2026-09-06T17:27:31.826673+05:30","Action":"run","Package":"polymetrics.ai/cmd/connectorgen","Test":"TestVNextGenerationPublisherRefusesLateLeaseReplacementAcrossPublicCleanupCallers/prepared_journal/new-selected_recovery"}
{"Time":"2026-09-06T17:27:31.826678+05:30","Action":"output","Package":"polymetrics.ai/cmd/connectorgen","Test":"TestVNextGenerationPublisherRefusesLateLeaseReplacementAcrossPublicCleanupCallers/prepared_journal/new-selected_recovery","Output":"=== RUN   TestVNextGenerationPublisherRefusesLateLeaseReplacementAcrossPublicCleanupCallers/prepared_journal/new-selected_recovery\n"}
{"Time":"2026-09-06T17:27:32.461203+05:30","Action":"output","Package":"polymetrics.ai/cmd/connectorgen","Test":"TestVNextGenerationPublisherRefusesLateLeaseReplacementAcrossPublicCleanupCallers/prepared_journal/new-selected_recovery","Output":"--- PASS: TestVNextGenerationPublisherRefusesLateLeaseReplacementAcrossPublicCleanupCallers/prepared_journal/new-selected_recovery (0.63s)\n"}
{"Time":"2026-09-06T17:27:32.461224+05:30","Action":"pass","Package":"polymetrics.ai/cmd/connectorgen","Test":"TestVNextGenerationPublisherRefusesLateLeaseReplacementAcrossPublicCleanupCallers/prepared_journal/new-selected_recovery","Elapsed":0.63}
{"Time":"2026-09-06T17:27:32.461231+05:30","Action":"output","Package":"polymetrics.ai/cmd/connectorgen","Test":"TestVNextGenerationPublisherRefusesLateLeaseReplacementAcrossPublicCleanupCallers","Output":"--- PASS: TestVNextGenerationPublisherRefusesLateLeaseReplacementAcrossPublicCleanupCallers (3.80s)\n"}
{"Time":"2026-09-06T17:27:32.461235+05:30","Action":"pass","Package":"polymetrics.ai/cmd/connectorgen","Test":"TestVNextGenerationPublisherRefusesLateLeaseReplacementAcrossPublicCleanupCallers","Elapsed":3.8}
{"Time":"2026-09-06T17:27:32.46124+05:30","Action":"output","Package":"polymetrics.ai/cmd/connectorgen","Output":"PASS\n"}
{"Time":"2026-09-06T17:27:32.462169+05:30","Action":"output","Package":"polymetrics.ai/cmd/connectorgen","Output":"ok  \tpolymetrics.ai/cmd/connectorgen\t48.131s\n"}
{"Time":"2026-09-06T17:27:32.462188+05:30","Action":"pass","Package":"polymetrics.ai/cmd/connectorgen","Elapsed":48.132}
