{"Time":"2026-09-06T17:27:37.131615+05:30","Action":"start","Package":"polymetrics.ai/cmd/connectorgen"}
{"Time":"2026-09-06T17:27:38.193892+05:30","Action":"run","Package":"polymetrics.ai/cmd/connectorgen","Test":"TestVNextPublicationUnheldDurableRowsRetainEmptyLeaseReplacementB"}
{"Time":"2026-09-06T17:27:38.193977+05:30","Action":"output","Package":"polymetrics.ai/cmd/connectorgen","Test":"TestVNextPublicationUnheldDurableRowsRetainEmptyLeaseReplacementB","Output":"=== RUN   TestVNextPublicationUnheldDurableRowsRetainEmptyLeaseReplacementB\n"}
{"Time":"2026-09-06T17:27:38.19401+05:30","Action":"run","Package":"polymetrics.ai/cmd/connectorgen","Test":"TestVNextPublicationUnheldDurableRowsRetainEmptyLeaseReplacementB/explicit-prune"}
{"Time":"2026-09-06T17:27:38.194014+05:30","Action":"output","Package":"polymetrics.ai/cmd/connectorgen","Test":"TestVNextPublicationUnheldDurableRowsRetainEmptyLeaseReplacementB/explicit-prune","Output":"=== RUN   TestVNextPublicationUnheldDurableRowsRetainEmptyLeaseReplacementB/explicit-prune\n"}
{"Time":"2026-09-06T17:27:39.350907+05:30","Action":"output","Package":"polymetrics.ai/cmd/connectorgen","Test":"TestVNextPublicationUnheldDurableRowsRetainEmptyLeaseReplacementB/explicit-prune","Output":"--- PASS: TestVNextPublicationUnheldDurableRowsRetainEmptyLeaseReplacementB/explicit-prune (1.16s)\n"}
{"Time":"2026-09-06T17:27:39.350933+05:30","Action":"pass","Package":"polymetrics.ai/cmd/connectorgen","Test":"TestVNextPublicationUnheldDurableRowsRetainEmptyLeaseReplacementB/explicit-prune","Elapsed":1.16}
{"Time":"2026-09-06T17:27:39.350964+05:30","Action":"run","Package":"polymetrics.ai/cmd/connectorgen","Test":"TestVNextPublicationUnheldDurableRowsRetainEmptyLeaseReplacementB/no-journal-recover"}
{"Time":"2026-09-06T17:27:39.350969+05:30","Action":"output","Package":"polymetrics.ai/cmd/connectorgen","Test":"TestVNextPublicationUnheldDurableRowsRetainEmptyLeaseReplacementB/no-journal-recover","Output":"=== RUN   TestVNextPublicationUnheldDurableRowsRetainEmptyLeaseReplacementB/no-journal-recover\n"}
{"Time":"2026-09-06T17:27:40.528131+05:30","Action":"output","Package":"polymetrics.ai/cmd/connectorgen","Test":"TestVNextPublicationUnheldDurableRowsRetainEmptyLeaseReplacementB/no-journal-recover","Output":"--- PASS: TestVNextPublicationUnheldDurableRowsRetainEmptyLeaseReplacementB/no-journal-recover (1.18s)\n"}
{"Time":"2026-09-06T17:27:40.528162+05:30","Action":"pass","Package":"polymetrics.ai/cmd/connectorgen","Test":"TestVNextPublicationUnheldDurableRowsRetainEmptyLeaseReplacementB/no-journal-recover","Elapsed":1.18}
{"Time":"2026-09-06T17:27:40.52819+05:30","Action":"run","Package":"polymetrics.ai/cmd/connectorgen","Test":"TestVNextPublicationUnheldDurableRowsRetainEmptyLeaseReplacementB/publish-initial-recovery"}
{"Time":"2026-09-06T17:27:40.528195+05:30","Action":"output","Package":"polymetrics.ai/cmd/connectorgen","Test":"TestVNextPublicationUnheldDurableRowsRetainEmptyLeaseReplacementB/publish-initial-recovery","Output":"=== RUN   TestVNextPublicationUnheldDurableRowsRetainEmptyLeaseReplacementB/publish-initial-recovery\n"}
{"Time":"2026-09-06T17:27:41.63276+05:30","Action":"output","Package":"polymetrics.ai/cmd/connectorgen","Test":"TestVNextPublicationUnheldDurableRowsRetainEmptyLeaseReplacementB/publish-initial-recovery","Output":"--- PASS: TestVNextPublicationUnheldDurableRowsRetainEmptyLeaseReplacementB/publish-initial-recovery (1.10s)\n"}
{"Time":"2026-09-06T17:27:41.632789+05:30","Action":"pass","Package":"polymetrics.ai/cmd/connectorgen","Test":"TestVNextPublicationUnheldDurableRowsRetainEmptyLeaseReplacementB/publish-initial-recovery","Elapsed":1.1}
{"Time":"2026-09-06T17:27:41.632798+05:30","Action":"run","Package":"polymetrics.ai/cmd/connectorgen","Test":"TestVNextPublicationUnheldDurableRowsRetainEmptyLeaseReplacementB/open-transitive-recovery"}
{"Time":"2026-09-06T17:27:41.632802+05:30","Action":"output","Package":"polymetrics.ai/cmd/connectorgen","Test":"TestVNextPublicationUnheldDurableRowsRetainEmptyLeaseReplacementB/open-transitive-recovery","Output":"=== RUN   TestVNextPublicationUnheldDurableRowsRetainEmptyLeaseReplacementB/open-transitive-recovery\n"}
{"Time":"2026-09-06T17:27:42.767721+05:30","Action":"output","Package":"polymetrics.ai/cmd/connectorgen","Test":"TestVNextPublicationUnheldDurableRowsRetainEmptyLeaseReplacementB/open-transitive-recovery","Output":"--- PASS: TestVNextPublicationUnheldDurableRowsRetainEmptyLeaseReplacementB/open-transitive-recovery (1.13s)\n"}
{"Time":"2026-09-06T17:27:42.767749+05:30","Action":"pass","Package":"polymetrics.ai/cmd/connectorgen","Test":"TestVNextPublicationUnheldDurableRowsRetainEmptyLeaseReplacementB/open-transitive-recovery","Elapsed":1.13}
{"Time":"2026-09-06T17:27:42.76776+05:30","Action":"run","Package":"polymetrics.ai/cmd/connectorgen","Test":"TestVNextPublicationUnheldDurableRowsRetainEmptyLeaseReplacementB/prepared-new-selected-recover"}
{"Time":"2026-09-06T17:27:42.767764+05:30","Action":"output","Package":"polymetrics.ai/cmd/connectorgen","Test":"TestVNextPublicationUnheldDurableRowsRetainEmptyLeaseReplacementB/prepared-new-selected-recover","Output":"=== RUN   TestVNextPublicationUnheldDurableRowsRetainEmptyLeaseReplacementB/prepared-new-selected-recover\n"}
{"Time":"2026-09-06T17:27:43.734266+05:30","Action":"output","Package":"polymetrics.ai/cmd/connectorgen","Test":"TestVNextPublicationUnheldDurableRowsRetainEmptyLeaseReplacementB/prepared-new-selected-recover","Output":"--- PASS: TestVNextPublicationUnheldDurableRowsRetainEmptyLeaseReplacementB/prepared-new-selected-recover (0.97s)\n"}
{"Time":"2026-09-06T17:27:43.734286+05:30","Action":"pass","Package":"polymetrics.ai/cmd/connectorgen","Test":"TestVNextPublicationUnheldDurableRowsRetainEmptyLeaseReplacementB/prepared-new-selected-recover","Elapsed":0.97}
{"Time":"2026-09-06T17:27:43.734308+05:30","Action":"run","Package":"polymetrics.ai/cmd/connectorgen","Test":"TestVNextPublicationUnheldDurableRowsRetainEmptyLeaseReplacementB/committed-new-selected-recover"}
{"Time":"2026-09-06T17:27:43.734312+05:30","Action":"output","Package":"polymetrics.ai/cmd/connectorgen","Test":"TestVNextPublicationUnheldDurableRowsRetainEmptyLeaseReplacementB/committed-new-selected-recover","Output":"=== RUN   TestVNextPublicationUnheldDurableRowsRetainEmptyLeaseReplacementB/committed-new-selected-recover\n"}
{"Time":"2026-09-06T17:27:44.830353+05:30","Action":"output","Package":"polymetrics.ai/cmd/connectorgen","Test":"TestVNextPublicationUnheldDurableRowsRetainEmptyLeaseReplacementB/committed-new-selected-recover","Output":"--- PASS: TestVNextPublicationUnheldDurableRowsRetainEmptyLeaseReplacementB/committed-new-selected-recover (1.10s)\n"}
{"Time":"2026-09-06T17:27:44.830376+05:30","Action":"pass","Package":"polymetrics.ai/cmd/connectorgen","Test":"TestVNextPublicationUnheldDurableRowsRetainEmptyLeaseReplacementB/committed-new-selected-recover","Elapsed":1.1}
{"Time":"2026-09-06T17:27:44.830386+05:30","Action":"run","Package":"polymetrics.ai/cmd/connectorgen","Test":"TestVNextPublicationUnheldDurableRowsRetainEmptyLeaseReplacementB/successful-publish-final-prune"}
{"Time":"2026-09-06T17:27:44.83039+05:30","Action":"output","Package":"polymetrics.ai/cmd/connectorgen","Test":"TestVNextPublicationUnheldDurableRowsRetainEmptyLeaseReplacementB/successful-publish-final-prune","Output":"=== RUN   TestVNextPublicationUnheldDurableRowsRetainEmptyLeaseReplacementB/successful-publish-final-prune\n"}
{"Time":"2026-09-06T17:27:45.95109+05:30","Action":"output","Package":"polymetrics.ai/cmd/connectorgen","Test":"TestVNextPublicationUnheldDurableRowsRetainEmptyLeaseReplacementB/successful-publish-final-prune","Output":"--- PASS: TestVNextPublicationUnheldDurableRowsRetainEmptyLeaseReplacementB/successful-publish-final-prune (1.12s)\n"}
{"Time":"2026-09-06T17:27:45.951114+05:30","Action":"pass","Package":"polymetrics.ai/cmd/connectorgen","Test":"TestVNextPublicationUnheldDurableRowsRetainEmptyLeaseReplacementB/successful-publish-final-prune","Elapsed":1.12}
{"Time":"2026-09-06T17:27:45.951133+05:30","Action":"output","Package":"polymetrics.ai/cmd/connectorgen","Test":"TestVNextPublicationUnheldDurableRowsRetainEmptyLeaseReplacementB","Output":"--- PASS: TestVNextPublicationUnheldDurableRowsRetainEmptyLeaseReplacementB (7.76s)\n"}
{"Time":"2026-09-06T17:27:45.951142+05:30","Action":"pass","Package":"polymetrics.ai/cmd/connectorgen","Test":"TestVNextPublicationUnheldDurableRowsRetainEmptyLeaseReplacementB","Elapsed":7.76}
{"Time":"2026-09-06T17:27:45.951151+05:30","Action":"run","Package":"polymetrics.ai/cmd/connectorgen","Test":"TestVNextPublicationCommittedJournalNewSelectedRecoveryRejectsLateLeaseReplacement"}
{"Time":"2026-09-06T17:27:45.951155+05:30","Action":"output","Package":"polymetrics.ai/cmd/connectorgen","Test":"TestVNextPublicationCommittedJournalNewSelectedRecoveryRejectsLateLeaseReplacement","Output":"=== RUN   TestVNextPublicationCommittedJournalNewSelectedRecoveryRejectsLateLeaseReplacement\n"}
{"Time":"2026-09-06T17:27:47.25326+05:30","Action":"output","Package":"polymetrics.ai/cmd/connectorgen","Test":"TestVNextPublicationCommittedJournalNewSelectedRecoveryRejectsLateLeaseReplacement","Output":"--- PASS: TestVNextPublicationCommittedJournalNewSelectedRecoveryRejectsLateLeaseReplacement (1.30s)\n"}
{"Time":"2026-09-06T17:27:47.25329+05:30","Action":"pass","Package":"polymetrics.ai/cmd/connectorgen","Test":"TestVNextPublicationCommittedJournalNewSelectedRecoveryRejectsLateLeaseReplacement","Elapsed":1.3}
{"Time":"2026-09-06T17:27:47.253298+05:30","Action":"run","Package":"polymetrics.ai/cmd/connectorgen","Test":"TestVNextPublicationSuccessfulPublishFinalPruneRejectsLateLeaseReplacement"}
{"Time":"2026-09-06T17:27:47.253303+05:30","Action":"output","Package":"polymetrics.ai/cmd/connectorgen","Test":"TestVNextPublicationSuccessfulPublishFinalPruneRejectsLateLeaseReplacement","Output":"=== RUN   TestVNextPublicationSuccessfulPublishFinalPruneRejectsLateLeaseReplacement\n"}
{"Time":"2026-09-06T17:27:48.307597+05:30","Action":"output","Package":"polymetrics.ai/cmd/connectorgen","Test":"TestVNextPublicationSuccessfulPublishFinalPruneRejectsLateLeaseReplacement","Output":"--- PASS: TestVNextPublicationSuccessfulPublishFinalPruneRejectsLateLeaseReplacement (1.05s)\n"}
{"Time":"2026-09-06T17:27:48.307621+05:30","Action":"pass","Package":"polymetrics.ai/cmd/connectorgen","Test":"TestVNextPublicationSuccessfulPublishFinalPruneRejectsLateLeaseReplacement","Elapsed":1.05}
{"Time":"2026-09-06T17:27:48.307628+05:30","Action":"run","Package":"polymetrics.ai/cmd/connectorgen","Test":"TestVNextPublicationFreshRejectedNewRecoveryRejectsLateLeaseReplacement"}
{"Time":"2026-09-06T17:27:48.307633+05:30","Action":"output","Package":"polymetrics.ai/cmd/connectorgen","Test":"TestVNextPublicationFreshRejectedNewRecoveryRejectsLateLeaseReplacement","Output":"=== RUN   TestVNextPublicationFreshRejectedNewRecoveryRejectsLateLeaseReplacement\n"}
{"Time":"2026-09-06T17:27:48.307645+05:30","Action":"run","Package":"polymetrics.ai/cmd/connectorgen","Test":"TestVNextPublicationFreshRejectedNewRecoveryRejectsLateLeaseReplacement/empty-B"}
{"Time":"2026-09-06T17:27:48.307652+05:30","Action":"output","Package":"polymetrics.ai/cmd/connectorgen","Test":"TestVNextPublicationFreshRejectedNewRecoveryRejectsLateLeaseReplacement/empty-B","Output":"=== RUN   TestVNextPublicationFreshRejectedNewRecoveryRejectsLateLeaseReplacement/empty-B\n"}
{"Time":"2026-09-06T17:27:49.144123+05:30","Action":"output","Package":"polymetrics.ai/cmd/connectorgen","Test":"TestVNextPublicationFreshRejectedNewRecoveryRejectsLateLeaseReplacement/empty-B","Output":"--- PASS: TestVNextPublicationFreshRejectedNewRecoveryRejectsLateLeaseReplacement/empty-B (0.84s)\n"}
{"Time":"2026-09-06T17:27:49.144147+05:30","Action":"pass","Package":"polymetrics.ai/cmd/connectorgen","Test":"TestVNextPublicationFreshRejectedNewRecoveryRejectsLateLeaseReplacement/empty-B","Elapsed":0.84}
{"Time":"2026-09-06T17:27:49.144162+05:30","Action":"run","Package":"polymetrics.ai/cmd/connectorgen","Test":"TestVNextPublicationFreshRejectedNewRecoveryRejectsLateLeaseReplacement/nonempty-B"}
{"Time":"2026-09-06T17:27:49.144168+05:30","Action":"output","Package":"polymetrics.ai/cmd/connectorgen","Test":"TestVNextPublicationFreshRejectedNewRecoveryRejectsLateLeaseReplacement/nonempty-B","Output":"=== RUN   TestVNextPublicationFreshRejectedNewRecoveryRejectsLateLeaseReplacement/nonempty-B\n"}
{"Time":"2026-09-06T17:27:49.993152+05:30","Action":"output","Package":"polymetrics.ai/cmd/connectorgen","Test":"TestVNextPublicationFreshRejectedNewRecoveryRejectsLateLeaseReplacement/nonempty-B","Output":"--- PASS: TestVNextPublicationFreshRejectedNewRecoveryRejectsLateLeaseReplacement/nonempty-B (0.85s)\n"}
{"Time":"2026-09-06T17:27:49.993178+05:30","Action":"pass","Package":"polymetrics.ai/cmd/connectorgen","Test":"TestVNextPublicationFreshRejectedNewRecoveryRejectsLateLeaseReplacement/nonempty-B","Elapsed":0.85}
{"Time":"2026-09-06T17:27:49.993191+05:30","Action":"output","Package":"polymetrics.ai/cmd/connectorgen","Test":"TestVNextPublicationFreshRejectedNewRecoveryRejectsLateLeaseReplacement","Output":"--- PASS: TestVNextPublicationFreshRejectedNewRecoveryRejectsLateLeaseReplacement (1.69s)\n"}
{"Time":"2026-09-06T17:27:49.993195+05:30","Action":"pass","Package":"polymetrics.ai/cmd/connectorgen","Test":"TestVNextPublicationFreshRejectedNewRecoveryRejectsLateLeaseReplacement","Elapsed":1.69}
{"Time":"2026-09-06T17:27:49.993199+05:30","Action":"run","Package":"polymetrics.ai/cmd/connectorgen","Test":"TestVNextPublicationImmediateRollbackRejectsLateLeaseReplacementIdentityVariants"}
{"Time":"2026-09-06T17:27:49.993219+05:30","Action":"output","Package":"polymetrics.ai/cmd/connectorgen","Test":"TestVNextPublicationImmediateRollbackRejectsLateLeaseReplacementIdentityVariants","Output":"=== RUN   TestVNextPublicationImmediateRollbackRejectsLateLeaseReplacementIdentityVariants\n"}
{"Time":"2026-09-06T17:27:49.993233+05:30","Action":"run","Package":"polymetrics.ai/cmd/connectorgen","Test":"TestVNextPublicationImmediateRollbackRejectsLateLeaseReplacementIdentityVariants/empty-B"}
{"Time":"2026-09-06T17:27:49.993237+05:30","Action":"output","Package":"polymetrics.ai/cmd/connectorgen","Test":"TestVNextPublicationImmediateRollbackRejectsLateLeaseReplacementIdentityVariants/empty-B","Output":"=== RUN   TestVNextPublicationImmediateRollbackRejectsLateLeaseReplacementIdentityVariants/empty-B\n"}
{"Time":"2026-09-06T17:27:51.065227+05:30","Action":"output","Package":"polymetrics.ai/cmd/connectorgen","Test":"TestVNextPublicationImmediateRollbackRejectsLateLeaseReplacementIdentityVariants/empty-B","Output":"--- PASS: TestVNextPublicationImmediateRollbackRejectsLateLeaseReplacementIdentityVariants/empty-B (1.07s)\n"}
{"Time":"2026-09-06T17:27:51.065248+05:30","Action":"pass","Package":"polymetrics.ai/cmd/connectorgen","Test":"TestVNextPublicationImmediateRollbackRejectsLateLeaseReplacementIdentityVariants/empty-B","Elapsed":1.07}
{"Time":"2026-09-06T17:27:51.065268+05:30","Action":"run","Package":"polymetrics.ai/cmd/connectorgen","Test":"TestVNextPublicationImmediateRollbackRejectsLateLeaseReplacementIdentityVariants/nonempty-B"}
{"Time":"2026-09-06T17:27:51.065272+05:30","Action":"output","Package":"polymetrics.ai/cmd/connectorgen","Test":"TestVNextPublicationImmediateRollbackRejectsLateLeaseReplacementIdentityVariants/nonempty-B","Output":"=== RUN   TestVNextPublicationImmediateRollbackRejectsLateLeaseReplacementIdentityVariants/nonempty-B\n"}
{"Time":"2026-09-06T17:27:52.034833+05:30","Action":"output","Package":"polymetrics.ai/cmd/connectorgen","Test":"TestVNextPublicationImmediateRollbackRejectsLateLeaseReplacementIdentityVariants/nonempty-B","Output":"--- PASS: TestVNextPublicationImmediateRollbackRejectsLateLeaseReplacementIdentityVariants/nonempty-B (0.97s)\n"}
{"Time":"2026-09-06T17:27:52.034852+05:30","Action":"pass","Package":"polymetrics.ai/cmd/connectorgen","Test":"TestVNextPublicationImmediateRollbackRejectsLateLeaseReplacementIdentityVariants/nonempty-B","Elapsed":0.97}
{"Time":"2026-09-06T17:27:52.034858+05:30","Action":"output","Package":"polymetrics.ai/cmd/connectorgen","Test":"TestVNextPublicationImmediateRollbackRejectsLateLeaseReplacementIdentityVariants","Output":"--- PASS: TestVNextPublicationImmediateRollbackRejectsLateLeaseReplacementIdentityVariants (2.04s)\n"}
{"Time":"2026-09-06T17:27:52.03487+05:30","Action":"pass","Package":"polymetrics.ai/cmd/connectorgen","Test":"TestVNextPublicationImmediateRollbackRejectsLateLeaseReplacementIdentityVariants","Elapsed":2.04}
{"Time":"2026-09-06T17:27:52.034877+05:30","Action":"run","Package":"polymetrics.ai/cmd/connectorgen","Test":"TestCP11ExpectedWitnessRejectsReplacedPriorRoot"}
{"Time":"2026-09-06T17:27:52.034888+05:30","Action":"output","Package":"polymetrics.ai/cmd/connectorgen","Test":"TestCP11ExpectedWitnessRejectsReplacedPriorRoot","Output":"=== RUN   TestCP11ExpectedWitnessRejectsReplacedPriorRoot\n"}
{"Time":"2026-09-06T17:27:52.974807+05:30","Action":"output","Package":"polymetrics.ai/cmd/connectorgen","Test":"TestCP11ExpectedWitnessRejectsReplacedPriorRoot","Output":"--- PASS: TestCP11ExpectedWitnessRejectsReplacedPriorRoot (0.94s)\n"}
{"Time":"2026-09-06T17:27:52.974829+05:30","Action":"pass","Package":"polymetrics.ai/cmd/connectorgen","Test":"TestCP11ExpectedWitnessRejectsReplacedPriorRoot","Elapsed":0.94}
{"Time":"2026-09-06T17:27:52.974837+05:30","Action":"run","Package":"polymetrics.ai/cmd/connectorgen","Test":"TestCP11ExpectedTreeRejectsWrongReadableState"}
{"Time":"2026-09-06T17:27:52.97484+05:30","Action":"output","Package":"polymetrics.ai/cmd/connectorgen","Test":"TestCP11ExpectedTreeRejectsWrongReadableState","Output":"=== RUN   TestCP11ExpectedTreeRejectsWrongReadableState\n"}
{"Time":"2026-09-06T17:27:52.974884+05:30","Action":"run","Package":"polymetrics.ai/cmd/connectorgen","Test":"TestCP11ExpectedTreeRejectsWrongReadableState/same-bytes-wrong-inode"}
{"Time":"2026-09-06T17:27:52.974888+05:30","Action":"output","Package":"polymetrics.ai/cmd/connectorgen","Test":"TestCP11ExpectedTreeRejectsWrongReadableState/same-bytes-wrong-inode","Output":"=== RUN   TestCP11ExpectedTreeRejectsWrongReadableState/same-bytes-wrong-inode\n"}
{"Time":"2026-09-06T17:27:52.975924+05:30","Action":"output","Package":"polymetrics.ai/cmd/connectorgen","Test":"TestCP11ExpectedTreeRejectsWrongReadableState/same-bytes-wrong-inode","Output":"--- PASS: TestCP11ExpectedTreeRejectsWrongReadableState/same-bytes-wrong-inode (0.00s)\n"}
{"Time":"2026-09-06T17:27:52.975931+05:30","Action":"pass","Package":"polymetrics.ai/cmd/connectorgen","Test":"TestCP11ExpectedTreeRejectsWrongReadableState/same-bytes-wrong-inode","Elapsed":0}
{"Time":"2026-09-06T17:27:52.975949+05:30","Action":"run","Package":"polymetrics.ai/cmd/connectorgen","Test":"TestCP11ExpectedTreeRejectsWrongReadableState/empty-B-replaced-by-C"}
{"Time":"2026-09-06T17:27:52.975952+05:30","Action":"output","Package":"polymetrics.ai/cmd/connectorgen","Test":"TestCP11ExpectedTreeRejectsWrongReadableState/empty-B-replaced-by-C","Output":"=== RUN   TestCP11ExpectedTreeRejectsWrongReadableState/empty-B-replaced-by-C\n"}
{"Time":"2026-09-06T17:27:52.976692+05:30","Action":"output","Package":"polymetrics.ai/cmd/connectorgen","Test":"TestCP11ExpectedTreeRejectsWrongReadableState/empty-B-replaced-by-C","Output":"--- PASS: TestCP11ExpectedTreeRejectsWrongReadableState/empty-B-replaced-by-C (0.00s)\n"}
{"Time":"2026-09-06T17:27:52.976699+05:30","Action":"pass","Package":"polymetrics.ai/cmd/connectorgen","Test":"TestCP11ExpectedTreeRejectsWrongReadableState/empty-B-replaced-by-C","Elapsed":0}
{"Time":"2026-09-06T17:27:52.976731+05:30","Action":"run","Package":"polymetrics.ai/cmd/connectorgen","Test":"TestCP11ExpectedTreeRejectsWrongReadableState/nonempty-B-replaced-by-C"}
{"Time":"2026-09-06T17:27:52.976735+05:30","Action":"output","Package":"polymetrics.ai/cmd/connectorgen","Test":"TestCP11ExpectedTreeRejectsWrongReadableState/nonempty-B-replaced-by-C","Output":"=== RUN   TestCP11ExpectedTreeRejectsWrongReadableState/nonempty-B-replaced-by-C\n"}
{"Time":"2026-09-06T17:27:52.977802+05:30","Action":"output","Package":"polymetrics.ai/cmd/connectorgen","Test":"TestCP11ExpectedTreeRejectsWrongReadableState/nonempty-B-replaced-by-C","Output":"--- PASS: TestCP11ExpectedTreeRejectsWrongReadableState/nonempty-B-replaced-by-C (0.00s)\n"}
{"Time":"2026-09-06T17:27:52.977808+05:30","Action":"pass","Package":"polymetrics.ai/cmd/connectorgen","Test":"TestCP11ExpectedTreeRejectsWrongReadableState/nonempty-B-replaced-by-C","Elapsed":0}
{"Time":"2026-09-06T17:27:52.977831+05:30","Action":"run","Package":"polymetrics.ai/cmd/connectorgen","Test":"TestCP11ExpectedTreeRejectsWrongReadableState/missing-history"}
{"Time":"2026-09-06T17:27:52.977834+05:30","Action":"output","Package":"polymetrics.ai/cmd/connectorgen","Test":"TestCP11ExpectedTreeRejectsWrongReadableState/missing-history","Output":"=== RUN   TestCP11ExpectedTreeRejectsWrongReadableState/missing-history\n"}
{"Time":"2026-09-06T17:27:52.978557+05:30","Action":"output","Package":"polymetrics.ai/cmd/connectorgen","Test":"TestCP11ExpectedTreeRejectsWrongReadableState/missing-history","Output":"--- PASS: TestCP11ExpectedTreeRejectsWrongReadableState/missing-history (0.00s)\n"}
{"Time":"2026-09-06T17:27:52.978563+05:30","Action":"pass","Package":"polymetrics.ai/cmd/connectorgen","Test":"TestCP11ExpectedTreeRejectsWrongReadableState/missing-history","Elapsed":0}
{"Time":"2026-09-06T17:27:52.978579+05:30","Action":"run","Package":"polymetrics.ai/cmd/connectorgen","Test":"TestCP11ExpectedTreeRejectsWrongReadableState/replaced-history"}
{"Time":"2026-09-06T17:27:52.978582+05:30","Action":"output","Package":"polymetrics.ai/cmd/connectorgen","Test":"TestCP11ExpectedTreeRejectsWrongReadableState/replaced-history","Output":"=== RUN   TestCP11ExpectedTreeRejectsWrongReadableState/replaced-history\n"}
{"Time":"2026-09-06T17:27:52.979533+05:30","Action":"output","Package":"polymetrics.ai/cmd/connectorgen","Test":"TestCP11ExpectedTreeRejectsWrongReadableState/replaced-history","Output":"--- PASS: TestCP11ExpectedTreeRejectsWrongReadableState/replaced-history (0.00s)\n"}
{"Time":"2026-09-06T17:27:52.97954+05:30","Action":"pass","Package":"polymetrics.ai/cmd/connectorgen","Test":"TestCP11ExpectedTreeRejectsWrongReadableState/replaced-history","Elapsed":0}
{"Time":"2026-09-06T17:27:52.979557+05:30","Action":"run","Package":"polymetrics.ai/cmd/connectorgen","Test":"TestCP11ExpectedTreeRejectsWrongReadableState/changed-bytes"}
{"Time":"2026-09-06T17:27:52.97956+05:30","Action":"output","Package":"polymetrics.ai/cmd/connectorgen","Test":"TestCP11ExpectedTreeRejectsWrongReadableState/changed-bytes","Output":"=== RUN   TestCP11ExpectedTreeRejectsWrongReadableState/changed-bytes\n"}
{"Time":"2026-09-06T17:27:52.980378+05:30","Action":"output","Package":"polymetrics.ai/cmd/connectorgen","Test":"TestCP11ExpectedTreeRejectsWrongReadableState/changed-bytes","Output":"--- PASS: TestCP11ExpectedTreeRejectsWrongReadableState/changed-bytes (0.00s)\n"}
{"Time":"2026-09-06T17:27:52.980384+05:30","Action":"pass","Package":"polymetrics.ai/cmd/connectorgen","Test":"TestCP11ExpectedTreeRejectsWrongReadableState/changed-bytes","Elapsed":0}
{"Time":"2026-09-06T17:27:52.9804+05:30","Action":"run","Package":"polymetrics.ai/cmd/connectorgen","Test":"TestCP11ExpectedTreeRejectsWrongReadableState/extra-member"}
{"Time":"2026-09-06T17:27:52.980403+05:30","Action":"output","Package":"polymetrics.ai/cmd/connectorgen","Test":"TestCP11ExpectedTreeRejectsWrongReadableState/extra-member","Output":"=== RUN   TestCP11ExpectedTreeRejectsWrongReadableState/extra-member\n"}
{"Time":"2026-09-06T17:27:52.981296+05:30","Action":"output","Package":"polymetrics.ai/cmd/connectorgen","Test":"TestCP11ExpectedTreeRejectsWrongReadableState/extra-member","Output":"--- PASS: TestCP11ExpectedTreeRejectsWrongReadableState/extra-member (0.00s)\n"}
{"Time":"2026-09-06T17:27:52.981302+05:30","Action":"pass","Package":"polymetrics.ai/cmd/connectorgen","Test":"TestCP11ExpectedTreeRejectsWrongReadableState/extra-member","Elapsed":0}
{"Time":"2026-09-06T17:27:52.981315+05:30","Action":"output","Package":"polymetrics.ai/cmd/connectorgen","Test":"TestCP11ExpectedTreeRejectsWrongReadableState","Output":"--- PASS: TestCP11ExpectedTreeRejectsWrongReadableState (0.01s)\n"}
{"Time":"2026-09-06T17:27:52.981322+05:30","Action":"pass","Package":"polymetrics.ai/cmd/connectorgen","Test":"TestCP11ExpectedTreeRejectsWrongReadableState","Elapsed":0.01}
{"Time":"2026-09-06T17:27:52.981344+05:30","Action":"run","Package":"polymetrics.ai/cmd/connectorgen","Test":"TestCP11ExpectedCleanupScheduleRejectsWrongPhase"}
{"Time":"2026-09-06T17:27:52.981347+05:30","Action":"output","Package":"polymetrics.ai/cmd/connectorgen","Test":"TestCP11ExpectedCleanupScheduleRejectsWrongPhase","Output":"=== RUN   TestCP11ExpectedCleanupScheduleRejectsWrongPhase\n"}
{"Time":"2026-09-06T17:27:53.351848+05:30","Action":"output","Package":"polymetrics.ai/cmd/connectorgen","Test":"TestCP11ExpectedCleanupScheduleRejectsWrongPhase","Output":"--- PASS: TestCP11ExpectedCleanupScheduleRejectsWrongPhase (0.37s)\n"}
{"Time":"2026-09-06T17:27:53.351875+05:30","Action":"pass","Package":"polymetrics.ai/cmd/connectorgen","Test":"TestCP11ExpectedCleanupScheduleRejectsWrongPhase","Elapsed":0.37}
{"Time":"2026-09-06T17:27:53.351885+05:30","Action":"run","Package":"polymetrics.ai/cmd/connectorgen","Test":"TestCP11F03ARepairPostRecordFailureRetainsCoherentAuthority"}
{"Time":"2026-09-06T17:27:53.351889+05:30","Action":"output","Package":"polymetrics.ai/cmd/connectorgen","Test":"TestCP11F03ARepairPostRecordFailureRetainsCoherentAuthority","Output":"=== RUN   TestCP11F03ARepairPostRecordFailureRetainsCoherentAuthority\n"}
{"Time":"2026-09-06T17:27:54.584666+05:30","Action":"output","Package":"polymetrics.ai/cmd/connectorgen","Test":"TestCP11F03ARepairPostRecordFailureRetainsCoherentAuthority","Output":"--- PASS: TestCP11F03ARepairPostRecordFailureRetainsCoherentAuthority (1.23s)\n"}
{"Time":"2026-09-06T17:27:54.584701+05:30","Action":"pass","Package":"polymetrics.ai/cmd/connectorgen","Test":"TestCP11F03ARepairPostRecordFailureRetainsCoherentAuthority","Elapsed":1.23}
{"Time":"2026-09-06T17:27:54.584707+05:30","Action":"run","Package":"polymetrics.ai/cmd/connectorgen","Test":"TestCP11F03ARepairPreparationFrontierMatrix"}
{"Time":"2026-09-06T17:27:54.58471+05:30","Action":"output","Package":"polymetrics.ai/cmd/connectorgen","Test":"TestCP11F03ARepairPreparationFrontierMatrix","Output":"=== RUN   TestCP11F03ARepairPreparationFrontierMatrix\n"}
{"Time":"2026-09-06T17:27:54.584756+05:30","Action":"run","Package":"polymetrics.ai/cmd/connectorgen","Test":"TestCP11F03ARepairPreparationFrontierMatrix/JOURNAL-absent-to-present/before-record-operation-failure"}
{"Time":"2026-09-06T17:27:54.58476+05:30","Action":"output","Package":"polymetrics.ai/cmd/connectorgen","Test":"TestCP11F03ARepairPreparationFrontierMatrix/JOURNAL-absent-to-present/before-record-operation-failure","Output":"=== RUN   TestCP11F03ARepairPreparationFrontierMatrix/JOURNAL-absent-to-present/before-record-operation-failure\n"}
{"Time":"2026-09-06T17:27:55.615259+05:30","Action":"output","Package":"polymetrics.ai/cmd/connectorgen","Test":"TestCP11F03ARepairPreparationFrontierMatrix/JOURNAL-absent-to-present/before-record-operation-failure","Output":"--- PASS: TestCP11F03ARepairPreparationFrontierMatrix/JOURNAL-absent-to-present/before-record-operation-failure (1.03s)\n"}
{"Time":"2026-09-06T17:27:55.615285+05:30","Action":"pass","Package":"polymetrics.ai/cmd/connectorgen","Test":"TestCP11F03ARepairPreparationFrontierMatrix/JOURNAL-absent-to-present/before-record-operation-failure","Elapsed":1.03}
{"Time":"2026-09-06T17:27:55.615293+05:30","Action":"run","Package":"polymetrics.ai/cmd/connectorgen","Test":"TestCP11F03ARepairPreparationFrontierMatrix/JOURNAL-absent-to-present/record-short-write"}
{"Time":"2026-09-06T17:27:55.615297+05:30","Action":"output","Package":"polymetrics.ai/cmd/connectorgen","Test":"TestCP11F03ARepairPreparationFrontierMatrix/JOURNAL-absent-to-present/record-short-write","Output":"=== RUN   TestCP11F03ARepairPreparationFrontierMatrix/JOURNAL-absent-to-present/record-short-write\n"}
{"Time":"2026-09-06T17:27:56.593988+05:30","Action":"output","Package":"polymetrics.ai/cmd/connectorgen","Test":"TestCP11F03ARepairPreparationFrontierMatrix/JOURNAL-absent-to-present/record-short-write","Output":"--- PASS: TestCP11F03ARepairPreparationFrontierMatrix/JOURNAL-absent-to-present/record-short-write (0.98s)\n"}
{"Time":"2026-09-06T17:27:56.594011+05:30","Action":"pass","Package":"polymetrics.ai/cmd/connectorgen","Test":"TestCP11F03ARepairPreparationFrontierMatrix/JOURNAL-absent-to-present/record-short-write","Elapsed":0.98}
{"Time":"2026-09-06T17:27:56.594025+05:30","Action":"run","Package":"polymetrics.ai/cmd/connectorgen","Test":"TestCP11F03ARepairPreparationFrontierMatrix/JOURNAL-absent-to-present/record-sync-completion"}
{"Time":"2026-09-06T17:27:56.594028+05:30","Action":"output","Package":"polymetrics.ai/cmd/connectorgen","Test":"TestCP11F03ARepairPreparationFrontierMatrix/JOURNAL-absent-to-present/record-sync-completion","Output":"=== RUN   TestCP11F03ARepairPreparationFrontierMatrix/JOURNAL-absent-to-present/record-sync-completion\n"}
{"Time":"2026-09-06T17:27:57.806541+05:30","Action":"output","Package":"polymetrics.ai/cmd/connectorgen","Test":"TestCP11F03ARepairPreparationFrontierMatrix/JOURNAL-absent-to-present/record-sync-completion","Output":"--- PASS: TestCP11F03ARepairPreparationFrontierMatrix/JOURNAL-absent-to-present/record-sync-completion (1.21s)\n"}
{"Time":"2026-09-06T17:27:57.806574+05:30","Action":"pass","Package":"polymetrics.ai/cmd/connectorgen","Test":"TestCP11F03ARepairPreparationFrontierMatrix/JOURNAL-absent-to-present/record-sync-completion","Elapsed":1.21}
{"Time":"2026-09-06T17:27:57.806582+05:30","Action":"run","Package":"polymetrics.ai/cmd/connectorgen","Test":"TestCP11F03ARepairPreparationFrontierMatrix/JOURNAL-absent-to-present/record-close-completion"}
{"Time":"2026-09-06T17:27:57.806586+05:30","Action":"output","Package":"polymetrics.ai/cmd/connectorgen","Test":"TestCP11F03ARepairPreparationFrontierMatrix/JOURNAL-absent-to-present/record-close-completion","Output":"=== RUN   TestCP11F03ARepairPreparationFrontierMatrix/JOURNAL-absent-to-present/record-close-completion\n"}
{"Time":"2026-09-06T17:27:58.980654+05:30","Action":"output","Package":"polymetrics.ai/cmd/connectorgen","Test":"TestCP11F03ARepairPreparationFrontierMatrix/JOURNAL-absent-to-present/record-close-completion","Output":"--- PASS: TestCP11F03ARepairPreparationFrontierMatrix/JOURNAL-absent-to-present/record-close-completion (1.17s)\n"}
{"Time":"2026-09-06T17:27:58.980676+05:30","Action":"pass","Package":"polymetrics.ai/cmd/connectorgen","Test":"TestCP11F03ARepairPreparationFrontierMatrix/JOURNAL-absent-to-present/record-close-completion","Elapsed":1.17}
{"Time":"2026-09-06T17:27:58.980687+05:30","Action":"run","Package":"polymetrics.ai/cmd/connectorgen","Test":"TestCP11F03ARepairPreparationFrontierMatrix/JOURNAL-absent-to-present/post-record"}
{"Time":"2026-09-06T17:27:58.980691+05:30","Action":"output","Package":"polymetrics.ai/cmd/connectorgen","Test":"TestCP11F03ARepairPreparationFrontierMatrix/JOURNAL-absent-to-present/post-record","Output":"=== RUN   TestCP11F03ARepairPreparationFrontierMatrix/JOURNAL-absent-to-present/post-record\n"}
{"Time":"2026-09-06T17:28:00.214747+05:30","Action":"output","Package":"polymetrics.ai/cmd/connectorgen","Test":"TestCP11F03ARepairPreparationFrontierMatrix/JOURNAL-absent-to-present/post-record","Output":"--- PASS: TestCP11F03ARepairPreparationFrontierMatrix/JOURNAL-absent-to-present/post-record (1.23s)\n"}
{"Time":"2026-09-06T17:28:00.214771+05:30","Action":"pass","Package":"polymetrics.ai/cmd/connectorgen","Test":"TestCP11F03ARepairPreparationFrontierMatrix/JOURNAL-absent-to-present/post-record","Elapsed":1.23}
{"Time":"2026-09-06T17:28:00.21478+05:30","Action":"run","Package":"polymetrics.ai/cmd/connectorgen","Test":"TestCP11F03ARepairPreparationFrontierMatrix/JOURNAL-absent-to-present/post-transaction-sync"}
{"Time":"2026-09-06T17:28:00.214784+05:30","Action":"output","Package":"polymetrics.ai/cmd/connectorgen","Test":"TestCP11F03ARepairPreparationFrontierMatrix/JOURNAL-absent-to-present/post-transaction-sync","Output":"=== RUN   TestCP11F03ARepairPreparationFrontierMatrix/JOURNAL-absent-to-present/post-transaction-sync\n"}
{"Time":"2026-09-06T17:28:01.423845+05:30","Action":"output","Package":"polymetrics.ai/cmd/connectorgen","Test":"TestCP11F03ARepairPreparationFrontierMatrix/JOURNAL-absent-to-present/post-transaction-sync","Output":"--- PASS: TestCP11F03ARepairPreparationFrontierMatrix/JOURNAL-absent-to-present/post-transaction-sync (1.21s)\n"}
{"Time":"2026-09-06T17:28:01.423876+05:30","Action":"pass","Package":"polymetrics.ai/cmd/connectorgen","Test":"TestCP11F03ARepairPreparationFrontierMatrix/JOURNAL-absent-to-present/post-transaction-sync","Elapsed":1.21}
{"Time":"2026-09-06T17:28:01.423884+05:30","Action":"run","Package":"polymetrics.ai/cmd/connectorgen","Test":"TestCP11F03ARepairPreparationFrontierMatrix/JOURNAL-absent-to-present/post-connector-sync"}
{"Time":"2026-09-06T17:28:01.423887+05:30","Action":"output","Package":"polymetrics.ai/cmd/connectorgen","Test":"TestCP11F03ARepairPreparationFrontierMatrix/JOURNAL-absent-to-present/post-connector-sync","Output":"=== RUN   TestCP11F03ARepairPreparationFrontierMatrix/JOURNAL-absent-to-present/post-connector-sync\n"}
{"Time":"2026-09-06T17:28:02.664558+05:30","Action":"output","Package":"polymetrics.ai/cmd/connectorgen","Test":"TestCP11F03ARepairPreparationFrontierMatrix/JOURNAL-absent-to-present/post-connector-sync","Output":"--- PASS: TestCP11F03ARepairPreparationFrontierMatrix/JOURNAL-absent-to-present/post-connector-sync (1.24s)\n"}
{"Time":"2026-09-06T17:28:02.664606+05:30","Action":"pass","Package":"polymetrics.ai/cmd/connectorgen","Test":"TestCP11F03ARepairPreparationFrontierMatrix/JOURNAL-absent-to-present/post-connector-sync","Elapsed":1.24}
{"Time":"2026-09-06T17:28:02.664614+05:30","Action":"run","Package":"polymetrics.ai/cmd/connectorgen","Test":"TestCP11F03ARepairPreparationFrontierMatrix/CURRENT-present-to-present/before-record-operation-failure"}
{"Time":"2026-09-06T17:28:02.664617+05:30","Action":"output","Package":"polymetrics.ai/cmd/connectorgen","Test":"TestCP11F03ARepairPreparationFrontierMatrix/CURRENT-present-to-present/before-record-operation-failure","Output":"=== RUN   TestCP11F03ARepairPreparationFrontierMatrix/CURRENT-present-to-present/before-record-operation-failure\n"}
{"Time":"2026-09-06T17:28:03.66628+05:30","Action":"output","Package":"polymetrics.ai/cmd/connectorgen","Test":"TestCP11F03ARepairPreparationFrontierMatrix/CURRENT-present-to-present/before-record-operation-failure","Output":"--- PASS: TestCP11F03ARepairPreparationFrontierMatrix/CURRENT-present-to-present/before-record-operation-failure (1.00s)\n"}
{"Time":"2026-09-06T17:28:03.666302+05:30","Action":"pass","Package":"polymetrics.ai/cmd/connectorgen","Test":"TestCP11F03ARepairPreparationFrontierMatrix/CURRENT-present-to-present/before-record-operation-failure","Elapsed":1}
{"Time":"2026-09-06T17:28:03.666315+05:30","Action":"run","Package":"polymetrics.ai/cmd/connectorgen","Test":"TestCP11F03ARepairPreparationFrontierMatrix/CURRENT-present-to-present/record-short-write"}
{"Time":"2026-09-06T17:28:03.66632+05:30","Action":"output","Package":"polymetrics.ai/cmd/connectorgen","Test":"TestCP11F03ARepairPreparationFrontierMatrix/CURRENT-present-to-present/record-short-write","Output":"=== RUN   TestCP11F03ARepairPreparationFrontierMatrix/CURRENT-present-to-present/record-short-write\n"}
{"Time":"2026-09-06T17:28:04.652422+05:30","Action":"output","Package":"polymetrics.ai/cmd/connectorgen","Test":"TestCP11F03ARepairPreparationFrontierMatrix/CURRENT-present-to-present/record-short-write","Output":"--- PASS: TestCP11F03ARepairPreparationFrontierMatrix/CURRENT-present-to-present/record-short-write (0.99s)\n"}
{"Time":"2026-09-06T17:28:04.652445+05:30","Action":"pass","Package":"polymetrics.ai/cmd/connectorgen","Test":"TestCP11F03ARepairPreparationFrontierMatrix/CURRENT-present-to-present/record-short-write","Elapsed":0.99}
{"Time":"2026-09-06T17:28:04.652453+05:30","Action":"run","Package":"polymetrics.ai/cmd/connectorgen","Test":"TestCP11F03ARepairPreparationFrontierMatrix/CURRENT-present-to-present/record-sync-completion"}
{"Time":"2026-09-06T17:28:04.652457+05:30","Action":"output","Package":"polymetrics.ai/cmd/connectorgen","Test":"TestCP11F03ARepairPreparationFrontierMatrix/CURRENT-present-to-present/record-sync-completion","Output":"=== RUN   TestCP11F03ARepairPreparationFrontierMatrix/CURRENT-present-to-present/record-sync-completion\n"}
{"Time":"2026-09-06T17:28:05.796072+05:30","Action":"output","Package":"polymetrics.ai/cmd/connectorgen","Test":"TestCP11F03ARepairPreparationFrontierMatrix/CURRENT-present-to-present/record-sync-completion","Output":"--- PASS: TestCP11F03ARepairPreparationFrontierMatrix/CURRENT-present-to-present/record-sync-completion (1.14s)\n"}
{"Time":"2026-09-06T17:28:05.796092+05:30","Action":"pass","Package":"polymetrics.ai/cmd/connectorgen","Test":"TestCP11F03ARepairPreparationFrontierMatrix/CURRENT-present-to-present/record-sync-completion","Elapsed":1.14}
{"Time":"2026-09-06T17:28:05.796109+05:30","Action":"run","Package":"polymetrics.ai/cmd/connectorgen","Test":"TestCP11F03ARepairPreparationFrontierMatrix/CURRENT-present-to-present/record-close-completion"}
{"Time":"2026-09-06T17:28:05.796114+05:30","Action":"output","Package":"polymetrics.ai/cmd/connectorgen","Test":"TestCP11F03ARepairPreparationFrontierMatrix/CURRENT-present-to-present/record-close-completion","Output":"=== RUN   TestCP11F03ARepairPreparationFrontierMatrix/CURRENT-present-to-present/record-close-completion\n"}
{"Time":"2026-09-06T17:28:06.888023+05:30","Action":"output","Package":"polymetrics.ai/cmd/connectorgen","Test":"TestCP11F03ARepairPreparationFrontierMatrix/CURRENT-present-to-present/record-close-completion","Output":"--- PASS: TestCP11F03ARepairPreparationFrontierMatrix/CURRENT-present-to-present/record-close-completion (1.09s)\n"}
{"Time":"2026-09-06T17:28:06.888053+05:30","Action":"pass","Package":"polymetrics.ai/cmd/connectorgen","Test":"TestCP11F03ARepairPreparationFrontierMatrix/CURRENT-present-to-present/record-close-completion","Elapsed":1.09}
{"Time":"2026-09-06T17:28:06.888063+05:30","Action":"run","Package":"polymetrics.ai/cmd/connectorgen","Test":"TestCP11F03ARepairPreparationFrontierMatrix/CURRENT-present-to-present/post-record"}
{"Time":"2026-09-06T17:28:06.888067+05:30","Action":"output","Package":"polymetrics.ai/cmd/connectorgen","Test":"TestCP11F03ARepairPreparationFrontierMatrix/CURRENT-present-to-present/post-record","Output":"=== RUN   TestCP11F03ARepairPreparationFrontierMatrix/CURRENT-present-to-present/post-record\n"}
{"Time":"2026-09-06T17:28:08.045649+05:30","Action":"output","Package":"polymetrics.ai/cmd/connectorgen","Test":"TestCP11F03ARepairPreparationFrontierMatrix/CURRENT-present-to-present/post-record","Output":"--- PASS: TestCP11F03ARepairPreparationFrontierMatrix/CURRENT-present-to-present/post-record (1.16s)\n"}
{"Time":"2026-09-06T17:28:08.045671+05:30","Action":"pass","Package":"polymetrics.ai/cmd/connectorgen","Test":"TestCP11F03ARepairPreparationFrontierMatrix/CURRENT-present-to-present/post-record","Elapsed":1.16}
{"Time":"2026-09-06T17:28:08.045686+05:30","Action":"run","Package":"polymetrics.ai/cmd/connectorgen","Test":"TestCP11F03ARepairPreparationFrontierMatrix/CURRENT-present-to-present/post-transaction-sync"}
{"Time":"2026-09-06T17:28:08.04569+05:30","Action":"output","Package":"polymetrics.ai/cmd/connectorgen","Test":"TestCP11F03ARepairPreparationFrontierMatrix/CURRENT-present-to-present/post-transaction-sync","Output":"=== RUN   TestCP11F03ARepairPreparationFrontierMatrix/CURRENT-present-to-present/post-transaction-sync\n"}
{"Time":"2026-09-06T17:28:09.129326+05:30","Action":"output","Package":"polymetrics.ai/cmd/connectorgen","Test":"TestCP11F03ARepairPreparationFrontierMatrix/CURRENT-present-to-present/post-transaction-sync","Output":"--- PASS: TestCP11F03ARepairPreparationFrontierMatrix/CURRENT-present-to-present/post-transaction-sync (1.08s)\n"}
{"Time":"2026-09-06T17:28:09.129349+05:30","Action":"pass","Package":"polymetrics.ai/cmd/connectorgen","Test":"TestCP11F03ARepairPreparationFrontierMatrix/CURRENT-present-to-present/post-transaction-sync","Elapsed":1.08}
{"Time":"2026-09-06T17:28:09.129363+05:30","Action":"run","Package":"polymetrics.ai/cmd/connectorgen","Test":"TestCP11F03ARepairPreparationFrontierMatrix/CURRENT-present-to-present/post-connector-sync"}
{"Time":"2026-09-06T17:28:09.129368+05:30","Action":"output","Package":"polymetrics.ai/cmd/connectorgen","Test":"TestCP11F03ARepairPreparationFrontierMatrix/CURRENT-present-to-present/post-connector-sync","Output":"=== RUN   TestCP11F03ARepairPreparationFrontierMatrix/CURRENT-present-to-present/post-connector-sync\n"}
{"Time":"2026-09-06T17:28:10.283182+05:30","Action":"output","Package":"polymetrics.ai/cmd/connectorgen","Test":"TestCP11F03ARepairPreparationFrontierMatrix/CURRENT-present-to-present/post-connector-sync","Output":"--- PASS: TestCP11F03ARepairPreparationFrontierMatrix/CURRENT-present-to-present/post-connector-sync (1.15s)\n"}
{"Time":"2026-09-06T17:28:10.283203+05:30","Action":"pass","Package":"polymetrics.ai/cmd/connectorgen","Test":"TestCP11F03ARepairPreparationFrontierMatrix/CURRENT-present-to-present/post-connector-sync","Elapsed":1.15}
{"Time":"2026-09-06T17:28:10.28324+05:30","Action":"run","Package":"polymetrics.ai/cmd/connectorgen","Test":"TestCP11F03ARepairPreparationFrontierMatrix/JOURNAL-present-to-absent/before-record-operation-failure"}
{"Time":"2026-09-06T17:28:10.283245+05:30","Action":"output","Package":"polymetrics.ai/cmd/connectorgen","Test":"TestCP11F03ARepairPreparationFrontierMatrix/JOURNAL-present-to-absent/before-record-operation-failure","Output":"=== RUN   TestCP11F03ARepairPreparationFrontierMatrix/JOURNAL-present-to-absent/before-record-operation-failure\n"}
{"Time":"2026-09-06T17:28:11.503551+05:30","Action":"output","Package":"polymetrics.ai/cmd/connectorgen","Test":"TestCP11F03ARepairPreparationFrontierMatrix/JOURNAL-present-to-absent/before-record-operation-failure","Output":"--- PASS: TestCP11F03ARepairPreparationFrontierMatrix/JOURNAL-present-to-absent/before-record-operation-failure (1.22s)\n"}
{"Time":"2026-09-06T17:28:11.50359+05:30","Action":"pass","Package":"polymetrics.ai/cmd/connectorgen","Test":"TestCP11F03ARepairPreparationFrontierMatrix/JOURNAL-present-to-absent/before-record-operation-failure","Elapsed":1.22}
{"Time":"2026-09-06T17:28:11.503597+05:30","Action":"run","Package":"polymetrics.ai/cmd/connectorgen","Test":"TestCP11F03ARepairPreparationFrontierMatrix/JOURNAL-present-to-absent/record-short-write"}
{"Time":"2026-09-06T17:28:11.503601+05:30","Action":"output","Package":"polymetrics.ai/cmd/connectorgen","Test":"TestCP11F03ARepairPreparationFrontierMatrix/JOURNAL-present-to-absent/record-short-write","Output":"=== RUN   TestCP11F03ARepairPreparationFrontierMatrix/JOURNAL-present-to-absent/record-short-write\n"}
{"Time":"2026-09-06T17:28:12.78248+05:30","Action":"output","Package":"polymetrics.ai/cmd/connectorgen","Test":"TestCP11F03ARepairPreparationFrontierMatrix/JOURNAL-present-to-absent/record-short-write","Output":"--- PASS: TestCP11F03ARepairPreparationFrontierMatrix/JOURNAL-present-to-absent/record-short-write (1.28s)\n"}
{"Time":"2026-09-06T17:28:12.782501+05:30","Action":"pass","Package":"polymetrics.ai/cmd/connectorgen","Test":"TestCP11F03ARepairPreparationFrontierMatrix/JOURNAL-present-to-absent/record-short-write","Elapsed":1.28}
{"Time":"2026-09-06T17:28:12.782519+05:30","Action":"run","Package":"polymetrics.ai/cmd/connectorgen","Test":"TestCP11F03ARepairPreparationFrontierMatrix/JOURNAL-present-to-absent/record-sync-completion"}
{"Time":"2026-09-06T17:28:12.782546+05:30","Action":"output","Package":"polymetrics.ai/cmd/connectorgen","Test":"TestCP11F03ARepairPreparationFrontierMatrix/JOURNAL-present-to-absent/record-sync-completion","Output":"=== RUN   TestCP11F03ARepairPreparationFrontierMatrix/JOURNAL-present-to-absent/record-sync-completion\n"}
{"Time":"2026-09-06T17:28:14.041055+05:30","Action":"output","Package":"polymetrics.ai/cmd/connectorgen","Test":"TestCP11F03ARepairPreparationFrontierMatrix/JOURNAL-present-to-absent/record-sync-completion","Output":"--- PASS: TestCP11F03ARepairPreparationFrontierMatrix/JOURNAL-present-to-absent/record-sync-completion (1.26s)\n"}
{"Time":"2026-09-06T17:28:14.041077+05:30","Action":"pass","Package":"polymetrics.ai/cmd/connectorgen","Test":"TestCP11F03ARepairPreparationFrontierMatrix/JOURNAL-present-to-absent/record-sync-completion","Elapsed":1.26}
{"Time":"2026-09-06T17:28:14.041095+05:30","Action":"run","Package":"polymetrics.ai/cmd/connectorgen","Test":"TestCP11F03ARepairPreparationFrontierMatrix/JOURNAL-present-to-absent/record-close-completion"}
{"Time":"2026-09-06T17:28:14.041111+05:30","Action":"output","Package":"polymetrics.ai/cmd/connectorgen","Test":"TestCP11F03ARepairPreparationFrontierMatrix/JOURNAL-present-to-absent/record-close-completion","Output":"=== RUN   TestCP11F03ARepairPreparationFrontierMatrix/JOURNAL-present-to-absent/record-close-completion\n"}
{"Time":"2026-09-06T17:28:15.350886+05:30","Action":"output","Package":"polymetrics.ai/cmd/connectorgen","Test":"TestCP11F03ARepairPreparationFrontierMatrix/JOURNAL-present-to-absent/record-close-completion","Output":"--- PASS: TestCP11F03ARepairPreparationFrontierMatrix/JOURNAL-present-to-absent/record-close-completion (1.31s)\n"}
{"Time":"2026-09-06T17:28:15.350912+05:30","Action":"pass","Package":"polymetrics.ai/cmd/connectorgen","Test":"TestCP11F03ARepairPreparationFrontierMatrix/JOURNAL-present-to-absent/record-close-completion","Elapsed":1.31}
{"Time":"2026-09-06T17:28:15.35092+05:30","Action":"run","Package":"polymetrics.ai/cmd/connectorgen","Test":"TestCP11F03ARepairPreparationFrontierMatrix/JOURNAL-present-to-absent/post-record"}
{"Time":"2026-09-06T17:28:15.350924+05:30","Action":"output","Package":"polymetrics.ai/cmd/connectorgen","Test":"TestCP11F03ARepairPreparationFrontierMatrix/JOURNAL-present-to-absent/post-record","Output":"=== RUN   TestCP11F03ARepairPreparationFrontierMatrix/JOURNAL-present-to-absent/post-record\n"}
{"Time":"2026-09-06T17:28:16.615257+05:30","Action":"output","Package":"polymetrics.ai/cmd/connectorgen","Test":"TestCP11F03ARepairPreparationFrontierMatrix/JOURNAL-present-to-absent/post-record","Output":"--- PASS: TestCP11F03ARepairPreparationFrontierMatrix/JOURNAL-present-to-absent/post-record (1.26s)\n"}
{"Time":"2026-09-06T17:28:16.615283+05:30","Action":"pass","Package":"polymetrics.ai/cmd/connectorgen","Test":"TestCP11F03ARepairPreparationFrontierMatrix/JOURNAL-present-to-absent/post-record","Elapsed":1.26}
{"Time":"2026-09-06T17:28:16.615291+05:30","Action":"run","Package":"polymetrics.ai/cmd/connectorgen","Test":"TestCP11F03ARepairPreparationFrontierMatrix/JOURNAL-present-to-absent/post-transaction-sync"}
{"Time":"2026-09-06T17:28:16.615295+05:30","Action":"output","Package":"polymetrics.ai/cmd/connectorgen","Test":"TestCP11F03ARepairPreparationFrontierMatrix/JOURNAL-present-to-absent/post-transaction-sync","Output":"=== RUN   TestCP11F03ARepairPreparationFrontierMatrix/JOURNAL-present-to-absent/post-transaction-sync\n"}
{"Time":"2026-09-06T17:28:17.875618+05:30","Action":"output","Package":"polymetrics.ai/cmd/connectorgen","Test":"TestCP11F03ARepairPreparationFrontierMatrix/JOURNAL-present-to-absent/post-transaction-sync","Output":"--- PASS: TestCP11F03ARepairPreparationFrontierMatrix/JOURNAL-present-to-absent/post-transaction-sync (1.26s)\n"}
{"Time":"2026-09-06T17:28:17.875642+05:30","Action":"pass","Package":"polymetrics.ai/cmd/connectorgen","Test":"TestCP11F03ARepairPreparationFrontierMatrix/JOURNAL-present-to-absent/post-transaction-sync","Elapsed":1.26}
{"Time":"2026-09-06T17:28:17.87565+05:30","Action":"run","Package":"polymetrics.ai/cmd/connectorgen","Test":"TestCP11F03ARepairPreparationFrontierMatrix/JOURNAL-present-to-absent/post-connector-sync"}
{"Time":"2026-09-06T17:28:17.875654+05:30","Action":"output","Package":"polymetrics.ai/cmd/connectorgen","Test":"TestCP11F03ARepairPreparationFrontierMatrix/JOURNAL-present-to-absent/post-connector-sync","Output":"=== RUN   TestCP11F03ARepairPreparationFrontierMatrix/JOURNAL-present-to-absent/post-connector-sync\n"}
{"Time":"2026-09-06T17:28:19.090479+05:30","Action":"output","Package":"polymetrics.ai/cmd/connectorgen","Test":"TestCP11F03ARepairPreparationFrontierMatrix/JOURNAL-present-to-absent/post-connector-sync","Output":"--- PASS: TestCP11F03ARepairPreparationFrontierMatrix/JOURNAL-present-to-absent/post-connector-sync (1.21s)\n"}
{"Time":"2026-09-06T17:28:19.090504+05:30","Action":"pass","Package":"polymetrics.ai/cmd/connectorgen","Test":"TestCP11F03ARepairPreparationFrontierMatrix/JOURNAL-present-to-absent/post-connector-sync","Elapsed":1.21}
{"Time":"2026-09-06T17:28:19.090525+05:30","Action":"output","Package":"polymetrics.ai/cmd/connectorgen","Test":"TestCP11F03ARepairPreparationFrontierMatrix","Output":"--- PASS: TestCP11F03ARepairPreparationFrontierMatrix (24.51s)\n"}
{"Time":"2026-09-06T17:28:19.09053+05:30","Action":"pass","Package":"polymetrics.ai/cmd/connectorgen","Test":"TestCP11F03ARepairPreparationFrontierMatrix","Elapsed":24.51}
{"Time":"2026-09-06T17:28:19.090534+05:30","Action":"run","Package":"polymetrics.ai/cmd/connectorgen","Test":"TestCP11F03ARepairBasePresentPresentAuthorityRecovers"}
{"Time":"2026-09-06T17:28:19.090537+05:30","Action":"output","Package":"polymetrics.ai/cmd/connectorgen","Test":"TestCP11F03ARepairBasePresentPresentAuthorityRecovers","Output":"=== RUN   TestCP11F03ARepairBasePresentPresentAuthorityRecovers\n"}
{"Time":"2026-09-06T17:28:19.090561+05:30","Action":"run","Package":"polymetrics.ai/cmd/connectorgen","Test":"TestCP11F03ARepairBasePresentPresentAuthorityRecovers/CURRENT"}
{"Time":"2026-09-06T17:28:19.090565+05:30","Action":"output","Package":"polymetrics.ai/cmd/connectorgen","Test":"TestCP11F03ARepairBasePresentPresentAuthorityRecovers/CURRENT","Output":"=== RUN   TestCP11F03ARepairBasePresentPresentAuthorityRecovers/CURRENT\n"}
{"Time":"2026-09-06T17:28:19.886146+05:30","Action":"output","Package":"polymetrics.ai/cmd/connectorgen","Test":"TestCP11F03ARepairBasePresentPresentAuthorityRecovers/CURRENT","Output":"--- PASS: TestCP11F03ARepairBasePresentPresentAuthorityRecovers/CURRENT (0.80s)\n"}
{"Time":"2026-09-06T17:28:19.88617+05:30","Action":"pass","Package":"polymetrics.ai/cmd/connectorgen","Test":"TestCP11F03ARepairBasePresentPresentAuthorityRecovers/CURRENT","Elapsed":0.8}
{"Time":"2026-09-06T17:28:19.886189+05:30","Action":"run","Package":"polymetrics.ai/cmd/connectorgen","Test":"TestCP11F03ARepairBasePresentPresentAuthorityRecovers/JOURNAL"}
{"Time":"2026-09-06T17:28:19.886194+05:30","Action":"output","Package":"polymetrics.ai/cmd/connectorgen","Test":"TestCP11F03ARepairBasePresentPresentAuthorityRecovers/JOURNAL","Output":"=== RUN   TestCP11F03ARepairBasePresentPresentAuthorityRecovers/JOURNAL\n"}
{"Time":"2026-09-06T17:28:20.883969+05:30","Action":"output","Package":"polymetrics.ai/cmd/connectorgen","Test":"TestCP11F03ARepairBasePresentPresentAuthorityRecovers/JOURNAL","Output":"--- PASS: TestCP11F03ARepairBasePresentPresentAuthorityRecovers/JOURNAL (1.00s)\n"}
{"Time":"2026-09-06T17:28:20.883999+05:30","Action":"pass","Package":"polymetrics.ai/cmd/connectorgen","Test":"TestCP11F03ARepairBasePresentPresentAuthorityRecovers/JOURNAL","Elapsed":1}
{"Time":"2026-09-06T17:28:20.884007+05:30","Action":"output","Package":"polymetrics.ai/cmd/connectorgen","Test":"TestCP11F03ARepairBasePresentPresentAuthorityRecovers","Output":"--- PASS: TestCP11F03ARepairBasePresentPresentAuthorityRecovers (1.79s)\n"}
{"Time":"2026-09-06T17:28:20.884011+05:30","Action":"pass","Package":"polymetrics.ai/cmd/connectorgen","Test":"TestCP11F03ARepairBasePresentPresentAuthorityRecovers","Elapsed":1.79}
{"Time":"2026-09-06T17:28:20.884051+05:30","Action":"run","Package":"polymetrics.ai/cmd/connectorgen","Test":"TestCP11FinalPruneOracleRejectsWrongFixture"}
{"Time":"2026-09-06T17:28:20.884056+05:30","Action":"output","Package":"polymetrics.ai/cmd/connectorgen","Test":"TestCP11FinalPruneOracleRejectsWrongFixture","Output":"=== RUN   TestCP11FinalPruneOracleRejectsWrongFixture\n"}
{"Time":"2026-09-06T17:28:20.884111+05:30","Action":"run","Package":"polymetrics.ai/cmd/connectorgen","Test":"TestCP11FinalPruneOracleRejectsWrongFixture/correct-N"}
{"Time":"2026-09-06T17:28:20.884122+05:30","Action":"output","Package":"polymetrics.ai/cmd/connectorgen","Test":"TestCP11FinalPruneOracleRejectsWrongFixture/correct-N","Output":"=== RUN   TestCP11FinalPruneOracleRejectsWrongFixture/correct-N\n"}
{"Time":"2026-09-06T17:28:21.684867+05:30","Action":"output","Package":"polymetrics.ai/cmd/connectorgen","Test":"TestCP11FinalPruneOracleRejectsWrongFixture/correct-N","Output":"--- PASS: TestCP11FinalPruneOracleRejectsWrongFixture/correct-N (0.80s)\n"}
{"Time":"2026-09-06T17:28:21.684897+05:30","Action":"pass","Package":"polymetrics.ai/cmd/connectorgen","Test":"TestCP11FinalPruneOracleRejectsWrongFixture/correct-N","Elapsed":0.8}
{"Time":"2026-09-06T17:28:21.684909+05:30","Action":"run","Package":"polymetrics.ai/cmd/connectorgen","Test":"TestCP11FinalPruneOracleRejectsWrongFixture/coherent-Q-not-N"}
{"Time":"2026-09-06T17:28:21.684913+05:30","Action":"output","Package":"polymetrics.ai/cmd/connectorgen","Test":"TestCP11FinalPruneOracleRejectsWrongFixture/coherent-Q-not-N","Output":"=== RUN   TestCP11FinalPruneOracleRejectsWrongFixture/coherent-Q-not-N\n"}
{"Time":"2026-09-06T17:28:22.475286+05:30","Action":"output","Package":"polymetrics.ai/cmd/connectorgen","Test":"TestCP11FinalPruneOracleRejectsWrongFixture/coherent-Q-not-N","Output":"--- PASS: TestCP11FinalPruneOracleRejectsWrongFixture/coherent-Q-not-N (0.79s)\n"}
{"Time":"2026-09-06T17:28:22.475306+05:30","Action":"pass","Package":"polymetrics.ai/cmd/connectorgen","Test":"TestCP11FinalPruneOracleRejectsWrongFixture/coherent-Q-not-N","Elapsed":0.79}
{"Time":"2026-09-06T17:28:22.475314+05:30","Action":"output","Package":"polymetrics.ai/cmd/connectorgen","Test":"TestCP11FinalPruneOracleRejectsWrongFixture","Output":"--- PASS: TestCP11FinalPruneOracleRejectsWrongFixture (1.59s)\n"}
{"Time":"2026-09-06T17:28:22.475318+05:30","Action":"pass","Package":"polymetrics.ai/cmd/connectorgen","Test":"TestCP11FinalPruneOracleRejectsWrongFixture","Elapsed":1.59}
{"Time":"2026-09-06T17:28:22.475333+05:30","Action":"run","Package":"polymetrics.ai/cmd/connectorgen","Test":"TestCP11PreparedOracleRejectsWrongIntendedPayload"}
{"Time":"2026-09-06T17:28:22.475337+05:30","Action":"output","Package":"polymetrics.ai/cmd/connectorgen","Test":"TestCP11PreparedOracleRejectsWrongIntendedPayload","Output":"=== RUN   TestCP11PreparedOracleRejectsWrongIntendedPayload\n"}
{"Time":"2026-09-06T17:28:22.475366+05:30","Action":"run","Package":"polymetrics.ai/cmd/connectorgen","Test":"TestCP11PreparedOracleRejectsWrongIntendedPayload/correct-prepared"}
{"Time":"2026-09-06T17:28:22.475371+05:30","Action":"output","Package":"polymetrics.ai/cmd/connectorgen","Test":"TestCP11PreparedOracleRejectsWrongIntendedPayload/correct-prepared","Output":"=== RUN   TestCP11PreparedOracleRejectsWrongIntendedPayload/correct-prepared\n"}
{"Time":"2026-09-06T17:28:22.942078+05:30","Action":"output","Package":"polymetrics.ai/cmd/connectorgen","Test":"TestCP11PreparedOracleRejectsWrongIntendedPayload/correct-prepared","Output":"--- PASS: TestCP11PreparedOracleRejectsWrongIntendedPayload/correct-prepared (0.47s)\n"}
{"Time":"2026-09-06T17:28:22.942103+05:30","Action":"pass","Package":"polymetrics.ai/cmd/connectorgen","Test":"TestCP11PreparedOracleRejectsWrongIntendedPayload/correct-prepared","Elapsed":0.47}
{"Time":"2026-09-06T17:28:22.942122+05:30","Action":"run","Package":"polymetrics.ai/cmd/connectorgen","Test":"TestCP11PreparedOracleRejectsWrongIntendedPayload/well-formed-committed-not-prepared"}
{"Time":"2026-09-06T17:28:22.942135+05:30","Action":"output","Package":"polymetrics.ai/cmd/connectorgen","Test":"TestCP11PreparedOracleRejectsWrongIntendedPayload/well-formed-committed-not-prepared","Output":"=== RUN   TestCP11PreparedOracleRejectsWrongIntendedPayload/well-formed-committed-not-prepared\n"}
{"Time":"2026-09-06T17:28:23.358304+05:30","Action":"output","Package":"polymetrics.ai/cmd/connectorgen","Test":"TestCP11PreparedOracleRejectsWrongIntendedPayload/well-formed-committed-not-prepared","Output":"--- PASS: TestCP11PreparedOracleRejectsWrongIntendedPayload/well-formed-committed-not-prepared (0.42s)\n"}
{"Time":"2026-09-06T17:28:23.358319+05:30","Action":"pass","Package":"polymetrics.ai/cmd/connectorgen","Test":"TestCP11PreparedOracleRejectsWrongIntendedPayload/well-formed-committed-not-prepared","Elapsed":0.42}
{"Time":"2026-09-06T17:28:23.358324+05:30","Action":"output","Package":"polymetrics.ai/cmd/connectorgen","Test":"TestCP11PreparedOracleRejectsWrongIntendedPayload","Output":"--- PASS: TestCP11PreparedOracleRejectsWrongIntendedPayload (0.88s)\n"}
{"Time":"2026-09-06T17:28:23.358336+05:30","Action":"pass","Package":"polymetrics.ai/cmd/connectorgen","Test":"TestCP11PreparedOracleRejectsWrongIntendedPayload","Elapsed":0.88}
{"Time":"2026-09-06T17:28:23.358355+05:30","Action":"run","Package":"polymetrics.ai/cmd/connectorgen","Test":"TestCP11EarlyStageOracleRejectsChangedNonemptyA"}
{"Time":"2026-09-06T17:28:23.358359+05:30","Action":"output","Package":"polymetrics.ai/cmd/connectorgen","Test":"TestCP11EarlyStageOracleRejectsChangedNonemptyA","Output":"=== RUN   TestCP11EarlyStageOracleRejectsChangedNonemptyA\n"}
{"Time":"2026-09-06T17:28:23.782717+05:30","Action":"output","Package":"polymetrics.ai/cmd/connectorgen","Test":"TestCP11EarlyStageOracleRejectsChangedNonemptyA","Output":"--- PASS: TestCP11EarlyStageOracleRejectsChangedNonemptyA (0.42s)\n"}
{"Time":"2026-09-06T17:28:23.782738+05:30","Action":"pass","Package":"polymetrics.ai/cmd/connectorgen","Test":"TestCP11EarlyStageOracleRejectsChangedNonemptyA","Elapsed":0.42}
{"Time":"2026-09-06T17:28:23.782863+05:30","Action":"run","Package":"polymetrics.ai/cmd/connectorgen","Test":"TestCP11EarlyStageOracleRejectsSameByteReplacementA"}
{"Time":"2026-09-06T17:28:23.782891+05:30","Action":"output","Package":"polymetrics.ai/cmd/connectorgen","Test":"TestCP11EarlyStageOracleRejectsSameByteReplacementA","Output":"=== RUN   TestCP11EarlyStageOracleRejectsSameByteReplacementA\n"}
{"Time":"2026-09-06T17:28:24.209026+05:30","Action":"output","Package":"polymetrics.ai/cmd/connectorgen","Test":"TestCP11EarlyStageOracleRejectsSameByteReplacementA","Output":"--- PASS: TestCP11EarlyStageOracleRejectsSameByteReplacementA (0.43s)\n"}
{"Time":"2026-09-06T17:28:24.209046+05:30","Action":"pass","Package":"polymetrics.ai/cmd/connectorgen","Test":"TestCP11EarlyStageOracleRejectsSameByteReplacementA","Elapsed":0.43}
{"Time":"2026-09-06T17:28:24.209105+05:30","Action":"run","Package":"polymetrics.ai/cmd/connectorgen","Test":"TestCP11OwnershipRemainingControlStates"}
{"Time":"2026-09-06T17:28:24.209109+05:30","Action":"output","Package":"polymetrics.ai/cmd/connectorgen","Test":"TestCP11OwnershipRemainingControlStates","Output":"=== RUN   TestCP11OwnershipRemainingControlStates\n"}
{"Time":"2026-09-06T17:28:24.209191+05:30","Action":"run","Package":"polymetrics.ai/cmd/connectorgen","Test":"TestCP11OwnershipRemainingControlStates/CURRENT-absent-present"}
{"Time":"2026-09-06T17:28:24.209194+05:30","Action":"output","Package":"polymetrics.ai/cmd/connectorgen","Test":"TestCP11OwnershipRemainingControlStates/CURRENT-absent-present","Output":"=== RUN   TestCP11OwnershipRemainingControlStates/CURRENT-absent-present\n"}
{"Time":"2026-09-06T17:28:24.989795+05:30","Action":"output","Package":"polymetrics.ai/cmd/connectorgen","Test":"TestCP11OwnershipRemainingControlStates/CURRENT-absent-present","Output":"--- PASS: TestCP11OwnershipRemainingControlStates/CURRENT-absent-present (0.78s)\n"}
{"Time":"2026-09-06T17:28:24.989818+05:30","Action":"pass","Package":"polymetrics.ai/cmd/connectorgen","Test":"TestCP11OwnershipRemainingControlStates/CURRENT-absent-present","Elapsed":0.78}
{"Time":"2026-09-06T17:28:24.989824+05:30","Action":"run","Package":"polymetrics.ai/cmd/connectorgen","Test":"TestCP11OwnershipRemainingControlStates/CURRENT-present-absent"}
{"Time":"2026-09-06T17:28:24.989827+05:30","Action":"output","Package":"polymetrics.ai/cmd/connectorgen","Test":"TestCP11OwnershipRemainingControlStates/CURRENT-present-absent","Output":"=== RUN   TestCP11OwnershipRemainingControlStates/CURRENT-present-absent\n"}
{"Time":"2026-09-06T17:28:26.106162+05:30","Action":"output","Package":"polymetrics.ai/cmd/connectorgen","Test":"TestCP11OwnershipRemainingControlStates/CURRENT-present-absent","Output":"--- PASS: TestCP11OwnershipRemainingControlStates/CURRENT-present-absent (1.12s)\n"}
{"Time":"2026-09-06T17:28:26.106186+05:30","Action":"pass","Package":"polymetrics.ai/cmd/connectorgen","Test":"TestCP11OwnershipRemainingControlStates/CURRENT-present-absent","Elapsed":1.12}
{"Time":"2026-09-06T17:28:26.1062+05:30","Action":"run","Package":"polymetrics.ai/cmd/connectorgen","Test":"TestCP11OwnershipRemainingControlStates/JOURNAL-present-present"}
{"Time":"2026-09-06T17:28:26.106213+05:30","Action":"output","Package":"polymetrics.ai/cmd/connectorgen","Test":"TestCP11OwnershipRemainingControlStates/JOURNAL-present-present","Output":"=== RUN   TestCP11OwnershipRemainingControlStates/JOURNAL-present-present\n"}
{"Time":"2026-09-06T17:28:26.975634+05:30","Action":"output","Package":"polymetrics.ai/cmd/connectorgen","Test":"TestCP11OwnershipRemainingControlStates/JOURNAL-present-present","Output":"--- PASS: TestCP11OwnershipRemainingControlStates/JOURNAL-present-present (0.87s)\n"}
{"Time":"2026-09-06T17:28:26.975656+05:30","Action":"pass","Package":"polymetrics.ai/cmd/connectorgen","Test":"TestCP11OwnershipRemainingControlStates/JOURNAL-present-present","Elapsed":0.87}
{"Time":"2026-09-06T17:28:26.975662+05:30","Action":"run","Package":"polymetrics.ai/cmd/connectorgen","Test":"TestCP11OwnershipRemainingControlStates/JOURNAL-absent-absent-noop"}
{"Time":"2026-09-06T17:28:26.975665+05:30","Action":"output","Package":"polymetrics.ai/cmd/connectorgen","Test":"TestCP11OwnershipRemainingControlStates/JOURNAL-absent-absent-noop","Output":"=== RUN   TestCP11OwnershipRemainingControlStates/JOURNAL-absent-absent-noop\n"}
{"Time":"2026-09-06T17:28:27.641468+05:30","Action":"output","Package":"polymetrics.ai/cmd/connectorgen","Test":"TestCP11OwnershipRemainingControlStates/JOURNAL-absent-absent-noop","Output":"--- PASS: TestCP11OwnershipRemainingControlStates/JOURNAL-absent-absent-noop (0.67s)\n"}
{"Time":"2026-09-06T17:28:27.641494+05:30","Action":"pass","Package":"polymetrics.ai/cmd/connectorgen","Test":"TestCP11OwnershipRemainingControlStates/JOURNAL-absent-absent-noop","Elapsed":0.67}
{"Time":"2026-09-06T17:28:27.641521+05:30","Action":"output","Package":"polymetrics.ai/cmd/connectorgen","Test":"TestCP11OwnershipRemainingControlStates","Output":"--- PASS: TestCP11OwnershipRemainingControlStates (3.43s)\n"}
{"Time":"2026-09-06T17:28:27.641525+05:30","Action":"pass","Package":"polymetrics.ai/cmd/connectorgen","Test":"TestCP11OwnershipRemainingControlStates","Elapsed":3.43}
{"Time":"2026-09-06T17:28:27.641675+05:30","Action":"run","Package":"polymetrics.ai/cmd/connectorgen","Test":"TestVNextGenerationPublisherHeldGenerationUsesStableCleanupLock"}
{"Time":"2026-09-06T17:28:27.641682+05:30","Action":"output","Package":"polymetrics.ai/cmd/connectorgen","Test":"TestVNextGenerationPublisherHeldGenerationUsesStableCleanupLock","Output":"=== RUN   TestVNextGenerationPublisherHeldGenerationUsesStableCleanupLock\n"}
{"Time":"2026-09-06T17:28:27.641721+05:30","Action":"run","Package":"polymetrics.ai/cmd/connectorgen","Test":"TestVNextGenerationPublisherHeldGenerationUsesStableCleanupLock/prune"}
{"Time":"2026-09-06T17:28:27.641726+05:30","Action":"output","Package":"polymetrics.ai/cmd/connectorgen","Test":"TestVNextGenerationPublisherHeldGenerationUsesStableCleanupLock/prune","Output":"=== RUN   TestVNextGenerationPublisherHeldGenerationUsesStableCleanupLock/prune\n"}
{"Time":"2026-09-06T17:28:28.786598+05:30","Action":"output","Package":"polymetrics.ai/cmd/connectorgen","Test":"TestVNextGenerationPublisherHeldGenerationUsesStableCleanupLock/prune","Output":"--- PASS: TestVNextGenerationPublisherHeldGenerationUsesStableCleanupLock/prune (1.14s)\n"}
{"Time":"2026-09-06T17:28:28.786624+05:30","Action":"pass","Package":"polymetrics.ai/cmd/connectorgen","Test":"TestVNextGenerationPublisherHeldGenerationUsesStableCleanupLock/prune","Elapsed":1.14}
{"Time":"2026-09-06T17:28:28.786633+05:30","Action":"run","Package":"polymetrics.ai/cmd/connectorgen","Test":"TestVNextGenerationPublisherHeldGenerationUsesStableCleanupLock/publish"}
{"Time":"2026-09-06T17:28:28.786636+05:30","Action":"output","Package":"polymetrics.ai/cmd/connectorgen","Test":"TestVNextGenerationPublisherHeldGenerationUsesStableCleanupLock/publish","Output":"=== RUN   TestVNextGenerationPublisherHeldGenerationUsesStableCleanupLock/publish\n"}
{"Time":"2026-09-06T17:28:30.536065+05:30","Action":"output","Package":"polymetrics.ai/cmd/connectorgen","Test":"TestVNextGenerationPublisherHeldGenerationUsesStableCleanupLock/publish","Output":"--- PASS: TestVNextGenerationPublisherHeldGenerationUsesStableCleanupLock/publish (1.75s)\n"}
{"Time":"2026-09-06T17:28:30.536104+05:30","Action":"pass","Package":"polymetrics.ai/cmd/connectorgen","Test":"TestVNextGenerationPublisherHeldGenerationUsesStableCleanupLock/publish","Elapsed":1.75}
{"Time":"2026-09-06T17:28:30.536112+05:30","Action":"run","Package":"polymetrics.ai/cmd/connectorgen","Test":"TestVNextGenerationPublisherHeldGenerationUsesStableCleanupLock/recover"}
{"Time":"2026-09-06T17:28:30.536115+05:30","Action":"output","Package":"polymetrics.ai/cmd/connectorgen","Test":"TestVNextGenerationPublisherHeldGenerationUsesStableCleanupLock/recover","Output":"=== RUN   TestVNextGenerationPublisherHeldGenerationUsesStableCleanupLock/recover\n"}
{"Time":"2026-09-06T17:28:31.489642+05:30","Action":"output","Package":"polymetrics.ai/cmd/connectorgen","Test":"TestVNextGenerationPublisherHeldGenerationUsesStableCleanupLock/recover","Output":"--- PASS: TestVNextGenerationPublisherHeldGenerationUsesStableCleanupLock/recover (0.95s)\n"}
{"Time":"2026-09-06T17:28:31.489669+05:30","Action":"pass","Package":"polymetrics.ai/cmd/connectorgen","Test":"TestVNextGenerationPublisherHeldGenerationUsesStableCleanupLock/recover","Elapsed":0.95}
{"Time":"2026-09-06T17:28:31.489676+05:30","Action":"output","Package":"polymetrics.ai/cmd/connectorgen","Test":"TestVNextGenerationPublisherHeldGenerationUsesStableCleanupLock","Output":"--- PASS: TestVNextGenerationPublisherHeldGenerationUsesStableCleanupLock (3.85s)\n"}
{"Time":"2026-09-06T17:28:31.489679+05:30","Action":"pass","Package":"polymetrics.ai/cmd/connectorgen","Test":"TestVNextGenerationPublisherHeldGenerationUsesStableCleanupLock","Elapsed":3.85}
{"Time":"2026-09-06T17:28:31.489727+05:30","Action":"run","Package":"polymetrics.ai/cmd/connectorgen","Test":"TestVNextGenerationPublisherCheckIsReadOnly"}
{"Time":"2026-09-06T17:28:31.489732+05:30","Action":"output","Package":"polymetrics.ai/cmd/connectorgen","Test":"TestVNextGenerationPublisherCheckIsReadOnly","Output":"=== RUN   TestVNextGenerationPublisherCheckIsReadOnly\n"}
{"Time":"2026-09-06T17:28:32.502866+05:30","Action":"output","Package":"polymetrics.ai/cmd/connectorgen","Test":"TestVNextGenerationPublisherCheckIsReadOnly","Output":"--- PASS: TestVNextGenerationPublisherCheckIsReadOnly (1.01s)\n"}
{"Time":"2026-09-06T17:28:32.502895+05:30","Action":"pass","Package":"polymetrics.ai/cmd/connectorgen","Test":"TestVNextGenerationPublisherCheckIsReadOnly","Elapsed":1.01}
{"Time":"2026-09-06T17:28:32.502903+05:30","Action":"run","Package":"polymetrics.ai/cmd/connectorgen","Test":"TestVNextGenerationPublisherCheckRefusesPendingJournalWithoutRecovery"}
{"Time":"2026-09-06T17:28:32.502908+05:30","Action":"output","Package":"polymetrics.ai/cmd/connectorgen","Test":"TestVNextGenerationPublisherCheckRefusesPendingJournalWithoutRecovery","Output":"=== RUN   TestVNextGenerationPublisherCheckRefusesPendingJournalWithoutRecovery\n"}
{"Time":"2026-09-06T17:28:32.895191+05:30","Action":"output","Package":"polymetrics.ai/cmd/connectorgen","Test":"TestVNextGenerationPublisherCheckRefusesPendingJournalWithoutRecovery","Output":"--- PASS: TestVNextGenerationPublisherCheckRefusesPendingJournalWithoutRecovery (0.39s)\n"}
{"Time":"2026-09-06T17:28:32.895219+05:30","Action":"pass","Package":"polymetrics.ai/cmd/connectorgen","Test":"TestVNextGenerationPublisherCheckRefusesPendingJournalWithoutRecovery","Elapsed":0.39}
{"Time":"2026-09-06T17:28:32.895305+05:30","Action":"run","Package":"polymetrics.ai/cmd/connectorgen","Test":"TestVNextGenerationPublisherRefusesReplacedValidatedStageCleanup"}
{"Time":"2026-09-06T17:28:32.895312+05:30","Action":"output","Package":"polymetrics.ai/cmd/connectorgen","Test":"TestVNextGenerationPublisherRefusesReplacedValidatedStageCleanup","Output":"=== RUN   TestVNextGenerationPublisherRefusesReplacedValidatedStageCleanup\n"}
{"Time":"2026-09-06T17:28:33.910135+05:30","Action":"output","Package":"polymetrics.ai/cmd/connectorgen","Test":"TestVNextGenerationPublisherRefusesReplacedValidatedStageCleanup","Output":"--- PASS: TestVNextGenerationPublisherRefusesReplacedValidatedStageCleanup (1.01s)\n"}
{"Time":"2026-09-06T17:28:33.910163+05:30","Action":"pass","Package":"polymetrics.ai/cmd/connectorgen","Test":"TestVNextGenerationPublisherRefusesReplacedValidatedStageCleanup","Elapsed":1.01}
{"Time":"2026-09-06T17:28:33.910171+05:30","Action":"run","Package":"polymetrics.ai/cmd/connectorgen","Test":"TestVNextGenerationPublisherRefusesLateReplacedValidatedStageCleanup"}
{"Time":"2026-09-06T17:28:33.910174+05:30","Action":"output","Package":"polymetrics.ai/cmd/connectorgen","Test":"TestVNextGenerationPublisherRefusesLateReplacedValidatedStageCleanup","Output":"=== RUN   TestVNextGenerationPublisherRefusesLateReplacedValidatedStageCleanup\n"}
{"Time":"2026-09-06T17:28:34.953219+05:30","Action":"output","Package":"polymetrics.ai/cmd/connectorgen","Test":"TestVNextGenerationPublisherRefusesLateReplacedValidatedStageCleanup","Output":"--- PASS: TestVNextGenerationPublisherRefusesLateReplacedValidatedStageCleanup (1.04s)\n"}
{"Time":"2026-09-06T17:28:34.953245+05:30","Action":"pass","Package":"polymetrics.ai/cmd/connectorgen","Test":"TestVNextGenerationPublisherRefusesLateReplacedValidatedStageCleanup","Elapsed":1.04}
{"Time":"2026-09-06T17:28:34.953258+05:30","Action":"run","Package":"polymetrics.ai/cmd/connectorgen","Test":"TestVNextGenerationPublisherRefusesLateLeaseReplacementAcrossPublicCleanupCallers"}
{"Time":"2026-09-06T17:28:34.953274+05:30","Action":"output","Package":"polymetrics.ai/cmd/connectorgen","Test":"TestVNextGenerationPublisherRefusesLateLeaseReplacementAcrossPublicCleanupCallers","Output":"=== RUN   TestVNextGenerationPublisherRefusesLateLeaseReplacementAcrossPublicCleanupCallers\n"}
{"Time":"2026-09-06T17:28:34.953328+05:30","Action":"run","Package":"polymetrics.ai/cmd/connectorgen","Test":"TestVNextGenerationPublisherRefusesLateLeaseReplacementAcrossPublicCleanupCallers/prune"}
{"Time":"2026-09-06T17:28:34.953339+05:30","Action":"output","Package":"polymetrics.ai/cmd/connectorgen","Test":"TestVNextGenerationPublisherRefusesLateLeaseReplacementAcrossPublicCleanupCallers/prune","Output":"=== RUN   TestVNextGenerationPublisherRefusesLateLeaseReplacementAcrossPublicCleanupCallers/prune\n"}
{"Time":"2026-09-06T17:28:36.015448+05:30","Action":"output","Package":"polymetrics.ai/cmd/connectorgen","Test":"TestVNextGenerationPublisherRefusesLateLeaseReplacementAcrossPublicCleanupCallers/prune","Output":"--- PASS: TestVNextGenerationPublisherRefusesLateLeaseReplacementAcrossPublicCleanupCallers/prune (1.06s)\n"}
{"Time":"2026-09-06T17:28:36.015488+05:30","Action":"pass","Package":"polymetrics.ai/cmd/connectorgen","Test":"TestVNextGenerationPublisherRefusesLateLeaseReplacementAcrossPublicCleanupCallers/prune","Elapsed":1.06}
{"Time":"2026-09-06T17:28:36.015496+05:30","Action":"run","Package":"polymetrics.ai/cmd/connectorgen","Test":"TestVNextGenerationPublisherRefusesLateLeaseReplacementAcrossPublicCleanupCallers/no_journal_recovery"}
{"Time":"2026-09-06T17:28:36.0155+05:30","Action":"output","Package":"polymetrics.ai/cmd/connectorgen","Test":"TestVNextGenerationPublisherRefusesLateLeaseReplacementAcrossPublicCleanupCallers/no_journal_recovery","Output":"=== RUN   TestVNextGenerationPublisherRefusesLateLeaseReplacementAcrossPublicCleanupCallers/no_journal_recovery\n"}
{"Time":"2026-09-06T17:28:37.065003+05:30","Action":"output","Package":"polymetrics.ai/cmd/connectorgen","Test":"TestVNextGenerationPublisherRefusesLateLeaseReplacementAcrossPublicCleanupCallers/no_journal_recovery","Output":"--- PASS: TestVNextGenerationPublisherRefusesLateLeaseReplacementAcrossPublicCleanupCallers/no_journal_recovery (1.05s)\n"}
{"Time":"2026-09-06T17:28:37.065024+05:30","Action":"pass","Package":"polymetrics.ai/cmd/connectorgen","Test":"TestVNextGenerationPublisherRefusesLateLeaseReplacementAcrossPublicCleanupCallers/no_journal_recovery","Elapsed":1.05}
{"Time":"2026-09-06T17:28:37.065032+05:30","Action":"run","Package":"polymetrics.ai/cmd/connectorgen","Test":"TestVNextGenerationPublisherRefusesLateLeaseReplacementAcrossPublicCleanupCallers/publish_initial_recovery"}
{"Time":"2026-09-06T17:28:37.065035+05:30","Action":"output","Package":"polymetrics.ai/cmd/connectorgen","Test":"TestVNextGenerationPublisherRefusesLateLeaseReplacementAcrossPublicCleanupCallers/publish_initial_recovery","Output":"=== RUN   TestVNextGenerationPublisherRefusesLateLeaseReplacementAcrossPublicCleanupCallers/publish_initial_recovery\n"}
{"Time":"2026-09-06T17:28:38.164385+05:30","Action":"output","Package":"polymetrics.ai/cmd/connectorgen","Test":"TestVNextGenerationPublisherRefusesLateLeaseReplacementAcrossPublicCleanupCallers/publish_initial_recovery","Output":"--- PASS: TestVNextGenerationPublisherRefusesLateLeaseReplacementAcrossPublicCleanupCallers/publish_initial_recovery (1.10s)\n"}
{"Time":"2026-09-06T17:28:38.164409+05:30","Action":"pass","Package":"polymetrics.ai/cmd/connectorgen","Test":"TestVNextGenerationPublisherRefusesLateLeaseReplacementAcrossPublicCleanupCallers/publish_initial_recovery","Elapsed":1.1}
{"Time":"2026-09-06T17:28:38.164418+05:30","Action":"run","Package":"polymetrics.ai/cmd/connectorgen","Test":"TestVNextGenerationPublisherRefusesLateLeaseReplacementAcrossPublicCleanupCallers/open_transitive_recovery"}
{"Time":"2026-09-06T17:28:38.164431+05:30","Action":"output","Package":"polymetrics.ai/cmd/connectorgen","Test":"TestVNextGenerationPublisherRefusesLateLeaseReplacementAcrossPublicCleanupCallers/open_transitive_recovery","Output":"=== RUN   TestVNextGenerationPublisherRefusesLateLeaseReplacementAcrossPublicCleanupCallers/open_transitive_recovery\n"}
{"Time":"2026-09-06T17:28:39.208701+05:30","Action":"output","Package":"polymetrics.ai/cmd/connectorgen","Test":"TestVNextGenerationPublisherRefusesLateLeaseReplacementAcrossPublicCleanupCallers/open_transitive_recovery","Output":"--- PASS: TestVNextGenerationPublisherRefusesLateLeaseReplacementAcrossPublicCleanupCallers/open_transitive_recovery (1.04s)\n"}
{"Time":"2026-09-06T17:28:39.208726+05:30","Action":"pass","Package":"polymetrics.ai/cmd/connectorgen","Test":"TestVNextGenerationPublisherRefusesLateLeaseReplacementAcrossPublicCleanupCallers/open_transitive_recovery","Elapsed":1.04}
{"Time":"2026-09-06T17:28:39.208747+05:30","Action":"run","Package":"polymetrics.ai/cmd/connectorgen","Test":"TestVNextGenerationPublisherRefusesLateLeaseReplacementAcrossPublicCleanupCallers/prepared_journal/new-selected_recovery"}
{"Time":"2026-09-06T17:28:39.208751+05:30","Action":"output","Package":"polymetrics.ai/cmd/connectorgen","Test":"TestVNextGenerationPublisherRefusesLateLeaseReplacementAcrossPublicCleanupCallers/prepared_journal/new-selected_recovery","Output":"=== RUN   TestVNextGenerationPublisherRefusesLateLeaseReplacementAcrossPublicCleanupCallers/prepared_journal/new-selected_recovery\n"}
{"Time":"2026-09-06T17:28:40.10787+05:30","Action":"output","Package":"polymetrics.ai/cmd/connectorgen","Test":"TestVNextGenerationPublisherRefusesLateLeaseReplacementAcrossPublicCleanupCallers/prepared_journal/new-selected_recovery","Output":"--- PASS: TestVNextGenerationPublisherRefusesLateLeaseReplacementAcrossPublicCleanupCallers/prepared_journal/new-selected_recovery (0.90s)\n"}
{"Time":"2026-09-06T17:28:40.107898+05:30","Action":"pass","Package":"polymetrics.ai/cmd/connectorgen","Test":"TestVNextGenerationPublisherRefusesLateLeaseReplacementAcrossPublicCleanupCallers/prepared_journal/new-selected_recovery","Elapsed":0.9}
{"Time":"2026-09-06T17:28:40.107907+05:30","Action":"output","Package":"polymetrics.ai/cmd/connectorgen","Test":"TestVNextGenerationPublisherRefusesLateLeaseReplacementAcrossPublicCleanupCallers","Output":"--- PASS: TestVNextGenerationPublisherRefusesLateLeaseReplacementAcrossPublicCleanupCallers (5.15s)\n"}
{"Time":"2026-09-06T17:28:40.107911+05:30","Action":"pass","Package":"polymetrics.ai/cmd/connectorgen","Test":"TestVNextGenerationPublisherRefusesLateLeaseReplacementAcrossPublicCleanupCallers","Elapsed":5.15}
{"Time":"2026-09-06T17:28:40.108138+05:30","Action":"output","Package":"polymetrics.ai/cmd/connectorgen","Output":"PASS\n"}
{"Time":"2026-09-06T17:28:41.12039+05:30","Action":"output","Package":"polymetrics.ai/cmd/connectorgen","Output":"ok  \tpolymetrics.ai/cmd/connectorgen\t63.988s\n"}
{"Time":"2026-09-06T17:28:41.120559+05:30","Action":"pass","Package":"polymetrics.ai/cmd/connectorgen","Elapsed":63.989}
